Docker ready 1 29.5.2 linux aarch64
readiness_elapsed_s 0.11635841699899174
{"command": ["cargo", "+1.85.1", "test", "-p", "layerfs-sdk", "--all-features", "--locked", "--test", "live_docker", "--", "--nocapture", "--test-threads=1"], "LAYERFS_LIVE_DOCKER": "1", "LAYERFS_LIVE_DOCKER_IMAGE": "layerfs-issue90:55c0f273b8ffb561"}
    Finished `test` profile [unoptimized + debuginfo] target(s) in 0.06s
     Running tests/live_docker.rs (target/debug/deps/live_docker-50eca5969bb40ae2)

running 3 tests
test managed_container_lifecycle_and_disconnect_cleanup_are_exact ... live-metadata stage=sdk-resize-alias-rename-recreate-open-unlink-PASS
live-prefill stage=cold-ro-sdk-resize-rw-mmap-discard-PASS
ok
test ordinary_writes_queue_during_mapped_commit ... focused live cut container=layerfs-live-cut-12006
live-cut stage=peer-ended-with-primary-mappings-live
live-cut stage=first-commit
live-cut stage=sdk-edit path=held-a
live-cut stage=sdk-edit path=held-b
live-cut stage=second-commit
ok
test running_commands_and_dirty_mappings_continue_across_commit ... focused live cut container=layerfs-live-cut-12006
live-cut stage=peer-ended-with-primary-mappings-live
live-cut stage=first-commit
live-cut stage=sdk-edit path=held-a
live-cut stage=sdk-edit path=held-b
live-cut stage=second-commit
ok

test result: ok. 3 passed; 0 failed; 0 ignored; 0 measured; 0 filtered out; finished in 8.37s

