    Checking layerfs-fuse v0.1.3 (/Users/yifanxu/Ephemeral-AI-Lab/layerfs-issue91/crates/layerfs-fuse)
    Checking layerfs-layerstack-store v0.1.3 (/Users/yifanxu/Ephemeral-AI-Lab/layerfs-issue91/crates/layerfs-layerstack-store)
    Checking utf8parse v0.2.2
    Checking anstyle-parse v0.2.7
    Checking anstyle-query v1.1.5
    Checking anstyle v1.0.14
    Checking layerfs-workspace v0.1.3 (/Users/yifanxu/Ephemeral-AI-Lab/layerfs-issue91/crates/layerfs-workspace)
    Checking is_terminal_polyfill v1.70.2
    Checking colorchoice v1.0.5
    Checking anstream v0.6.21
   Compiling heck v0.5.0
    Checking strsim v0.11.1
    Checking clap_lex v0.7.7
    Checking clap_builder v4.5.48
    Checking layerfs-monitor v0.1.3 (/Users/yifanxu/Ephemeral-AI-Lab/layerfs-issue91/crates/layerfs-monitor)
    Checking layerfs-sdk v0.1.3 (/Users/yifanxu/Ephemeral-AI-Lab/layerfs-issue91/crates/layerfs-sdk)
   Compiling clap_derive v4.5.47
    Checking layerfs-eval v0.1.3 (/Users/yifanxu/Ephemeral-AI-Lab/layerfs-issue91/tools/layerfs-eval)
    Checking fs-benchmark-pro v0.1.3 (/Users/yifanxu/Ephemeral-AI-Lab/layerfs-issue91/benchmark/fs-bench-pro)
    Checking clap v4.5.48
    Checking layerfs-cli v0.1.3 (/Users/yifanxu/Ephemeral-AI-Lab/layerfs-issue91/crates/layerfs-cli)
    Checking layerfs-daemon v0.1.3 (/Users/yifanxu/Ephemeral-AI-Lab/layerfs-issue91/crates/layerfs-daemon)
    Finished `dev` profile [unoptimized + debuginfo] target(s) in 6.95s
