   Compiling layerfs-layerstack-store v0.1.3 (/Users/yifanxu/Ephemeral-AI-Lab/layerfs-issue90-storage-adoption/crates/layerfs-layerstack-store)
   Compiling layerfs-content v0.1.3 (/Users/yifanxu/Ephemeral-AI-Lab/layerfs-issue90-storage-adoption/crates/layerfs-content)
warning: unused imports: `BuiltRoot`, `DeferredObjectStore`, and `ObjectBuffer`
 --> crates/layerfs-layerstack-store/src/layerstack.rs:3:17
  |
3 |     empty_root, BuiltRoot, CheckedOutputAdmission, DeferredObjectStore,
  |                 ^^^^^^^^^                          ^^^^^^^^^^^^^^^^^^^
4 |     InitializationDirectAdmissionWriter, InitializationSqlPhase, ObjectBuffer, OutputWriterMetrics,
  |                                                                  ^^^^^^^^^^^^
  |
  = note: `#[warn(unused_imports)]` on by default

error[E0560]: struct `AdmissionSession` has no field named `retained`
    --> crates/layerfs-layerstack-store/src/objects.rs:1858:13
     |
1858 |             retained: std::sync::atomic::AtomicBool::new(false),
     |             ^^^^^^^^ `AdmissionSession` does not have this field
     |
     = note: available fields are: `state`

error[E0609]: no field `retained` on type `&AdmissionSession`
    --> crates/layerfs-layerstack-store/src/objects.rs:1864:14
     |
1864 |         self.retained
     |              ^^^^^^^^ unknown field
     |
     = note: available fields are: `db`, `baseline_pack`, `state`, `_permit`

error[E0597]: `statement` does not live long enough
    --> crates/layerfs-layerstack-store/src/objects.rs:1893:17
     |
1890 |                   let mut statement = connection.prepare(
     |                       ------------- binding `statement` declared here
...
1893 |                   statement
     |                   -^^^^^^^^
     |                   |
     |  _________________borrowed value does not live long enough
     | |
1894 | |                     .query_map(rusqlite::params![after, self.baseline_pack], |row| {
1895 | |                         row.get::<_, Vec<u8>>(0)
1896 | |                     })?
     | |_______________________- a temporary with access to the borrow is created here ...
1897 |                       .collect::<rusqlite::Result<Vec<_>>>()?
1898 |               };
     |               -- ... and the borrow might be used here, when that temporary is dropped and runs the destructor for type `ControlFlow<std::result::Result<Infallible, rusqlite::Error>, MappedRows<'_, {closure@crates/layerfs-layerstack-store/src/objects.rs:1894:78: 1894:83}>>`
     |               |
     |               `statement` dropped here while still borrowed
     |
     = note: the temporary is part of an expression at the end of a block;
             consider forcing this temporary to be dropped sooner, before the block's local variables are dropped
help: for example, you could save the expression's value in a new local variable `x` and then make `x` be the expression at the end of the block
     |
1893 ~                 let x = statement
1894 |                     .query_map(rusqlite::params![after, self.baseline_pack], |row| {
1895 |                         row.get::<_, Vec<u8>>(0)
1896 |                     })?
1897 ~                     .collect::<rusqlite::Result<Vec<_>>>()?; x
     |

Some errors have detailed explanations: E0560, E0597, E0609.
For more information about an error, try `rustc --explain E0560`.
warning: `layerfs-layerstack-store` (lib) generated 1 warning
error: could not compile `layerfs-layerstack-store` (lib) due to 3 previous errors; 1 warning emitted
warning: build failed, waiting for other jobs to finish...
