{
  "source": {
    "LAYERFS_SOURCE_COMMIT": "593f4ad018bf34b3f180baf66e1ae5cf40c36647",
    "LAYERFS_SOURCE_TREE": "755ad78b2fa090d5afda6c27a1086dd628b3ec91",
    "LAYERFS_SOURCE_DIRTY": "false",
    "LAYERFS_SOURCE_SEAL": "55c0f273b8ffb5612a0c907f4c4692084ef006e740c917bf34d82b07a3c315d7",
    "LAYERFS_PRODUCT_SEAL": "e279fce6024490e04833038dd834b21e2f5f31077730c9e255477eb648d2804c",
    "WORKLOAD_SOURCE_SHA256": "86a12224417d3972c29c62c134e019a0ce8e80cf5360df5394f3537e15901127"
  },
  "source_dirty_patch_sha256": "e3b0c44298fc1c149afbf4c8996fb92427ae41e4649b934ca495991b7852b855",
  "host": {
    "platform": "macOS-26.4.1-arm64-arm-64bit-Mach-O",
    "machine": "arm64",
    "cpu": "Apple M3 Max",
    "memory_bytes": 38654705664,
    "logical_cpus": 14
  },
  "build": {
    "native_toolchain": "rustc 1.85.1 (4eb161250 2025-03-15)\nbinary: rustc\ncommit-hash: 4eb161250e340c8f48f66e2b929ef4a5bed7c181\ncommit-date: 2025-03-15\nhost: aarch64-apple-darwin\nrelease: 1.85.1\nLLVM version: 19.1.7",
    "quality_toolchain": "rustc 1.96.0 (ac68faa20 2026-05-25)\nbinary: rustc\ncommit-hash: ac68faa20c58cbccd01ee7208bf3b6e93a7d7f96\ncommit-date: 2026-05-25\nhost: aarch64-apple-darwin\nrelease: 1.96.0\nLLVM version: 22.1.2",
    "native_profile": "debug; --locked; all-features for workspace tests",
    "linux_profile": "release aarch64-unknown-linux-gnu, Rust1.85.1, Cargo jobs2; proxy FUSE",
    "root_cargo_lock_sha256": "fec9b26aa7ae494b165bf57122894f8395436daf637eb2c807743cf1b1bbbf04",
    "schema7_sha256": "20dc087510af5f10540b02df4c6c1c1eb72fdd59685e70167ef843e7ce42ebf5"
  },
  "binaries": {
    "/Users/yifanxu/Ephemeral-AI-Lab/layerfs-issue90-storage-adoption/target/debug/layerfs": "6f444336c10e8137378b61ac12c15ef55e1ff66439978f94d7d5b4f307087f60",
    "/Users/yifanxu/Ephemeral-AI-Lab/layerfs-issue90-storage-adoption/target/debug/layerfs-daemon": "5aff94768f09bff4e30abe7e9fe68b071a0593dc9ce53563dae6d2ebf1a667e2",
    "/Users/yifanxu/Ephemeral-AI-Lab/layerfs-issue90-storage-adoption/target/debug/layerfs-fuse": "f004fdae6bfdb2a8b28b8f817f55291692bfbca7b788b9fb0285cd8fd3495f44",
    "/Users/yifanxu/Ephemeral-AI-Lab/layerfs-issue90-storage-adoption/target/debug/fs-benchmark-pro": "3974a3f8add946a223e08e554b77926e3d53b13ad642cb0f27ec812c5dc92165",
    "/Users/yifanxu/Ephemeral-AI-Lab/layerfs-issue90-storage-adoption/target/debug/layerfs-eval": "0e9a360f10c70a26f2a0a6a94c0d04fbc8e053fe1bfe215b4720d7d4112bad78",
    "/Users/yifanxu/Ephemeral-AI-Lab/layerfs-issue90-storage-adoption/target/debug/issue90-compatibility-probe": "644916b71231eb7611605ba8f2b2f32ebd18f6d8e9372bcb589c7503a59e8a93",
    "/Users/yifanxu/Ephemeral-AI-Lab/layerfs-issue90-storage-adoption/target/debug/deps/layerfs_layerstack_store-b5aa77f28d74615d": "aab68c8b2d832102e8587e5e149b7aa04942b443e669082e7aa2b4242493fc85",
    "/Users/yifanxu/Ephemeral-AI-Lab/layerfs-issue90-storage-adoption/target/debug/deps/live_docker-50eca5969bb40ae2": "4acf89851e8a7165b5c37889ae59b35341b4845a8b07e83ab166c8df01415d6d",
    "/Users/yifanxu/Ephemeral-AI-Lab/layerfs-issue90-storage-adoption/target/debug/deps/live_docker-c083fbb6b773c7df": "106532cae483b7653f2ec1e6a75cc6b2c5a0121b391dfa25825a6e8ab1b0f1d9"
  },
  "runtime_image": {
    "id": "sha256:bcdef310f25f5a430f4e6e8c8c312213d5561cd18d0d23955dcfbec5b8029299",
    "tags": [
      "layerfs-issue90:55c0f273b8ffb561"
    ],
    "labels": {
      "dev.layerfs.product-seal": "e279fce6024490e04833038dd834b21e2f5f31077730c9e255477eb648d2804c",
      "dev.layerfs.source-dirty": "false",
      "dev.layerfs.source-seal": "55c0f273b8ffb5612a0c907f4c4692084ef006e740c917bf34d82b07a3c315d7",
      "dev.layerfs.workload-source-sha256": "86a12224417d3972c29c62c134e019a0ce8e80cf5360df5394f3537e15901127",
      "org.opencontainers.image.revision": "593f4ad018bf34b3f180baf66e1ae5cf40c36647",
      "org.opencontainers.image.source": "https://github.com/Ephemeral-AI-Lab/layerfs",
      "org.opencontainers.image.source-tree": "755ad78b2fa090d5afda6c27a1086dd628b3ec91"
    },
    "architecture": "arm64",
    "os": "linux"
  },
  "older_probe": {
    "old_source_commit": "bfbc46c11dbb4d8dd949b54845e222cf42cd822f",
    "old_source_status": "",
    "scope": "Actual older source linked into a separate verifier; 8192-byte file Directory imports, full old/new readback, schema7 native rejection unchanged, schema6 alternating writes. Not an archived shipping binary.",
    "lock_sha256": "abbb04982d514607adfb34ed6fa2114d1f9d2edb36ee8caeb0d15b5e7aacd66e",
    "source_sha256": "6bf040c828daf3c113da949c119f9329d505feefdfd90fc939cd9ef904361b44"
  },
  "topology": {
    "store": "macOS host",
    "sdk": "macOS host",
    "daemon_fuse_workload": "Docker Linux arm64",
    "live_container_cpus": 2,
    "live_container_memory_bytes": 2147483648,
    "live_container_pids": 256
  }
}
