sdk-text-32k performance step=1 PASS
sdk-text-32k performance step=2 PASS
sdk-text-32k performance step=3 PASS
sdk-text-32k performance step=4 PASS
sdk-text-32k performance step=5 PASS
sdk-binary-8m performance step=1 PASS
sdk-binary-8m performance step=2 PASS
sdk-binary-8m performance step=3 PASS
sdk-binary-8m performance step=4 PASS
sdk-binary-8m performance step=5 PASS
fuse-text-32k performance step=1 PASS
fuse-text-32k performance step=2 PASS
fuse-text-32k performance step=3 PASS
fuse-text-32k performance step=4 PASS
fuse-text-32k performance step=5 PASS
fuse-binary-8m performance step=1 PASS
fuse-binary-8m performance step=2 PASS
fuse-binary-8m performance step=3 PASS
fuse-binary-8m performance step=4 PASS
fuse-binary-8m performance step=5 PASS
{"output": "/Users/yifanxu/Ephemeral-AI-Lab/layerfs-issue95-runs/terminal-frequent-edits", "mode": "performance", "status": "PASS"}
