{"phase": "inventory", "performance_cases": 198, "proof_cases": 29, "mismatches": []}
PERF payload_create_read payload-create-1m-compact-v2 PASS ran timer=pure_call_sum_ns elapsed_ns=32069958
PERF payload_create_read payload-create-10m-compact-v2 PASS ran timer=pure_call_sum_ns elapsed_ns=111216458
PERF payload_create_read payload-create-100m PASS ran timer=pure_call_sum_ns elapsed_ns=812658084
PERF payload_create_read payload-create-500m PASS ran timer=pure_call_sum_ns elapsed_ns=4051680834
PERF payload_create_read payload-random-read-1-compact-v2 PASS ran timer=pure_call_sum_ns elapsed_ns=16153126
PERF payload_create_read payload-random-read-10-compact-v2 PASS ran timer=pure_call_sum_ns elapsed_ns=17313458
PERF payload_create_read payload-random-read-100 PASS ran timer=pure_call_sum_ns elapsed_ns=64097416
PERF payload_create_read payload-random-read-500 PASS ran timer=pure_call_sum_ns elapsed_ns=240215376
PERF dedup_workspace_reuse dedup-workspace-exact-1-compact-v2 PASS ran timer=pure_call_sum_ns elapsed_ns=29375084
PERF dedup_workspace_reuse dedup-workspace-exact-10-compact-v2 PASS ran timer=pure_call_sum_ns elapsed_ns=92142542
PERF dedup_workspace_reuse dedup-workspace-exact-100 PASS ran timer=pure_call_sum_ns elapsed_ns=765039375
PERF dedup_workspace_reuse dedup-workspace-exact-500 PASS ran timer=pure_call_sum_ns elapsed_ns=3862174834
PERF dedup_workspace_reuse dedup-workspace-local-1-compact-v2 PASS ran timer=pure_call_sum_ns elapsed_ns=34646834
PERF dedup_workspace_reuse dedup-workspace-local-10-compact-v2 PASS ran timer=pure_call_sum_ns elapsed_ns=93566251
PERF dedup_workspace_reuse dedup-workspace-local-100 PASS ran timer=pure_call_sum_ns elapsed_ns=719706540
PERF dedup_workspace_reuse dedup-workspace-local-500 PASS ran timer=pure_call_sum_ns elapsed_ns=4094414876
PERF dedup_workspace_reuse dedup-workspace-unique-1-compact-v2 PASS ran timer=pure_call_sum_ns elapsed_ns=35399251
PERF dedup_workspace_reuse dedup-workspace-unique-10-compact-v2 PASS ran timer=pure_call_sum_ns elapsed_ns=110655874
PERF dedup_workspace_reuse dedup-workspace-unique-100 PASS ran timer=pure_call_sum_ns elapsed_ns=805309250
PERF dedup_workspace_reuse dedup-workspace-unique-500 PASS ran timer=pure_call_sum_ns elapsed_ns=4314144416
PERF dedup_workspace_reuse dedup-workspace-unique-1-base128-v3 PASS ran timer=pure_call_sum_ns elapsed_ns=36688333
PERF dedup_workspace_reuse dedup-workspace-unique-10-base128-v3 PASS ran timer=pure_call_sum_ns elapsed_ns=123878958
PERF dedup_cross_file dedup-cross-file-anchor-1 PASS ran timer=pure_call_sum_ns elapsed_ns=6478458
PERF dedup_cross_file dedup-cross-file-unique-10 PASS ran timer=pure_call_sum_ns elapsed_ns=41277916
PERF dedup_cross_file dedup-cross-file-unique-100 PASS ran timer=pure_call_sum_ns elapsed_ns=392153250
PERF dedup_cross_file dedup-cross-file-unique-500 PASS ran timer=pure_call_sum_ns elapsed_ns=1767145542
PERF dedup_cross_file dedup-cross-file-identical-10 PASS ran timer=pure_call_sum_ns elapsed_ns=18209125
PERF dedup_cross_file dedup-cross-file-identical-100 PASS ran timer=pure_call_sum_ns elapsed_ns=137005375
PERF dedup_cross_file dedup-cross-file-identical-500 PASS ran timer=pure_call_sum_ns elapsed_ns=663196333
PERF dedup_cross_file dedup-cross-file-mixed-10 PASS ran timer=pure_call_sum_ns elapsed_ns=34914167
PERF dedup_cross_file dedup-cross-file-mixed-100 PASS ran timer=pure_call_sum_ns elapsed_ns=360981833
PERF dedup_cross_file dedup-cross-file-mixed-500 PASS ran timer=pure_call_sum_ns elapsed_ns=1654478334
PERF dedup_cdc_locality dedup-cdc-overwrite-1 PASS ran timer=pure_call_sum_ns elapsed_ns=7088834
PERF dedup_cdc_locality dedup-cdc-overwrite-10 PASS ran timer=pure_call_sum_ns elapsed_ns=21643417
PERF dedup_cdc_locality dedup-cdc-overwrite-100 PASS ran timer=pure_call_sum_ns elapsed_ns=177461584
PERF dedup_cdc_locality dedup-cdc-overwrite-500 PASS ran timer=pure_call_sum_ns elapsed_ns=884666916
PERF dedup_cdc_locality dedup-cdc-insert-1 PASS ran timer=pure_call_sum_ns elapsed_ns=6568875
PERF dedup_cdc_locality dedup-cdc-insert-10 PASS ran timer=pure_call_sum_ns elapsed_ns=21154792
PERF dedup_cdc_locality dedup-cdc-insert-100 PASS ran timer=pure_call_sum_ns elapsed_ns=191290209
PERF dedup_cdc_locality dedup-cdc-insert-500 PASS ran timer=pure_call_sum_ns elapsed_ns=932394458
PERF dedup_cdc_locality dedup-cdc-delete-1 PASS ran timer=pure_call_sum_ns elapsed_ns=6826875
PERF dedup_cdc_locality dedup-cdc-delete-10 PASS ran timer=pure_call_sum_ns elapsed_ns=23151667
PERF dedup_cdc_locality dedup-cdc-delete-100 PASS ran timer=pure_call_sum_ns elapsed_ns=176584000
PERF dedup_cdc_locality dedup-cdc-delete-500 PASS ran timer=pure_call_sum_ns elapsed_ns=917832166
PERF dedup_cdc_locality dedup-cdc-common-body-1 PASS ran timer=pure_call_sum_ns elapsed_ns=7485750
PERF dedup_cdc_locality dedup-cdc-common-body-10 PASS ran timer=pure_call_sum_ns elapsed_ns=28841750
PERF dedup_cdc_locality dedup-cdc-common-body-100 PASS ran timer=pure_call_sum_ns elapsed_ns=239982625
PERF dedup_cdc_locality dedup-cdc-common-body-500 PASS ran timer=pure_call_sum_ns elapsed_ns=1211042041
PERF dedup_cdc_locality dedup-cdc-scattered-1 PASS ran timer=pure_call_sum_ns elapsed_ns=10418583
PERF dedup_cdc_locality dedup-cdc-scattered-10 PASS ran timer=pure_call_sum_ns elapsed_ns=44007000
PERF dedup_cdc_locality dedup-cdc-scattered-100 PASS ran timer=pure_call_sum_ns elapsed_ns=412799209
PERF dedup_cdc_locality dedup-cdc-scattered-500 PASS ran timer=pure_call_sum_ns elapsed_ns=1804054708
PERF edit_length_preserving overwrite-head-4k-on-1mib-ops-1 PASS ran timer=edit_commit_ns elapsed_ns=8239375
PERF edit_length_preserving overwrite-head-4k-on-10mib-ops-1 PASS ran timer=edit_commit_ns elapsed_ns=7955334
PERF edit_length_preserving overwrite-head-4k-on-100mib-ops-1 PASS ran timer=edit_commit_ns elapsed_ns=9269334
PERF edit_length_preserving overwrite-head-4k-on-500mib-ops-1 PASS ran timer=edit_commit_ns elapsed_ns=10193625
PERF edit_length_preserving overwrite-middle-4k-on-1mib-ops-1 PASS ran timer=edit_commit_ns elapsed_ns=8196042
PERF edit_length_preserving overwrite-middle-4k-on-10mib-ops-1 PASS ran timer=edit_commit_ns elapsed_ns=8911667
PERF edit_length_preserving overwrite-middle-4k-on-100mib-ops-1 PASS ran timer=edit_commit_ns elapsed_ns=10047750
PERF edit_length_preserving overwrite-middle-4k-on-500mib-ops-1 PASS ran timer=edit_commit_ns elapsed_ns=10358542
PERF edit_length_preserving overwrite-tail-4k-on-1mib-ops-1 PASS ran timer=edit_commit_ns elapsed_ns=7548792
PERF edit_length_preserving overwrite-tail-4k-on-10mib-ops-1 PASS ran timer=edit_commit_ns elapsed_ns=7853375
PERF edit_length_preserving overwrite-tail-4k-on-100mib-ops-1 PASS ran timer=edit_commit_ns elapsed_ns=8636667
PERF edit_length_preserving overwrite-tail-4k-on-500mib-ops-1 PASS ran timer=edit_commit_ns elapsed_ns=10325542
PERF edit_length_changing insert-middle-4k-on-1mib-ops-1 PASS ran timer=edit_commit_ns elapsed_ns=7726958
PERF edit_length_changing insert-middle-4k-on-10mib-ops-1 PASS ran timer=edit_commit_ns elapsed_ns=8464291
PERF edit_length_changing insert-middle-4k-on-100mib-ops-1 PASS ran timer=edit_commit_ns elapsed_ns=8477792
PERF edit_length_changing insert-middle-4k-on-500mib-result-capped-v2-ops-1 PASS ran timer=edit_commit_ns elapsed_ns=10011125
PERF edit_length_changing delete-middle-4k-on-1mib-ops-1 PASS ran timer=edit_commit_ns elapsed_ns=8123125
PERF edit_length_changing delete-middle-4k-on-10mib-ops-1 PASS ran timer=edit_commit_ns elapsed_ns=8646625
PERF edit_length_changing delete-middle-4k-on-100mib-ops-1 PASS ran timer=edit_commit_ns elapsed_ns=8865583
PERF edit_length_changing delete-middle-4k-on-500mib-ops-1 PASS ran timer=edit_commit_ns elapsed_ns=10591291
PERF edit_length_changing append-tail-4k-on-1mib-ops-1 PASS ran timer=edit_commit_ns elapsed_ns=6399125
PERF edit_length_changing append-tail-4k-on-10mib-ops-1 PASS ran timer=edit_commit_ns elapsed_ns=7328833
PERF edit_length_changing append-tail-4k-on-100mib-ops-1 PASS ran timer=edit_commit_ns elapsed_ns=9695583
PERF edit_length_changing append-tail-4k-on-500mib-result-capped-v2-ops-1 PASS ran timer=edit_commit_ns elapsed_ns=9864125
PERF edit_length_changing prepend-head-4k-on-1mib-ops-1 PASS ran timer=edit_commit_ns elapsed_ns=8160791
PERF edit_length_changing prepend-head-4k-on-10mib-ops-1 PASS ran timer=edit_commit_ns elapsed_ns=8807833
PERF edit_length_changing prepend-head-4k-on-100mib-ops-1 PASS ran timer=edit_commit_ns elapsed_ns=7967583
PERF edit_length_changing prepend-head-4k-on-500mib-result-capped-v2-ops-1 PASS ran timer=edit_commit_ns elapsed_ns=9351166
PERF edit_length_changing replace-grow-middle-2k-to-4k-on-1mib-ops-1 PASS ran timer=edit_commit_ns elapsed_ns=8309250
PERF edit_length_changing replace-grow-middle-2k-to-4k-on-10mib-ops-1 PASS ran timer=edit_commit_ns elapsed_ns=9571125
PERF edit_length_changing replace-grow-middle-2k-to-4k-on-100mib-ops-1 PASS ran timer=edit_commit_ns elapsed_ns=8758084
PERF edit_length_changing replace-grow-middle-2k-to-4k-on-500mib-result-capped-v2-ops-1 PASS ran timer=edit_commit_ns elapsed_ns=10686792
PERF edit_length_changing replace-shrink-middle-4k-to-2k-on-1mib-ops-1 PASS ran timer=edit_commit_ns elapsed_ns=8277667
PERF edit_length_changing replace-shrink-middle-4k-to-2k-on-10mib-ops-1 PASS ran timer=edit_commit_ns elapsed_ns=9271375
PERF edit_length_changing replace-shrink-middle-4k-to-2k-on-100mib-ops-1 PASS ran timer=edit_commit_ns elapsed_ns=8695625
PERF edit_length_changing replace-shrink-middle-4k-to-2k-on-500mib-ops-1 PASS ran timer=edit_commit_ns elapsed_ns=10113916
PERF edit_length_changing truncate-tail-4k-on-1mib-ops-1 PASS ran timer=edit_commit_ns elapsed_ns=7395417
PERF edit_length_changing truncate-tail-4k-on-10mib-ops-1 PASS ran timer=edit_commit_ns elapsed_ns=7364708
PERF edit_length_changing truncate-tail-4k-on-100mib-ops-1 PASS ran timer=edit_commit_ns elapsed_ns=9309083
PERF edit_length_changing truncate-tail-4k-on-500mib-ops-1 PASS ran timer=edit_commit_ns elapsed_ns=9168291
PERF edit_length_changing zero-extend-tail-4k-on-1mib-ops-1 PASS ran timer=edit_commit_ns elapsed_ns=7225584
PERF edit_length_changing zero-extend-tail-4k-on-10mib-ops-1 PASS ran timer=edit_commit_ns elapsed_ns=8409458
PERF edit_length_changing zero-extend-tail-4k-on-100mib-ops-1 PASS ran timer=edit_commit_ns elapsed_ns=9793167
PERF edit_length_changing zero-extend-tail-4k-on-500mib-result-capped-v2-ops-1 PASS ran timer=edit_commit_ns elapsed_ns=11173208
PERF edit_canonical_chunk_count overwrite-fixed-64k-chunk-count-preserve-on-1mib-ops-1 PASS ran timer=edit_commit_ns elapsed_ns=10036875
PERF edit_canonical_chunk_count overwrite-fixed-64k-chunk-count-preserve-on-10mib-ops-1 PASS ran timer=edit_commit_ns elapsed_ns=9706584
PERF edit_canonical_chunk_count overwrite-fixed-64k-chunk-count-preserve-on-100mib-ops-1 PASS ran timer=edit_commit_ns elapsed_ns=10488917
PERF edit_canonical_chunk_count overwrite-fixed-64k-chunk-count-preserve-on-500mib-ops-1 PASS ran timer=edit_commit_ns elapsed_ns=12324500
PERF edit_canonical_chunk_count overwrite-fixed-64k-chunk-count-increase-on-1mib-ops-1 PASS ran timer=edit_commit_ns elapsed_ns=10011959
PERF edit_canonical_chunk_count overwrite-fixed-64k-chunk-count-increase-on-10mib-ops-1 PASS ran timer=edit_commit_ns elapsed_ns=10434125
PERF edit_canonical_chunk_count overwrite-fixed-64k-chunk-count-increase-on-100mib-ops-1 PASS ran timer=edit_commit_ns elapsed_ns=11977625
PERF edit_canonical_chunk_count overwrite-fixed-64k-chunk-count-increase-on-500mib-ops-1 PASS ran timer=edit_commit_ns elapsed_ns=12031792
PERF edit_canonical_chunk_count overwrite-fixed-64k-chunk-count-decrease-on-1mib-ops-1 PASS ran timer=edit_commit_ns elapsed_ns=9296083
PERF edit_canonical_chunk_count overwrite-fixed-64k-chunk-count-decrease-on-10mib-ops-1 PASS ran timer=edit_commit_ns elapsed_ns=8911125
PERF edit_canonical_chunk_count overwrite-fixed-64k-chunk-count-decrease-on-100mib-ops-1 PASS ran timer=edit_commit_ns elapsed_ns=16287209
PERF edit_canonical_chunk_count overwrite-fixed-64k-chunk-count-decrease-on-500mib-ops-1 PASS ran timer=edit_commit_ns elapsed_ns=11502208
PERF init_namespace namespace-100-compact-v3 PASS ran timer=layerstack_init_ns elapsed_ns=24644250
PERF init_namespace namespace-1000-compact-v3 PASS ran timer=layerstack_init_ns elapsed_ns=124906417
PERF init_namespace namespace-10000 PASS ran timer=layerstack_init_ns elapsed_ns=1541202000
PERF init_namespace namespace-100000 PASS ran timer=layerstack_init_ns elapsed_ns=13565385375
PERF store_footprint store-footprint-unique-100000 PASS ran timer=product_call_sum_ns elapsed_ns=13428984042
PERF store_footprint store-footprint-metadata-cardinality-100000 PASS ran timer=product_call_sum_ns elapsed_ns=32248933458
PERF store_footprint store-footprint-large-object-500m PASS ran timer=product_call_sum_ns elapsed_ns=1720577750
PERF store_footprint store-footprint-unique-100-low-v1 PASS ran timer=product_call_sum_ns elapsed_ns=49220874
PERF store_footprint store-footprint-metadata-cardinality-100-low-v1 PASS ran timer=product_call_sum_ns elapsed_ns=57847875
PERF store_footprint store-footprint-large-object-10m-low-v1 PASS ran timer=product_call_sum_ns elapsed_ns=62524460
PERF tiny_file_churn tiny-create-1-compact-v2 PASS ran timer=pure_call_sum_ns elapsed_ns=21429000
PERF tiny_file_churn tiny-create-10-compact-v2 PASS ran timer=pure_call_sum_ns elapsed_ns=28831333
PERF tiny_file_churn tiny-create-100-mixed-v4 PASS ran timer=pure_call_sum_ns elapsed_ns=70117042
PERF tiny_file_churn tiny-create-500-mixed-v4 PASS ran timer=pure_call_sum_ns elapsed_ns=250113707
PERF tiny_file_churn tiny-stat-1-compact-v2 PASS ran timer=pure_call_sum_ns elapsed_ns=16268708
PERF tiny_file_churn tiny-stat-10-compact-v2 PASS ran timer=pure_call_sum_ns elapsed_ns=25179790
PERF tiny_file_churn tiny-stat-100-mixed-v4 PASS ran timer=pure_call_sum_ns elapsed_ns=57119584
PERF tiny_file_churn tiny-stat-500-mixed-v4 PASS ran timer=pure_call_sum_ns elapsed_ns=76411501
PERF tiny_file_churn tiny-unlink-1-compact-v2 PASS ran timer=pure_call_sum_ns elapsed_ns=21960251
PERF tiny_file_churn tiny-unlink-10-compact-v2 PASS ran timer=pure_call_sum_ns elapsed_ns=28627500
PERF tiny_file_churn tiny-unlink-100-mixed-v4 PASS ran timer=pure_call_sum_ns elapsed_ns=82241875
PERF tiny_file_churn tiny-unlink-500-mixed-v4 PASS ran timer=pure_call_sum_ns elapsed_ns=140446583
PERF tiny_file_churn tiny-bulk-create-1-compact-v2 PASS ran timer=pure_call_sum_ns elapsed_ns=103295000
PERF tiny_file_churn tiny-bulk-create-10-compact-v2 PASS ran timer=pure_call_sum_ns elapsed_ns=360553250
PERF tiny_file_churn tiny-bulk-create-100-mixed-v3 PASS ran timer=pure_call_sum_ns elapsed_ns=1220231499
PERF tiny_file_churn tiny-bulk-create-500-mixed-v3 PASS ran timer=pure_call_sum_ns elapsed_ns=5479089792
PERF tiny_file_churn tiny-bulk-delete-1-compact-v2 PASS ran timer=pure_call_sum_ns elapsed_ns=104367458
PERF tiny_file_churn tiny-bulk-delete-10-compact-v2 PASS ran timer=pure_call_sum_ns elapsed_ns=162066875
PERF tiny_file_churn tiny-bulk-delete-100-mixed-v3 PASS ran timer=pure_call_sum_ns elapsed_ns=276812542
PERF tiny_file_churn tiny-bulk-delete-500-mixed-v3 PASS ran timer=pure_call_sum_ns elapsed_ns=1048376127
PERF namespace_mutation namespace-subtree-relocate-delete-1-compact-v2 PASS ran timer=pure_call_sum_ns elapsed_ns=27397750
PERF namespace_mutation namespace-subtree-relocate-delete-10-compact-v2 PASS ran timer=pure_call_sum_ns elapsed_ns=66081124
PERF namespace_mutation namespace-subtree-relocate-delete-100-mixed-v4 PASS ran timer=pure_call_sum_ns elapsed_ns=66476375
PERF namespace_mutation namespace-subtree-relocate-delete-500-mixed-v4 PASS ran timer=pure_call_sum_ns elapsed_ns=234546293
PERF directory_construction_traversal directory-construct-1-compact-v2 PASS ran timer=pure_call_sum_ns elapsed_ns=22701626
PERF directory_construction_traversal directory-construct-10-compact-v2 PASS ran timer=pure_call_sum_ns elapsed_ns=43327042
PERF directory_construction_traversal directory-construct-100-mixed-v4 PASS ran timer=pure_call_sum_ns elapsed_ns=243389124
PERF directory_construction_traversal directory-construct-500-mixed-v4 PASS ran timer=pure_call_sum_ns elapsed_ns=1207980167
PERF directory_construction_traversal directory-metadata-scan-1-compact-v2 PASS ran timer=pure_call_sum_ns elapsed_ns=84925459
PERF directory_construction_traversal directory-metadata-scan-10-compact-v2 PASS ran timer=pure_call_sum_ns elapsed_ns=112491167
PERF directory_construction_traversal directory-metadata-scan-100-mixed-v4 PASS ran timer=pure_call_sum_ns elapsed_ns=279400877
PERF directory_construction_traversal directory-metadata-scan-500-mixed-v4 PASS ran timer=pure_call_sum_ns elapsed_ns=591083875
PERF directory_construction_traversal directory-content-scan-1-compact-v2 PASS ran timer=pure_call_sum_ns elapsed_ns=109802708
PERF directory_construction_traversal directory-content-scan-10-compact-v2 PASS ran timer=pure_call_sum_ns elapsed_ns=357414125
PERF directory_construction_traversal directory-content-scan-100-mixed-v4 PASS ran timer=pure_call_sum_ns elapsed_ns=1276777417
PERF directory_construction_traversal directory-content-scan-500-mixed-v4 PASS ran timer=pure_call_sum_ns elapsed_ns=5275265667
PERF workspace_change_locality workspace-clean-commit-1-compact-v2 PASS ran timer=pure_call_sum_ns elapsed_ns=12761583
PERF workspace_change_locality workspace-clean-commit-10-compact-v2 PASS ran timer=pure_call_sum_ns elapsed_ns=13016792
PERF workspace_change_locality workspace-clean-commit-100-mixed-v4 PASS ran timer=pure_call_sum_ns elapsed_ns=14259958
PERF workspace_change_locality workspace-clean-commit-500-mixed-v4 PASS ran timer=pure_call_sum_ns elapsed_ns=13998707
PERF workspace_change_locality workspace-fixed-move-1-compact-v2 PASS ran timer=pure_call_sum_ns elapsed_ns=25695959
PERF workspace_change_locality workspace-fixed-move-10-compact-v2 PASS ran timer=pure_call_sum_ns elapsed_ns=25039501
PERF workspace_change_locality workspace-fixed-move-100-mixed-v4 PASS ran timer=pure_call_sum_ns elapsed_ns=33633165
PERF workspace_change_locality workspace-fixed-move-500-mixed-v4 PASS ran timer=pure_call_sum_ns elapsed_ns=36403333
PERF workspace_change_locality workspace-distributed-sdk-edit-1-compact-v2 PASS ran timer=pure_call_sum_ns elapsed_ns=20990292
PERF workspace_change_locality workspace-distributed-sdk-edit-10-compact-v2 PASS ran timer=pure_call_sum_ns elapsed_ns=45591040
PERF workspace_change_locality workspace-distributed-sdk-edit-100-mixed-v4 PASS ran timer=pure_call_sum_ns elapsed_ns=397973293
PERF workspace_change_locality workspace-distributed-sdk-edit-500-mixed-v4 PASS ran timer=pure_call_sum_ns elapsed_ns=3134738423
PERF workspace_change_locality workspace-dense-rewrite-1-compact-v2 PASS ran timer=pure_call_sum_ns elapsed_ns=104466293
PERF workspace_change_locality workspace-dense-rewrite-10-compact-v2 PASS ran timer=pure_call_sum_ns elapsed_ns=378765292
PERF workspace_change_locality workspace-dense-rewrite-100-mixed-v4 PASS ran timer=pure_call_sum_ns elapsed_ns=1721277333
PERF workspace_change_locality workspace-dense-rewrite-500-mixed-v4 PASS ran timer=pure_call_sum_ns elapsed_ns=6061476042
PERF dedup_branch_history dedup-history-distributed-1 PASS ran timer=pure_call_sum_ns elapsed_ns=26240625
PERF dedup_branch_history dedup-history-distributed-10 PASS ran timer=pure_call_sum_ns elapsed_ns=91097501
PERF dedup_branch_history dedup-history-distributed-100 PASS ran timer=pure_call_sum_ns elapsed_ns=636022040
PERF dedup_branch_history dedup-history-distributed-500 PASS ran timer=pure_call_sum_ns elapsed_ns=3262362345
PERF dedup_branch_history dedup-history-hotset-1 PASS ran timer=pure_call_sum_ns elapsed_ns=27649499
PERF dedup_branch_history dedup-history-hotset-10 PASS ran timer=pure_call_sum_ns elapsed_ns=124872833
PERF dedup_branch_history dedup-history-hotset-100 PASS ran timer=pure_call_sum_ns elapsed_ns=832426741
PERF dedup_branch_history dedup-history-hotset-500 PASS ran timer=pure_call_sum_ns elapsed_ns=3904724386
PERF dedup_branch_history dedup-history-recurring-1 PASS ran timer=pure_call_sum_ns elapsed_ns=28300541
PERF dedup_branch_history dedup-history-recurring-10 PASS ran timer=pure_call_sum_ns elapsed_ns=77914789
PERF dedup_branch_history dedup-history-recurring-100 PASS ran timer=pure_call_sum_ns elapsed_ns=558347591
PERF dedup_branch_history dedup-history-recurring-500 PASS ran timer=pure_call_sum_ns elapsed_ns=2910977735
PERF dedup_branch_history dedup-history-metadata-1 PASS ran timer=pure_call_sum_ns elapsed_ns=24115958
PERF dedup_branch_history dedup-history-metadata-10 PASS ran timer=pure_call_sum_ns elapsed_ns=89285541
PERF dedup_branch_history dedup-history-metadata-100 PASS ran timer=pure_call_sum_ns elapsed_ns=708317131
PERF dedup_branch_history dedup-history-metadata-500 PASS ran timer=pure_call_sum_ns elapsed_ns=3613235215
PERF dedup_branch_history dedup-history-unrelated-1 PASS ran timer=pure_call_sum_ns elapsed_ns=812110083
PERF dedup_branch_history dedup-history-unrelated-10 PASS ran timer=pure_call_sum_ns elapsed_ns=9221494958
PERF dedup_branch_history dedup-history-unrelated-100-mixed-v2 PASS ran timer=pure_call_sum_ns elapsed_ns=4102448299
PERF dedup_branch_history dedup-history-unrelated-500-mixed-v2 PASS ran timer=pure_call_sum_ns elapsed_ns=20432453133
PERF git_tool_workflow git-tool-1-compact-v2 PASS ran timer=pure_call_sum_ns elapsed_ns=343819875
PERF git_tool_workflow git-tool-10-compact-v2 PASS ran timer=pure_call_sum_ns elapsed_ns=691072667
PERF git_tool_workflow git-tool-100-mixed-v4 PASS ran timer=pure_call_sum_ns elapsed_ns=2087357417
PERF git_tool_workflow git-tool-500-mixed-v4 PASS ran timer=pure_call_sum_ns elapsed_ns=5118605083
PERF mixed_load_bearing agent-episodes-1-compact-v2 PASS ran timer=pure_call_sum_ns elapsed_ns=30996084
PERF mixed_load_bearing agent-episodes-10-compact-v2 PASS ran timer=pure_call_sum_ns elapsed_ns=95105583
PERF mixed_load_bearing agent-episodes-100 PASS ran timer=pure_call_sum_ns elapsed_ns=998319833
PERF mixed_load_bearing agent-episodes-500 PASS ran timer=pure_call_sum_ns elapsed_ns=7053902084
{"campaign": {"declaration_sha256": "50a2256635e415168509c1bb5c98fb6660437633dc48b2fecd597d0c8098a0a9", "issue": 91, "release": "0.1.4"}, "issue": 91, "mismatches": [], "performance_cases": 198, "performance_outcomes": {"PASS": 198}, "proof_definitions": 29, "verification_outcomes": {}}
