{"phase": "inventory", "performance_cases": 198, "proof_cases": 29, "mismatches": []}
PROOF payload_create_read payload-create-1m-compact-v2 PASS wall=1.9912695419989177
PROOF payload_create_read payload-create-10m-compact-v2 PASS wall=2.2060442910005804
PROOF payload_create_read payload-create-100m PASS wall=3.7811959579994436
PROOF payload_create_read payload-create-500m PASS wall=11.981280333005998
PROOF payload_create_read payload-random-read-1-compact-v2 PASS wall=1.866156249998312
PROOF payload_create_read payload-random-read-10-compact-v2 PASS wall=2.3337655420036754
PROOF payload_create_read payload-random-read-100 PASS wall=16.930790959006117
PROOF payload_create_read payload-random-read-500 PASS wall=10.202930041996296
PROOF dedup_workspace_reuse dedup-workspace-exact-1-compact-v2 PASS wall=2.7223494999998366
PROOF dedup_workspace_reuse dedup-workspace-exact-10-compact-v2 PASS wall=2.4188444589963183
PROOF dedup_workspace_reuse dedup-workspace-exact-100 PASS wall=8.332781083001464
PROOF dedup_workspace_reuse dedup-workspace-exact-500 PASS wall=16.137169959001767
PROOF dedup_workspace_reuse dedup-workspace-local-1-compact-v2 PASS wall=1.7244469579964061
PROOF dedup_workspace_reuse dedup-workspace-local-10-compact-v2 PASS wall=2.1474389169961796
PROOF dedup_workspace_reuse dedup-workspace-local-100 PASS wall=6.647596333998081
PROOF dedup_workspace_reuse dedup-workspace-local-500 PASS wall=16.28844837500219
PROOF dedup_workspace_reuse dedup-workspace-unique-1-compact-v2 PASS wall=1.886493165999127
PROOF dedup_workspace_reuse dedup-workspace-unique-10-compact-v2 PASS wall=2.201647457994113
PROOF dedup_workspace_reuse dedup-workspace-unique-100 PASS wall=6.796773834001215
PROOF dedup_workspace_reuse dedup-workspace-unique-500 PASS wall=16.811770416999934
PROOF dedup_workspace_reuse dedup-workspace-unique-1-base128-v3 PASS wall=4.4010158340024645
PROOF dedup_workspace_reuse dedup-workspace-unique-10-base128-v3 PASS wall=4.587116665999929
PROOF dedup_cross_file dedup-cross-file-anchor-1 PASS wall=1.7452658329930273
PROOF dedup_cross_file dedup-cross-file-unique-10 PASS wall=1.96458204100054
PROOF dedup_cross_file dedup-cross-file-unique-100 PASS wall=4.625997417002509
PROOF dedup_cross_file dedup-cross-file-unique-500 PASS wall=16.229847791000793
PROOF dedup_cross_file dedup-cross-file-identical-10 PASS wall=2.0343147090025013
PROOF dedup_cross_file dedup-cross-file-identical-100 PASS wall=3.6584006670018425
PROOF dedup_cross_file dedup-cross-file-identical-500 PASS wall=11.404277166999236
PROOF dedup_cross_file dedup-cross-file-mixed-10 PASS wall=2.21231691599678
PROOF dedup_cross_file dedup-cross-file-mixed-100 PASS wall=4.377511667000363
PROOF dedup_cross_file dedup-cross-file-mixed-500 PASS wall=15.300025415999698
PROOF dedup_cdc_locality dedup-cdc-overwrite-1 PASS wall=1.7401929580009892
PROOF dedup_cdc_locality dedup-cdc-overwrite-10 PASS wall=2.2279172080015996
PROOF dedup_cdc_locality dedup-cdc-overwrite-100 PASS wall=5.3507089170016116
PROOF dedup_cdc_locality dedup-cdc-overwrite-500 PASS wall=19.50429541599442
PROOF dedup_cdc_locality dedup-cdc-insert-1 PASS wall=1.8718268329976127
PROOF dedup_cdc_locality dedup-cdc-insert-10 PASS wall=2.1050074999948265
PROOF dedup_cdc_locality dedup-cdc-insert-100 PASS wall=5.366487209001207
PROOF dedup_cdc_locality dedup-cdc-insert-500 PASS wall=19.48306708400196
PROOF dedup_cdc_locality dedup-cdc-delete-1 PASS wall=1.7902007500015316
PROOF dedup_cdc_locality dedup-cdc-delete-10 PASS wall=2.090172333002556
PROOF dedup_cdc_locality dedup-cdc-delete-100 PASS wall=5.449124207996647
PROOF dedup_cdc_locality dedup-cdc-delete-500 PASS wall=20.838203541999974
PROOF dedup_cdc_locality dedup-cdc-common-body-1 PASS wall=1.737361833002069
PROOF dedup_cdc_locality dedup-cdc-common-body-10 PASS wall=2.1175408749986673
PROOF dedup_cdc_locality dedup-cdc-common-body-100 PASS wall=5.321768666995922
PROOF dedup_cdc_locality dedup-cdc-common-body-500 PASS wall=19.905418417001783
PROOF dedup_cdc_locality dedup-cdc-scattered-1 PASS wall=1.7858947080021608
PROOF dedup_cdc_locality dedup-cdc-scattered-10 PASS wall=2.172770457997103
PROOF dedup_cdc_locality dedup-cdc-scattered-100 PASS wall=5.972803541997564
PROOF dedup_cdc_locality dedup-cdc-scattered-500 PASS wall=22.5158142079963
PROOF dedup_cdc_locality dedup-cdc-boundaries-proof PASS wall=1.8316078330026357
PROOF edit_length_preserving overwrite-head-4k-on-1mib-ops-1 PASS wall=1.911889582996082
PROOF edit_length_preserving overwrite-head-4k-on-10mib-ops-1 PASS wall=2.0445525830000406
PROOF edit_length_preserving overwrite-head-4k-on-100mib-ops-1 PASS wall=3.831837708996318
PROOF edit_length_preserving overwrite-head-4k-on-500mib-ops-1 PASS wall=10.516647874996124
PROOF edit_length_preserving overwrite-middle-4k-on-1mib-ops-1 PASS wall=1.7852045420004288
PROOF edit_length_preserving overwrite-middle-4k-on-10mib-ops-1 PASS wall=1.6375072080045356
PROOF edit_length_preserving overwrite-middle-4k-on-100mib-ops-1 PASS wall=1.9366070420001051
PROOF edit_length_preserving overwrite-middle-4k-on-500mib-ops-1 PASS wall=3.675293000000238
PROOF edit_length_preserving overwrite-tail-4k-on-1mib-ops-1 PASS wall=1.7347213750035735
PROOF edit_length_preserving overwrite-tail-4k-on-10mib-ops-1 PASS wall=1.7152347499941243
PROOF edit_length_preserving overwrite-tail-4k-on-100mib-ops-1 PASS wall=2.1244825000030687
PROOF edit_length_preserving overwrite-tail-4k-on-500mib-ops-1 PASS wall=3.757609792002768
PROOF edit_length_changing insert-middle-4k-on-1mib-ops-1 PASS wall=1.5751635410051676
PROOF edit_length_changing insert-middle-4k-on-10mib-ops-1 PASS wall=1.7556681659989408
PROOF edit_length_changing insert-middle-4k-on-100mib-ops-1 PASS wall=2.124489292000362
PROOF edit_length_changing insert-middle-4k-on-500mib-result-capped-v2-ops-1 PASS wall=10.101242791999539
PROOF edit_length_changing delete-middle-4k-on-1mib-ops-1 PASS wall=1.6044394170021405
PROOF edit_length_changing delete-middle-4k-on-10mib-ops-1 PASS wall=1.7104764169998816
PROOF edit_length_changing delete-middle-4k-on-100mib-ops-1 PASS wall=2.0964121659999364
PROOF edit_length_changing delete-middle-4k-on-500mib-ops-1 PASS wall=3.780361041004653
PROOF edit_length_changing append-tail-4k-on-1mib-ops-1 PASS wall=1.555088084001909
PROOF edit_length_changing append-tail-4k-on-10mib-ops-1 PASS wall=1.6594409579993226
PROOF edit_length_changing append-tail-4k-on-100mib-ops-1 PASS wall=2.123236375002307
PROOF edit_length_changing append-tail-4k-on-500mib-result-capped-v2-ops-1 PASS wall=3.691386500002409
PROOF edit_length_changing prepend-head-4k-on-1mib-ops-1 PASS wall=1.6268428750045132
PROOF edit_length_changing prepend-head-4k-on-10mib-ops-1 PASS wall=1.6074084580031922
PROOF edit_length_changing prepend-head-4k-on-100mib-ops-1 PASS wall=2.130002624995541
PROOF edit_length_changing prepend-head-4k-on-500mib-result-capped-v2-ops-1 PASS wall=3.7747854590052157
PROOF edit_length_changing replace-grow-middle-2k-to-4k-on-1mib-ops-1 PASS wall=1.5208754999985103
PROOF edit_length_changing replace-grow-middle-2k-to-4k-on-10mib-ops-1 PASS wall=1.5667079170016223
PROOF edit_length_changing replace-grow-middle-2k-to-4k-on-100mib-ops-1 PASS wall=2.0148454169975594
PROOF edit_length_changing replace-grow-middle-2k-to-4k-on-500mib-result-capped-v2-ops-1 PASS wall=9.766399624997575
PROOF edit_length_changing replace-shrink-middle-4k-to-2k-on-1mib-ops-1 PASS wall=1.5593337919999612
PROOF edit_length_changing replace-shrink-middle-4k-to-2k-on-10mib-ops-1 PASS wall=1.5908399580002879
PROOF edit_length_changing replace-shrink-middle-4k-to-2k-on-100mib-ops-1 PASS wall=2.036624332999054
PROOF edit_length_changing replace-shrink-middle-4k-to-2k-on-500mib-ops-1 PASS wall=3.821167207999679
PROOF edit_length_changing truncate-tail-4k-on-1mib-ops-1 PASS wall=1.5722626249989844
PROOF edit_length_changing truncate-tail-4k-on-10mib-ops-1 PASS wall=1.6403183750007884
PROOF edit_length_changing truncate-tail-4k-on-100mib-ops-1 PASS wall=2.0821654999963357
PROOF edit_length_changing truncate-tail-4k-on-500mib-ops-1 PASS wall=3.6656114159995923
PROOF edit_length_changing zero-extend-tail-4k-on-1mib-ops-1 PASS wall=1.765750709004351
PROOF edit_length_changing zero-extend-tail-4k-on-10mib-ops-1 PASS wall=1.6011223329987843
PROOF edit_length_changing zero-extend-tail-4k-on-100mib-ops-1 PASS wall=2.126957541993761
PROOF edit_length_changing zero-extend-tail-4k-on-500mib-result-capped-v2-ops-1 PASS wall=3.7824240410045604
PROOF edit_canonical_chunk_count overwrite-fixed-64k-chunk-count-preserve-on-1mib-ops-1 PASS wall=1.7951749170024414
PROOF edit_canonical_chunk_count overwrite-fixed-64k-chunk-count-preserve-on-10mib-ops-1 PASS wall=1.616281374997925
PROOF edit_canonical_chunk_count overwrite-fixed-64k-chunk-count-preserve-on-100mib-ops-1 PASS wall=2.1424102500022855
PROOF edit_canonical_chunk_count overwrite-fixed-64k-chunk-count-preserve-on-500mib-ops-1 PASS wall=3.735619957995368
PROOF edit_canonical_chunk_count overwrite-fixed-64k-chunk-count-increase-on-1mib-ops-1 PASS wall=1.8270549999942887
PROOF edit_canonical_chunk_count overwrite-fixed-64k-chunk-count-increase-on-10mib-ops-1 PASS wall=1.5990400410009897
PROOF edit_canonical_chunk_count overwrite-fixed-64k-chunk-count-increase-on-100mib-ops-1 PASS wall=2.072754291999445
PROOF edit_canonical_chunk_count overwrite-fixed-64k-chunk-count-increase-on-500mib-ops-1 PASS wall=3.7629192090025754
PROOF edit_canonical_chunk_count overwrite-fixed-64k-chunk-count-decrease-on-1mib-ops-1 PASS wall=1.6050895840016892
PROOF edit_canonical_chunk_count overwrite-fixed-64k-chunk-count-decrease-on-10mib-ops-1 PASS wall=1.7714481670045643
PROOF edit_canonical_chunk_count overwrite-fixed-64k-chunk-count-decrease-on-100mib-ops-1 PASS wall=2.143089750003128
PROOF edit_canonical_chunk_count overwrite-fixed-64k-chunk-count-decrease-on-500mib-ops-1 PASS wall=3.607985499998904
PROOF init_namespace namespace-100-compact-v3 PASS wall=1.8148509169986937
PROOF init_namespace namespace-1000-compact-v3 PASS wall=2.0592510419955943
PROOF init_namespace namespace-10000 PASS wall=7.362397915996553
PROOF init_namespace namespace-100000 TIMEOUT wall=41.46772645900637
PROOF store_footprint store-footprint-unique-100000 TIMEOUT wall=41.461847250000574
PROOF store_footprint store-footprint-metadata-cardinality-100000 TIMEOUT wall=41.44950220800092
PROOF store_footprint store-footprint-large-object-500m PASS wall=6.606546333001461
PROOF store_footprint store-footprint-unique-100-low-v1 PASS wall=1.991245124998386
PROOF store_footprint store-footprint-metadata-cardinality-100-low-v1 PASS wall=2.1044799590017647
PROOF store_footprint store-footprint-large-object-10m-low-v1 PASS wall=2.2484297920018435
PROOF tiny_file_churn tiny-create-1-compact-v2 PASS wall=2.6263091250002617
PROOF tiny_file_churn tiny-create-10-compact-v2 PASS wall=9.524522917003196
PROOF tiny_file_churn tiny-create-100-mixed-v4 PASS wall=10.800936291001562
PROOF tiny_file_churn tiny-create-500-mixed-v4 PASS wall=19.78724829100247
PROOF tiny_file_churn tiny-stat-1-compact-v2 PASS wall=1.925974916004634
PROOF tiny_file_churn tiny-stat-10-compact-v2 PASS wall=2.1230880840012105
PROOF tiny_file_churn tiny-stat-100-mixed-v4 PASS wall=4.216103084007045
PROOF tiny_file_churn tiny-stat-500-mixed-v4 PASS wall=12.07988604199636
PROOF tiny_file_churn tiny-unlink-1-compact-v2 PASS wall=1.700633291999111
PROOF tiny_file_churn tiny-unlink-10-compact-v2 PASS wall=1.638259958002891
PROOF tiny_file_churn tiny-unlink-100-mixed-v4 PASS wall=2.3772913749999134
PROOF tiny_file_churn tiny-unlink-500-mixed-v4 PASS wall=4.315704499997082
PROOF tiny_file_churn tiny-bulk-create-1-compact-v2 PASS wall=1.827182917004393
PROOF tiny_file_churn tiny-bulk-create-10-compact-v2 PASS wall=2.0731797920016106
PROOF tiny_file_churn tiny-bulk-create-100-mixed-v3 PASS wall=3.624282292003045
PROOF tiny_file_churn tiny-bulk-create-500-mixed-v3 PASS wall=10.24731900000188
PROOF tiny_file_churn tiny-bulk-delete-1-compact-v2 PASS wall=2.044026916999428
PROOF tiny_file_churn tiny-bulk-delete-10-compact-v2 PASS wall=2.458771416997479
PROOF tiny_file_churn tiny-bulk-delete-100-mixed-v3 PASS wall=4.739779750001617
PROOF tiny_file_churn tiny-bulk-delete-500-mixed-v3 PASS wall=15.348030959001335
PROOF namespace_mutation namespace-subtree-relocate-delete-1-compact-v2 PASS wall=1.9457547909987625
PROOF namespace_mutation namespace-subtree-relocate-delete-10-compact-v2 PASS wall=2.1748330839982373
PROOF namespace_mutation namespace-subtree-relocate-delete-100-mixed-v4 PASS wall=4.357577999995556
PROOF namespace_mutation namespace-subtree-relocate-delete-500-mixed-v4 PASS wall=12.549209040997084
PROOF directory_construction_traversal directory-construct-1-compact-v2 PASS wall=2.0220364580018213
PROOF directory_construction_traversal directory-construct-10-compact-v2 PASS wall=2.695263082998281
PROOF directory_construction_traversal directory-construct-100-mixed-v4 PASS wall=4.416079832997639
PROOF directory_construction_traversal directory-construct-500-mixed-v4 PASS wall=13.055202124996867
PROOF directory_construction_traversal directory-metadata-scan-1-compact-v2 PASS wall=2.17117245800182
PROOF directory_construction_traversal directory-metadata-scan-10-compact-v2 PASS wall=2.678216624997731
PROOF directory_construction_traversal directory-metadata-scan-100-mixed-v4 PASS wall=4.383946334004577
PROOF directory_construction_traversal directory-metadata-scan-500-mixed-v4 PASS wall=12.252873834004276
PROOF directory_construction_traversal directory-content-scan-1-compact-v2 PASS wall=1.7994862089981325
PROOF directory_construction_traversal directory-content-scan-10-compact-v2 PASS wall=2.4599392500022077
PROOF directory_construction_traversal directory-content-scan-100-mixed-v4 PASS wall=3.535984957998153
PROOF directory_construction_traversal directory-content-scan-500-mixed-v4 PASS wall=9.240003042003082
PROOF workspace_change_locality workspace-clean-commit-1-compact-v2 PASS wall=1.925953625002876
PROOF workspace_change_locality workspace-clean-commit-10-compact-v2 PASS wall=2.2724736250020214
PROOF workspace_change_locality workspace-clean-commit-100-mixed-v4 PASS wall=2.243412707997777
PROOF workspace_change_locality workspace-clean-commit-500-mixed-v4 PASS wall=4.06391620800423
PROOF workspace_change_locality workspace-fixed-move-1-compact-v2 PASS wall=1.9112817499990342
PROOF workspace_change_locality workspace-fixed-move-10-compact-v2 PASS wall=2.154732625000179
PROOF workspace_change_locality workspace-fixed-move-100-mixed-v4 PASS wall=2.1703207079990534
PROOF workspace_change_locality workspace-fixed-move-500-mixed-v4 PASS wall=4.117602000005718
PROOF workspace_change_locality workspace-distributed-sdk-edit-1-compact-v2 PASS wall=1.7821252909998293
PROOF workspace_change_locality workspace-distributed-sdk-edit-10-compact-v2 PASS wall=2.1196439169943915
PROOF workspace_change_locality workspace-distributed-sdk-edit-100-mixed-v4 PASS wall=2.5245465419939137
PROOF workspace_change_locality workspace-distributed-sdk-edit-500-mixed-v4 PASS wall=7.320295416997396
PROOF workspace_change_locality workspace-dense-rewrite-1-compact-v2 PASS wall=1.9599726669985102
PROOF workspace_change_locality workspace-dense-rewrite-10-compact-v2 PASS wall=2.732877542002825
PROOF workspace_change_locality workspace-dense-rewrite-100-mixed-v4 PASS wall=3.922445249998418
PROOF workspace_change_locality workspace-dense-rewrite-500-mixed-v4 PASS wall=10.516096041996207
PROOF dedup_branch_history dedup-history-distributed-1 PASS wall=2.191559541002789
PROOF dedup_branch_history dedup-history-distributed-10 PASS wall=4.531810375003261
PROOF dedup_branch_history dedup-history-distributed-100 PASS wall=4.588213499999256
PROOF dedup_branch_history dedup-history-distributed-500 PASS wall=9.894505958000082
PROOF dedup_branch_history dedup-history-hotset-1 PASS wall=2.2214212920007412
PROOF dedup_branch_history dedup-history-hotset-10 PASS wall=4.690929917000176
PROOF dedup_branch_history dedup-history-hotset-100 PASS wall=4.823919833004766
PROOF dedup_branch_history dedup-history-hotset-500 PASS wall=9.25680020800064
PROOF dedup_branch_history dedup-history-recurring-1 PASS wall=2.2826854169979924
PROOF dedup_branch_history dedup-history-recurring-10 PASS wall=4.696035500004655
PROOF dedup_branch_history dedup-history-recurring-100 PASS wall=4.365400959002727
PROOF dedup_branch_history dedup-history-recurring-500 PASS wall=7.866161958001612
PROOF dedup_branch_history dedup-history-metadata-1 PASS wall=2.0986707910051337
PROOF dedup_branch_history dedup-history-metadata-10 PASS wall=4.626929582998855
PROOF dedup_branch_history dedup-history-metadata-100 PASS wall=4.310779875006119
PROOF dedup_branch_history dedup-history-metadata-500 PASS wall=7.778375916997902
PROOF dedup_branch_history dedup-history-unrelated-1 PASS wall=3.25786954099749
PROOF dedup_branch_history dedup-history-unrelated-10 PASS wall=14.49702158299624
PROOF dedup_branch_history dedup-history-unrelated-100-mixed-v2 PASS wall=5.848337791998347
PROOF dedup_branch_history dedup-history-unrelated-500-mixed-v2 PASS wall=23.234395500003302
PROOF git_tool_workflow git-tool-1-compact-v2 PASS wall=5.18260329199984
PROOF git_tool_workflow git-tool-10-compact-v2 PASS wall=6.844305290993361
PROOF git_tool_workflow git-tool-100-mixed-v4 PASS wall=20.03662495900062
PROOF git_tool_workflow git-tool-500-mixed-v4 PASS wall=35.72216470900457
PROOF mixed_load_bearing agent-episodes-1-compact-v2 PASS wall=2.1893305000048713
PROOF mixed_load_bearing agent-episodes-10-compact-v2 PASS wall=2.8579809590009972
PROOF mixed_load_bearing agent-episodes-100 PASS wall=20.806621625000844
PROOF mixed_load_bearing agent-episodes-500 PASS wall=21.876345167002
PROOF workspace_reliability workspace-invalid-sdk-edit-compact-v2-proof PASS wall=2.2119766660034657
PROOF workspace_reliability workspace-invalid-namespace-compact-v2-proof PASS wall=2.2352067079991684
PROOF workspace_reliability workspace-lease-lifecycle-compact-v2-proof PASS wall=2.018278333998751
PROOF workspace_reliability workspace-open-writer-busy-compact-v2-proof PASS wall=2.5115078339949832
PROOF workspace_reliability workspace-live-execution-busy-compact-v2-proof PASS wall=2.4633304169983603
PROOF workspace_reliability workspace-candidate-failure-retry-compact-v2-proof PASS wall=2.108279041996866
PROOF workspace_reliability workspace-admission-batch-failure-retry-compact-v2-proof PASS wall=3.306811624999682
PROOF workspace_reliability workspace-final-publication-failure-retry-compact-v2-proof PASS wall=3.55839229200501
PROOF workspace_reliability workspace-published-presentation-failure-smoke-v3-proof PASS wall=2.1212016249992303
PROOF workspace_reliability workspace-dirty-end-discard-compact-v2-proof PASS wall=1.9709776250019786
PROOF workspace_reliability workspace-dirty-net-zero-compact-v2-proof PASS wall=2.156472875001782
PROOF workspace_reliability workspace-short-spool-write-compact-v2-proof PASS wall=2.144575040998461
PROOF workspace_reliability workspace-deferred-nospace-compact-v2-proof PASS wall=2.2690094169956865
PROOF workspace_reliability workspace-workload-cancel-compact-v2-proof PASS wall=2.4691525000016554
PROOF workspace_reliability workspace-dirty-runtime-disconnect-compact-v2-proof PASS wall=2.4270502499930444
PROOF workspace_reliability workspace-corrupt-descendant-compact-v2-proof FAIL wall=1.389801625002292
PROOF workspace_reliability workspace-missing-descendant-compact-v2-proof PASS wall=1.7622515839975676
PROOF workspace_reliability workspace-parallel-read-write-compact-v2-proof PASS wall=2.2073805420004646
PROOF workspace_reliability workspace-shared-path-contention-compact-v2-proof PASS wall=2.092282083001919
PROOF workspace_reliability workspace-hardlink-alias-compact-v2-proof PASS wall=2.1615940839983523
PROOF workspace_reliability workspace-symlink-semantics-compact-v2-proof PASS wall=2.1761040830024285
PROOF workspace_reliability workspace-open-rename-unlink-compact-v2-proof PASS wall=1.996919249999337
PROOF workspace_reliability workspace-metadata-chmod-compact-v2-proof PASS wall=2.175296500005061
PROOF workspace_reliability workspace-metadata-mtime-compact-v2-proof PASS wall=1.9586524999976973
PROOF workspace_reliability workspace-metadata-xattr-compact-v2-proof PASS wall=2.1092141659974004
PROOF workspace_reliability workspace-exec-500-compact-v2-proof PASS wall=10.366919250001956
PROOF workspace_reliability workspace-repeat-publication-compact-v2-proof PASS wall=2.4708503750007367
{"campaign": {"declaration_sha256": "50a2256635e415168509c1bb5c98fb6660437633dc48b2fecd597d0c8098a0a9", "issue": 91, "release": "0.1.4"}, "issue": 91, "mismatches": [], "performance_cases": 198, "performance_outcomes": {}, "proof_definitions": 29, "verification_outcomes": {"FAIL": 1, "NOT_RUN_OPTIONAL": 1, "PASS": 222, "TIMEOUT": 3}}
