   Compiling proc-macro2 v1.0.107
   Compiling quote v1.0.47
   Compiling libc v0.2.189
   Compiling unicode-ident v1.0.24
   Compiling cfg_aliases v0.2.2
   Compiling autocfg v1.5.1
   Compiling memoffset v0.9.1
   Compiling hashbrown v0.17.1
   Compiling winnow v1.0.4
   Compiling equivalent v1.0.2
   Compiling indexmap v2.14.1
   Compiling syn v2.0.119
   Compiling toml_parser v1.1.3+spec-1.1.0
   Compiling toml_datetime v1.1.1+spec-1.1.0
   Compiling toml_edit v0.25.13+spec-1.1.0
   Compiling parking_lot_core v0.9.12
   Compiling rustversion v1.0.23
   Compiling proc-macro-crate v3.5.0
   Compiling syn v3.0.4
   Compiling nix v0.31.3
   Compiling scopeguard v1.2.0
   Compiling zerocopy v0.8.56
   Compiling ref-cast v1.0.27
   Compiling lock_api v0.4.14
   Compiling zerocopy-derive v0.8.56
   Compiling num_enum_derive v0.7.6
   Compiling ref-cast-impl v1.0.27
   Compiling fuser v0.18.0
   Compiling num_enum v0.7.6
   Compiling parking_lot v0.12.5
   Compiling tokio-macros v2.6.1
   Compiling page_size v0.6.0
   Compiling socket2 v0.6.5
   Compiling mio v1.2.3
   Compiling layerfs-workspace-core v0.1.3 (/Users/yifanxu/Ephemeral-AI-Lab/layerfs-issue90-storage-adoption/crates/layerfs-workspace-core)
   Compiling log v0.4.34
   Compiling bytes v1.12.1
   Compiling memchr v2.8.3
   Compiling pin-project-lite v0.2.17
   Compiling tokio v1.48.0
   Compiling nix v0.29.0
   Compiling layerfs-layerstack-store v0.1.3 (/Users/yifanxu/Ephemeral-AI-Lab/layerfs-issue90-storage-adoption/crates/layerfs-layerstack-store)
   Compiling layerfs-daemon v0.1.3 (/Users/yifanxu/Ephemeral-AI-Lab/layerfs-issue90-storage-adoption/crates/layerfs-daemon)
   Compiling layerfs-fuse v0.1.3 (/Users/yifanxu/Ephemeral-AI-Lab/layerfs-issue90-storage-adoption/crates/layerfs-fuse)
   Compiling layerfs-materialization v0.1.3 (/Users/yifanxu/Ephemeral-AI-Lab/layerfs-issue90-storage-adoption/crates/layerfs-materialization)
   Compiling utf8parse v0.2.2
   Compiling anstyle-parse v0.2.7
   Compiling anstyle-query v1.1.5
   Compiling anstyle v1.0.14
   Compiling colorchoice v1.0.5
   Compiling is_terminal_polyfill v1.70.2
   Compiling clap_lex v0.7.7
   Compiling anstream v0.6.21
   Compiling strsim v0.11.1
   Compiling heck v0.5.0
   Compiling clap_builder v4.5.48
   Compiling clap_derive v4.5.47
   Compiling layerfs-workspace v0.1.3 (/Users/yifanxu/Ephemeral-AI-Lab/layerfs-issue90-storage-adoption/crates/layerfs-workspace)
   Compiling clap v4.5.48
   Compiling layerfs-monitor v0.1.3 (/Users/yifanxu/Ephemeral-AI-Lab/layerfs-issue90-storage-adoption/crates/layerfs-monitor)
   Compiling layerfs-sdk v0.1.3 (/Users/yifanxu/Ephemeral-AI-Lab/layerfs-issue90-storage-adoption/crates/layerfs-sdk)
   Compiling layerfs-cli v0.1.3 (/Users/yifanxu/Ephemeral-AI-Lab/layerfs-issue90-storage-adoption/crates/layerfs-cli)
   Compiling layerfs-eval v0.1.3 (/Users/yifanxu/Ephemeral-AI-Lab/layerfs-issue90-storage-adoption/tools/layerfs-eval)
   Compiling fs-benchmark-pro v0.1.3 (/Users/yifanxu/Ephemeral-AI-Lab/layerfs-issue90-storage-adoption/benchmark/fs-bench-pro)
    Finished `test` profile [unoptimized + debuginfo] target(s) in 27.31s
=== extent_codec-2a796c395ace955b (1.88s, status=0) ===

running 3 tests
test literal_empty_leaf_and_file_state_are_exact ... ok
test profile_digest_is_literal_and_malformed_framing_is_rejected ... ok
test selected_nonempty_boundary_ids_are_literal ... ok

test result: ok. 3 passed; 0 failed; 0 ignored; 0 measured; 0 filtered out; finished in 0.00s

=== fastcdc_shifted_stream-f4939fe5122ca2f9 (3.22s, status=0) ===

running 1 test
test shifted_stream_retains_a_frozen_canonical_suffix_that_fixed_blocks_lose ... ok

test result: ok. 1 passed; 0 failed; 0 ignored; 0 measured; 0 filtered out; finished in 0.74s

=== file_edit-0d8b025a8843969a (8.34s, status=101) ===

running 12 tests
test group_1_descending_overlapping_repeated_and_up_to_date_normalize_exactly ... ok
test group_1_range_piece_eof_noop_and_repeated_boundaries ... ok
test group_2_projection_refresh_commit_and_reopen_are_exact ... ok
test group_3_hard_link_aliases_share_one_edited_inode ... ok
test group_3_rename_parent_replace_unlink_and_final_alias_reclamation_are_inode_exact ... ok
test group_4_invalid_type_range_overflow_and_limits_are_atomic ... ok
test group_5_candidate_admission_and_publication_failures_retry_once ... FAILED
test group_5_commit_publication_is_exactly_once_and_retry_is_up_to_date ... ok
test group_6_discard_mixed_inline_zero_and_spool_state_leaves_no_durable_change ... ok
test group_7_stale_head_and_posix_owner_composition_are_exact ... ok
test stale_head_with_resume_failure_requires_explicit_presentation_recovery ... ok
test whole_file_empty_generation_reclaims_edit_budget ... ok

failures:

---- group_5_candidate_admission_and_publication_failures_retry_once stdout ----

thread 'group_5_candidate_admission_and_publication_failures_retry_once' panicked at crates/layerfs-workspace/tests/file_edit.rs:588:9:
failure=Some(7) result=Ok(Created { previous_head: None, commit_id: CommitId(12fd82d3a2293d865bd56f7a78768b3c437945d89113cf6bae7e9b0fa24929f4f3) })
note: run with `RUST_BACKTRACE=1` environment variable to display a backtrace


failures:
    group_5_candidate_admission_and_publication_failures_retry_once

test result: FAILED. 11 passed; 1 failed; 0 ignored; 0 measured; 0 filtered out; finished in 6.93s

=== layerfs-a088a536bf61db26 (0.61s, status=0) ===

running 0 tests

test result: ok. 0 passed; 0 failed; 0 ignored; 0 measured; 0 filtered out; finished in 0.00s

=== layerfs_cli-4de74335f29dee73 (0.62s, status=0) ===

running 1 test
test runtime::tests::bounded_protocol_round_trips_arguments ... ok

test result: ok. 1 passed; 0 failed; 0 ignored; 0 measured; 0 filtered out; finished in 0.00s

=== canonical_v2_fixture_oracle-c9c62dc75d80e7b6 (16.10s, status=0) ===

running 1 test
test independent_actual_fixture_oracle_freezes_complete_v2_corpus ... ok

test result: ok. 1 passed; 0 failed; 0 ignored; 0 measured; 0 filtered out; finished in 15.46s

=== layerfs_daemon-2996a69d39137cf7 (0.61s, status=0) ===

running 0 tests

test result: ok. 0 passed; 0 failed; 0 ignored; 0 measured; 0 filtered out; finished in 0.00s

=== layerfs_daemon-f2be5fdca1be5862 (0.62s, status=0) ===

running 7 tests
test client::tests::prepared_clock_stream_reuses_transport_and_rejects_non_clock_reply ... ok
test client::tests::tcp_capability_is_exact_hex ... ok
test client::tests::tcp_owner_and_bound_stream_authenticate ... ok
test protocol::tests::acknowledged_window_finish_accepts_only_the_exact_zero_sentinel ... ok
test protocol::tests::clock_probe_frames_are_single_write_and_exact ... ok
test protocol::tests::fragmented_and_coalesced_frames_and_exec_bounds ... ok
test protocol::tests::tcp_bound_proof_binds_challenge_owner_kind_and_payload ... ok

test result: ok. 7 passed; 0 failed; 0 ignored; 0 measured; 0 filtered out; finished in 0.00s

=== layerfs_eval-87e7d29d593c6337 (0.62s, status=0) ===

running 0 tests

test result: ok. 0 passed; 0 failed; 0 ignored; 0 measured; 0 filtered out; finished in 0.00s

=== layerfs_fuse-f4e69c5ad1661bb5 (0.61s, status=0) ===

running 0 tests

test result: ok. 0 passed; 0 failed; 0 ignored; 0 measured; 0 filtered out; finished in 0.00s

=== layerfs_fuse-fd5b389d3655a817 (1.37s, status=0) ===

running 31 tests
test immutable_read_cache::tests::names_share_the_budget_and_keep_namespace_and_directory_identity ... ok
test immutable_read_cache::tests::pages_keep_cursor_identity_and_share_eviction_with_names_and_content ... ok
test immutable_read_cache::tests::ranges_scopes_replacement_and_eviction_are_bounded ... ok
test live_owner::immutable_acquisition_tests::canceled_prefill_waiter_keeps_blocking_job_guards_and_revalidates_root ... ok
test live_owner::immutable_acquisition_tests::checkpoint_full_validation_and_read_failure_leave_all_nodes_uninstalled ... ok
test live_owner::immutable_acquisition_tests::checkpoint_install_streams_beyond_old_node_cap_and_replays_lost_end_reply ... ok
test live_owner::immutable_acquisition_tests::checkpoint_journal_rejects_duplicate_ids_inodes_order_and_scratch_overflow ... ok
test live_owner::immutable_acquisition_tests::checkpoint_partial_install_stays_frozen_until_exact_retry_finishes ... ok
test live_owner::immutable_acquisition_tests::checkpoint_staging_retry_releases_old_scratch_and_checks_generation ... ok
test live_owner::immutable_acquisition_tests::delayed_lookup_cannot_install_after_root_or_parent_revision_changes ... ok
test live_owner::immutable_acquisition_tests::kernel_page_rollback_overflow_and_detach_balance_pins ... ok
test live_owner::immutable_acquisition_tests::kernel_reference_keeps_old_base_contents_after_unlink_and_root_change ... ok
test live_owner::immutable_acquisition_tests::kernel_references_preserve_unlinked_contents_until_last_forget ... ok
test live_owner::immutable_acquisition_tests::malformed_grouped_replies_do_not_install_live_nodes ... ok
test live_owner::immutable_acquisition_tests::stale_folio_preserves_sdk_ranges_and_cannot_regrow_truncated_tail ... ok
test live_owner::immutable_acquisition_tests::writable_open_write_and_truncate_wait_for_prefill_even_after_forget ... ok
test live_runtime::tests::operation_cut_drains_callbacks_and_allows_laundering_before_freeze ... ok
test live_runtime::tests::parked_socket_operations_release_workers_and_reservations ... ok
test live_transport::tests::vectored_frames_preserve_prefixes_across_short_writes ... ok
test protocol::tests::directory_fragments_preserve_complete_entries_and_reject_invalid_streams ... ok
test protocol::tests::framing_uses_one_write_and_handles_partial_and_interrupted_output ... ok
test protocol::tests::write_and_size_round_trip ... ok
test proxy_client::tests::acknowledged_unlink_is_absent_with_and_without_parent_cache ... ok
test proxy_client::tests::deferred_write_error_invalidates_optimistic_observations ... ok
test proxy_client::tests::metadata_cache_fill_is_inside_owner_pause_barrier ... ok
test proxy_client::tests::multi_stream_barrier_drains_every_stream_after_the_first_error ... ok
test proxy_client::tests::read_ordering_flushes_only_the_same_inode ... ok
test proxy_client::tests::readonly_pin_waits_for_ack_and_rejects_replaced_inode ... ok
test proxy_client::tests::rename_refreshes_overwritten_alias_attributes_and_preserves_same_inode_names ... ok
test proxy_host::tests::capabilities_use_os_entropy ... ok
test write_metrics::tests::kernel_observation_round_trip_and_reset ... ok

test result: ok. 31 passed; 0 failed; 0 ignored; 0 measured; 0 filtered out; finished in 0.68s

=== layerfs_content-e8e5db32b3424a3e (35.63s, status=0) ===

running 52 tests
test file::cdc::tests::callback_failure_is_propagated_exactly ... ok
test file::cdc::tests::fragmentation_does_not_change_boundaries ... ok
test file::cdc::tests::frozen_boundaries_are_deterministic ... ok
test file::cdc::tests::scanner_buffer_capacity_is_fixed ... ok
test file::cdc::tests::short_and_maximum_edges_are_bounded ... ok
test file::extent_codec::tests::single_allocation_chunk_encoding_is_byte_identical ... ok
test file::rope::build::tests::known_single_chunk_bytes_match_streaming_builder_exactly ... ok
test file::rope::edit::batch_tests::file_batch_streams_large_replacement_below_structural_hard_bound ... ok
test file::rope::edit::batch_tests::file_batch_streams_payload_while_deferring_only_structural_objects ... ok
test filesystem::apply::tests::deferred_directory_batch_matches_sequential_roots_with_local_final_puts ... ok
test filesystem::apply::tests::deferred_inode_batch_matches_sequential_roots_with_local_final_puts ... ok
test filesystem::apply::tests::initial_directory_sorted_rejects_invalid_order_and_ownership_overflow_privately ... ok
test filesystem::apply::tests::initial_directory_sorted_transfer_matches_insertion_and_fallback ... ok
test filesystem::apply::tests::initial_directory_sorted_wide_matches_final_objects_with_bounded_work ... ok
test filesystem::apply::tests::public_file_changes_scope_payload_provenance_and_restore_after_errors ... ok
test filesystem::change::tests::portable_metadata_cache_is_exact_normalized_and_bounded ... ok
test filesystem::change::tests::portable_metadata_cache_reuses_modes_with_unique_mtimes ... ok
test object::codec::tests::assigned_identity_and_expected_identity_share_framing_validation ... ok
test object::codec::tests::borrowed_bytes_encoding_matches_owned_canonical_identity ... ok
test object::codec::tests::canonical_vectors_are_fixed ... ok
test object::codec::tests::directory_names_use_the_canonical_name_bound ... ok
test object::codec::tests::identity_authenticates_supplied_bytes_before_decoding ... ok
test object::codec::tests::object_id_matches_hash_of_canonical_encoding ... ok
test object::codec::tests::rejects_declared_fields_larger_than_remaining_payload ... ok
test object::codec::tests::rejects_malformed_and_noncanonical_bytes ... ok
test object::codec::tests::rejects_manually_unsorted_directory_wire_bytes ... ok
test object::codec::tests::rejects_truncated_payloads_and_invalid_fields ... ok
test object::codec::tests::round_trips_and_streams_each_object_kind ... ok
test object::codec::tests::shallow_authentication_defers_payload_rules_to_the_exact_role_decoder ... ok
test object::codec::tests::streaming_decode_handles_fragmented_and_short_reads ... ok
test object::digest::tests::content_digest_writer_is_fragmentation_independent ... ok
test object::digest::tests::object_domain_is_frozen_for_v2_and_differs_from_v1 ... ok
test object::digest::tests::object_domain_is_not_unframed_hashing ... ok
test object::digest::tests::object_hash_is_fragmentation_independent ... ok
test object::id::tests::ids_are_fixed_and_text_round_trips ... ok
test object::references::tests::every_internal_magic_is_safe_as_user_file_prefix_and_transfer_leaf ... ok
test tree::batch::tests::sorted_builds_match_existing_canonical_split_boundaries ... ok
test tree::batch::tests::sorted_directory_dense_mixed_sparse_and_empty ... ok
test tree::batch::tests::sorted_directory_reports_original_and_final_bindings_from_the_merge ... ok
test tree::batch::tests::sorted_inode_dense_delete_preserves_sparse_historical_records ... ok
test tree::batch::tests::sorted_mixed_boundaries_emit_only_final_reachable_pages ... ok
test tree::batch::tests::sorted_tiny_inode_update_uses_actual_capacity ... ok
test tree::batch::tests::sorted_updates_validate_input_and_reserve_before_allocation ... ok
test tree::batch::tests::sorted_variable_names_balance_across_parent_boundaries ... ok
test tree::directory::read::tests::lookup_leaf_entries_are_sorted_and_root_scoped ... ok
test tree::directory::validate::tests::directory_pages_resume_without_rescanning_or_skipping ... ok
test tree::directory::validate::tests::variable_width_directory_borrows_until_both_branches_are_filled ... ok
test tree::inode::table::tests::batch_lookup_matches_sequential_with_fewer_node_reads ... ok
test tree::path::tests::accepts_root_and_canonical_paths ... ok
test tree::path::tests::enforces_path_bounds ... ok
test tree::path::tests::orders_parents_and_components_by_bytes ... ok
test tree::path::tests::rejects_invalid_paths ... ok

test result: ok. 52 passed; 0 failed; 0 ignored; 0 measured; 0 filtered out; finished in 35.60s

=== layerfs_materialization-9fc777fbfe73a58d (0.65s, status=0) ===

running 0 tests

test result: ok. 0 passed; 0 failed; 0 ignored; 0 measured; 0 filtered out; finished in 0.00s

=== layerfs_monitor-ab5e9fede539e83b (0.63s, status=0) ===

running 0 tests

test result: ok. 0 passed; 0 failed; 0 ignored; 0 measured; 0 filtered out; finished in 0.00s

=== layerfs_sdk-d2368567f9c48d14 (0.62s, status=0) ===

running 0 tests

test result: ok. 0 passed; 0 failed; 0 ignored; 0 measured; 0 filtered out; finished in 0.00s

=== fs_benchmark_pro-c009705186edf24b (48.55s, status=0) ===

running 24 tests
test dedup_verify::tests::independent_cdc_and_extent_oracle ... ok
test tests::bounded_rss_observation_retains_first_and_latest_without_aborting ... ok
test tests::lifecycle_equations_and_median_are_exact ... ok
test tests::namespace_family_registry_and_dispatch_are_exact ... ok
test tests::sdk_edit_child_guard_reaps_on_early_return ... ok
test tests::sdk_edit_family_registries_are_exact ... ok
test tests::sdk_edit_sampling_rejects_missing_boundaries_and_uncalibrated_clocks ... ok
test workload_source::dedup_branch_history::checkpoint_tests::flat_history_oracle_matches_small_recipe_and_handles_deep_rewrites ... ok
test workload_source::dedup_branch_history::checkpoint_tests::history_samples_cover_cycles_and_final_states ... ok
test workload_source::dedup_branch_history::tests::mixed_v2_contract ... ok
test workload_source::dedup_workloads::acknowledged_bytes_survive_a_later_write_failure ... ok
test workload_source::dedup_workloads::cdc_delete_offsets_preserve_all_but_the_frozen_collision ... ok
test workload_source::git_tool_workflow::tests::mixed_v4_contract ... ok
test workload_source::namespace_mutation::tests::mixed_v4_contract ... ok
test workload_source::ordinary_workloads::tests::native_git_reference_checks_workflow ... 
running 0 tests

test result: ok. 0 passed; 0 failed; 0 ignored; 0 measured; 24 filtered out; finished in 0.00s

ok
test workload_source::ordinary_workloads::tests::native_payload_and_episode_match_independent_oracles ... 
running 0 tests

test result: ok. 0 passed; 0 failed; 0 ignored; 0 measured; 24 filtered out; finished in 0.00s

ok
test workload_source::reliability_workloads::open_handle_oracle_rejects_wrong_or_extra_bytes ... ok
test workload_source::reliability_workloads::sustained_handoff_detects_peer_exit_and_progress_timeout ... ok
test workload_source::tests::namespace_metadata_custody_is_exact ... ok
test workload_source::tiny_file_churn::tests::mixed_v3_contract ... ok
test workload_source::workspace_change_locality::tests::mixed_v4_contract ... ok
test workspace_bench::product_budget_tests::cumulative_budget_keeps_prior_phases_and_exact_boundary ... {"kind":"product-budget-phase","state":"begin","phase":"create","cumulative_ns":0,"limit_ns":120000000000,"elapsed_ns":0,"phase_error":null}
{"kind":"product-budget-phase","state":"end","phase":"create","cumulative_ns":2000000000,"limit_ns":120000000000,"elapsed_ns":2000000000,"phase_error":null}
{"kind":"product-budget-phase","state":"begin","phase":"exec","cumulative_ns":2000000000,"limit_ns":120000000000,"elapsed_ns":0,"phase_error":null}
{"kind":"product-budget-phase","state":"end","phase":"exec","cumulative_ns":9000000000,"limit_ns":120000000000,"elapsed_ns":7000000000,"phase_error":null}
{"kind":"product-budget-phase","state":"begin","phase":"commit","cumulative_ns":9000000000,"limit_ns":120000000000,"elapsed_ns":0,"phase_error":null}
{"kind":"product-budget-phase","state":"end","phase":"commit","cumulative_ns":119000000000,"limit_ns":120000000000,"elapsed_ns":110000000000,"phase_error":null}
{"kind":"product-budget-phase","state":"begin","phase":"end","cumulative_ns":119000000000,"limit_ns":120000000000,"elapsed_ns":0,"phase_error":null}
{"kind":"product-budget-phase","state":"end","phase":"end","cumulative_ns":120000000000,"limit_ns":120000000000,"elapsed_ns":1000000000,"phase_error":null}
{"kind":"product-budget-phase","state":"end","phase":"visibility","cumulative_ns":120000000001,"limit_ns":120000000000,"elapsed_ns":1,"phase_error":null}
{"kind":"product-time-budget-exceeded","limit_ns":120000000000,"cumulative_ns":120000000001,"phase":"visibility","measurement":"completed-pure-call-sum"}
{"kind":"product-budget-phase","state":"end","phase":"exec","cumulative_ns":120000000001,"limit_ns":600000000000,"elapsed_ns":120000000001,"phase_error":null}
{"kind":"product-budget-phase","state":"end","phase":"commit","cumulative_ns":600000000001,"limit_ns":600000000000,"elapsed_ns":480000000000,"phase_error":null}
{"kind":"product-time-budget-exceeded","limit_ns":600000000000,"cumulative_ns":600000000001,"phase":"commit","measurement":"completed-pure-call-sum"}
ok
test workspace_bench::product_budget_tests::live_watchdog_stops_at_remaining_cumulative_budget ... ok
test workspace_verify::sampled_tests::bounded_workspace_samples_match_recipes_and_reject_observed_corruption ... ok

test result: ok. 24 passed; 0 failed; 0 ignored; 0 measured; 0 filtered out; finished in 47.72s

=== layerfs_workspace_core-b137ad48bbb8a637 (0.71s, status=0) ===

running 16 tests
test backing::tests::old_range_retains_resource_after_live_tree_and_registry_drop ... ok
test file_edit::tests::contiguous_spool_records_fit_workspace_budget_and_preserve_edit_limits ... ok
test file_edit::tests::implicit_piece_tree_splices_without_rekeying_later_pieces ... ok
test file_edit::tests::logical_allocation_charge_accepts_exact_and_rejects_plus_one ... ok
test file_edit::tests::logical_zero_ceiling_is_exact_without_physical_allocation ... ok
test file_edit::tests::maximum_fragmentation_remains_bounded_and_balanced ... ok
test file_edit::tests::result_length_ceiling_accepts_exact_and_rejects_plus_one ... ok
test file_edit::tests::sequential_spool_appends_stay_inline_and_fragmented_writes_fall_back ... ok
test limits::tests::spool_and_final_delta_limits_accept_exact_and_reject_plus_one ... ok
test namespace::tests::directories_symlinks_and_acquired_aliases_use_the_same_live_nodes ... ok
test namespace::tests::resolved_create_revalidates_and_rejects_before_consuming_identity ... ok
test tests::metadata_changes_share_aliases_and_reject_before_generation_overflow ... ok
test tests::pins_reject_overflow_and_keep_unlinked_nodes_until_last_release ... ok
test tests::prepared_write_is_exact_once_and_unrelated_inode_metadata_can_progress ... ok
test tests::reads_at_and_beyond_eof_are_empty_for_base_and_edited_files ... ok
test tests::truncate_preparation_preserves_exact_inode_ranges_and_edit_budget ... ok

test result: ok. 16 passed; 0 failed; 0 ignored; 0 measured; 0 filtered out; finished in 0.08s

=== leases-8491709759ee1857 (0.78s, status=0) ===

running 1 test
test writable_workspaces_share_a_branch_and_clean_up_independently ... ok

test result: ok. 1 passed; 0 failed; 0 ignored; 0 measured; 0 filtered out; finished in 0.02s

=== layerfs_workspace-4784b31658b5d7fa (5.06s, status=0) ===

running 60 tests
test changes::tests::backward_write_invalidates_capture_and_uses_exact_fallback ... ok
test changes::tests::checkpoint_checks_final_references_and_preserves_payload_limit ... ok
test changes::tests::clean_workspace_commit_is_immediately_up_to_date ... ok
test changes::tests::coalesced_spill_keeps_tombstones_and_reference_updates_across_merge_failure ... ok
test changes::tests::dense_existing_file_delta_uses_bounded_frontier_and_preserves_aliases ... ok
test changes::tests::detached_changed_inputs_preserve_cut_without_a_live_workspace ... ok
test changes::tests::dirty_checkpoint_keeps_rejected_edit_accounting_and_unseen_pinned_alias ... ok
test changes::tests::existing_file_mutations_are_exact_and_bounded ... ok
test changes::tests::file_result_journals_restore_reverse_completion_and_reject_missing_slots ... ok
test changes::tests::final_records_match_in_memory_spill_and_small_budget_builders ... ok
test changes::tests::fully_charged_new_file_reads_directly_from_retained_spool ... ok
test changes::tests::owner_prepend_scans_only_replacement_and_retains_every_base_payload ... ok
test changes::tests::paged_release_keeps_prior_moves_and_repeated_unseen_aliases ... ok
test changes::tests::preview_stays_private_and_streamed_commit_has_the_same_root ... ok
test changes::tests::producer_workers_preserve_roots_alias_capture_and_empty_inputs ... ok
test changes::tests::reference_journal_rewind_keeps_prior_edges_and_latest_alias_counts ... ok
test changes::tests::sequential_new_file_capture_is_canonical_and_commit_ready ... ok
test changes::tests::structural_frontier_keeps_unrelated_namespace_out_of_budget ... ok
test container::tests::create_input_and_exact_identity_are_bounded ... ok
test cow_tree::tests::batch_inode_acquisition_reuses_typed_portable_metadata ... ok
test cow_tree::tests::failed_spool_io_does_not_advance_the_overlay ... ok
test cow_tree::tests::portable_metadata_rejects_short_canonical_mtime ... ok
test cow_tree::tests::rename_validates_every_noop_and_rejection_before_mutation ... ok
test cow_tree::tests::reserved_directory_consumes_the_exact_node_once ... ok
test cow_tree::tests::resolution_fingerprint_ignores_unrelated_paths_and_tracks_affected_state ... ok
test cow_tree::tests::spool_write_metrics_are_aggregate_and_reset ... ok
test daemon::tests::daemon_exec_selects_the_required_live_daemon_mount_by_default ... ok
test daemon::tests::tcp_daemon_container_id_is_exact_and_bounded ... ok
test execution::tests::container_execution_starts_without_a_ready_handshake ... ok
test file_io::tests::backing_service_appends_only_its_exact_reserved_range_without_live_state ... ok
test file_io::tests::discard_reclaims_one_live_base_inline_zero_spool_composition ... ok
test file_io::tests::edit_limit_and_sparse_physical_charge_are_exact ... ok
test file_io::tests::failed_tail_cleanup_keeps_discarded_physical_bytes_charged ... ok
test file_io::tests::generation_overflow_rejects_without_logical_or_physical_change ... ok
test file_io::tests::physical_spool_peak_survives_short_append_reclaim_and_discard ... ok
test file_io::tests::shared_segments_keep_interleaved_rollback_reads_and_open_unlinked_lifetime ... ok
test file_io::tests::short_spool_append_restores_high_water_and_piece_root ... ok
test file_io::tests::stale_prepared_append_is_not_repeated_and_keeps_its_physical_charge ... ok
test file_io::tests::workspace_inline_limit_accepts_eight_mib_and_rejects_the_next_byte ... ok
test lifecycle::tests::busy_commit_with_resume_failure_requires_explicit_presentation_recovery ... ok
test lifecycle::tests::callback_and_execution_reject_owner_edit_without_state_change ... ok
test lifecycle::tests::continuing_workspace_installs_its_returned_snapshot_after_later_publication ... ok
test lifecycle::tests::failed_projection_refresh_restores_exact_state_and_retry_once ... ok
test lifecycle::tests::head_movement_retains_stage_and_freezes_mutation_until_discard ... ok
test lifecycle::tests::owner_drop_discards_only_its_workspace_without_branch_exclusion ... ok
test lifecycle::tests::partial_checkpoint_retry_preserves_identity_aliases_and_pinned_spools ... ok
test lifecycle::tests::pinned_target_rejects_owner_edit_without_state_change ... ok
test lifecycle::tests::published_install_failure_recovers_without_second_commit ... ok
test lifecycle::tests::refreshed_workspace_keeps_held_segment_charge_until_read_finishes ... ok
test lifecycle::verification_fault_scope_is_one_shot ... ok
test live_backing::tests::append_consumes_only_its_exact_reservation ... ok
test live_backing::tests::cold_grouped_reads_preserve_alias_mutations_and_peer_isolation ... ok
test live_backing::tests::live_owner_builds_and_checkpoints_through_real_host_backing ... ok
test live_backing::tests::local_owner_builds_and_checkpoints_through_direct_host_backing ... ok
test output::tests::one_large_write_never_enters_the_live_tail_above_one_mib ... ok
test projection::tests::failed_cleanup_moves_the_projection_off_placement_and_retains_retry_path ... ok
test projection::tests::failed_materialization_never_publishes_or_leaves_a_stage ... ok
test projection::tests::failed_publish_removes_the_complete_stage ... ok
test reconcile::tests::only_intersecting_later_mutations_invalidate_a_resolution ... ok
test registry::tests::retention_evicts_oldest_by_age_count_and_bytes ... ok

test result: ok. 60 passed; 0 failed; 0 ignored; 0 measured; 0 filtered out; finished in 4.22s

=== live_docker-c083fbb6b773c7df (0.81s, status=0) ===

running 3 tests
test managed_container_lifecycle_and_disconnect_cleanup_are_exact ... ok
test ordinary_writes_queue_during_mapped_commit ... ok
test running_commands_and_dirty_mappings_continue_across_commit ... ok

test result: ok. 3 passed; 0 failed; 0 ignored; 0 measured; 0 filtered out; finished in 0.00s

=== extent_model-82060ab1f851fe1d (54.87s, status=0) ===

running 21 tests
test authenticated_child_summary_mismatch_and_underfull_nonroot_are_rejected ... ok
test deep_splice_rejoins_boundary_fragments_before_they_become_nonroots ... ok
test extent_visitor_streams_the_mapping_without_fetching_payload_bytes ... ok
test extra_payload_batch_callback_is_rejected_without_panicking ... ok
test fetched_identity_is_unconditional ... ok
test fetched_payload_above_frozen_ceiling_is_rejected ... ok
test frozen_three_mib_mapping_is_below_one_percent ... ok
test full_empty_read_authenticates_and_binds_its_mapping_root ... ok
test large_replacement_persists_no_flushed_unreachable_prefix_nodes ... ok
test missing_payload_batch_callback_is_rejected ... ok
test mutation_batch_preserves_root_and_persists_only_final_extent_spines ... ok
test mutation_batch_rejects_later_overlap_before_sealed_nodes_can_be_orphaned ... ok
test paired_diff_handles_unequal_height_and_partition_without_payload_reads ... ok
test paired_diff_skips_equal_roots_and_length_mismatch_mappings ... ok
test payload_batches_continue_across_mapping_leaf_boundaries ... ok
test product_range_reader_uses_bounded_authenticated_payload_batches ... ok
test replace_persists_no_new_unreachable_objects ... ok
test splices_match_vec_and_preserve_retained_root_without_suffix_payload_reads ... ok
test streamed_build_and_ranges_match_vec_oracle ... ok
test two_thousand_randomized_splices_match_every_revision_and_retained_history ... ok
test validation_binds_empty_state_and_visits_unread_children ... ok

test result: ok. 21 passed; 0 failed; 0 ignored; 0 measured; 0 filtered out; finished in 53.61s

=== live_fuse-39bd4ae4b66c21e2 (0.86s, status=0) ===

running 4 tests
test created_fuse_files_are_coherent_and_mmap_after_reopen ... ok
test namespace_10000_materialization_and_real_fuse_have_one_canonical_root ... ok
test owner_range_edit_rejects_live_fuse_read_and_write_handles_atomically ... ok
test owner_range_edits_have_materialization_and_real_fuse_root_equality ... ok

test result: ok. 4 passed; 0 failed; 0 ignored; 0 measured; 0 filtered out; finished in 0.00s

=== materialize-f35306fc5fcd6b42 (1.31s, status=0) ===

running 1 test
test port_materializes_files_metadata_hardlinks_and_symlinks ... ok

test result: ok. 1 passed; 0 failed; 0 ignored; 0 measured; 0 filtered out; finished in 0.00s

=== monitor-6129556217c38231 (2.04s, status=0) ===

running 2 tests
test candidate_stats_accept_store_admission_bounds ... ok
test passive_snapshot_has_zero_sql_and_explicit_analysis_is_exact ... ok

test result: ok. 2 passed; 0 failed; 0 ignored; 0 measured; 0 filtered out; finished in 0.01s

=== logical-fe55f81ebe9002b6 (3.53s, status=0) ===

running 12 tests
test exact_reads_and_local_mutation_share_one_logical_owner ... ok
test inode_reconciliation_prunes_equal_persistent_subtrees ... ok
test new_file_write_preserves_replacement_cdc_and_structural_counters ... ok
test path_diff_preserves_order_types_metadata_symlinks_directories_and_hard_links ... ok
test path_diff_reuses_equal_persistent_objects_and_emits_incrementally ... ok
test rename_keeps_old_roots_readable_and_handles_same_and_cross_directory_moves ... ok
test three_root_reconciliation_combines_content_and_metadata_on_one_inode ... ok
test three_root_reconciliation_combines_disjoint_metadata_keys ... ok
test three_root_reconciliation_combines_disjoint_names_in_one_directory ... ok
test three_root_reconciliation_never_publishes_an_undercounted_parallel_hard_link ... ok
test three_root_reconciliation_streams_independent_inode_changes_and_reports_overlap ... ok
test typed_conflicts_report_canonical_paths_and_exact_choice_roots ... ok

test result: ok. 12 passed; 0 failed; 0 ignored; 0 measured; 0 filtered out; finished in 2.05s

=== namespace_codec-cdb5d2ddbfa8ea36 (2.19s, status=0) ===

running 9 tests
test directory_inode_and_metadata_nodes_are_strict_and_ordered ... ok
test exact_namespace_values_round_trip_and_reject_trailing_bytes ... ok
test inode_decoder_rejects_size_count_and_level_before_entry_allocation ... ok
test metadata_builder_keeps_only_bounded_tail_summaries ... ok
test metadata_child_ranges_must_not_overlap ... ok
test metadata_empty_root_is_canonical_and_one_child_root_is_not ... ok
test metadata_lookup_and_fixed_key_replacement_touch_only_one_cow_spine ... ok
test persistent_metadata_tree_round_trips_multiple_levels ... ok
test portable_and_apple_metadata_are_exact_and_order_preserving ... ok

test result: ok. 9 passed; 0 failed; 0 ignored; 0 measured; 0 filtered out; finished in 0.82s

=== proxy-b1b4347eceb485eb (1.42s, status=0) ===

running 6 tests
test cached_directory_pages_are_bounded_and_keep_first_and_later_offsets_consistent ... ok
test capability_scopes_a_bounded_typed_proxy_session ... ok
test connect_does_not_enumerate_or_reserve_a_hundred_thousand_entry_root ... ok
test deferred_mutation_errors_surface_at_the_next_synchronization_point ... ok
test owner_edit_invalidates_warm_file_caches_without_remounting ... ok
test read_ahead_never_returns_short_before_source_eof ... ok

test result: ok. 6 passed; 0 failed; 0 ignored; 0 measured; 0 filtered out; finished in 0.22s

=== query_pagination-bcac8766ddf971ee (1.20s, status=0) ===

running 1 test
test typed_keyset_queries_page_every_local_record ... ok

test result: ok. 1 passed; 0 failed; 0 ignored; 0 measured; 0 filtered out; finished in 0.01s

=== reconciliation-964bcca2ae605dea (1.37s, status=0) ===

running 2 tests
test materialized_resolution_ignores_unrelated_edits_and_remains_writable_after_commit ... ok
test published_commit_reports_projection_failure_and_recovers_without_recommit ... ok

test result: ok. 2 passed; 0 failed; 0 ignored; 0 measured; 0 filtered out; finished in 0.06s

=== v4-45f50c681d1a305a (1.61s, status=0) ===

running 1 test
test public_sdk_runs_one_store_workspace_commit_and_add_lifecycle ... ok

test result: ok. 1 passed; 0 failed; 0 ignored; 0 measured; 0 filtered out; finished in 0.02s

=== v4-9e11be0ad1b1a2bd (1.54s, status=0) ===

running 7 tests
test concurrent_commit_has_one_cas_winner ... ok
test directory_initialization_receipt_counts_scanned_files_and_bytes ... ok
test entity_names_enforce_the_exact_boundary ... ok
test exact_v7_schema_runtime_and_old_schema_rejection ... ok
test no_op_commit_writes_nothing_and_every_publication_statement_rolls_back ... ok
test one_store_initialize_fork_commit_add_and_dedup_are_atomic ... ok
test visible_missing_and_same_length_corrupt_objects_are_integrity_errors ... ok

test result: ok. 7 passed; 0 failed; 0 ignored; 0 measured; 0 filtered out; finished in 0.05s

=== v4-8d1bef8d37ecfff1 (3.33s, status=0) ===

running 3 tests
test exact_replacement_grammar_parses_and_deleted_topology_is_rejected ... ok
test one_store_context_and_query_execute_without_a_tui ... ok
test standalone_cli_keeps_one_sdk_client_through_workspace_end ... ok

test result: ok. 3 passed; 0 failed; 0 ignored; 0 measured; 0 filtered out; finished in 1.77s

=== v5-78f22368c246b59a (1.59s, status=0) ===

running 1 test
test v4_rejection_and_legacy_v6_staging_preserve_exact_publication_semantics ... ok

test result: ok. 1 passed; 0 failed; 0 ignored; 0 measured; 0 filtered out; finished in 0.03s

=== namespace_model-08cf9294a31394fd (25.09s, status=0) ===

running 19 tests
test deterministic_mixed_directory_edits_preserve_periodic_roots ... ok
test directory_and_inode_child_ranges_must_not_overlap ... ok
test directory_diff_merges_unequal_canonical_heights_without_collecting_entries ... ok
test directory_diff_streams_valid_unmatched_prefixes_tails_and_renames ... ok
test directory_lookup_cache_reuses_one_leaf_without_crossing_roots_or_name_gaps ... ok
test directory_state_and_branch_summaries_are_authoritative ... ok
test inode_branch_summary_and_occupancy_are_authoritative ... ok
test inode_diff_merges_unequal_canonical_heights_without_collecting_entries ... ok
test inode_remove_merges_collapses_and_preserves_retained_root ... ok
test inode_table_scales_and_record_update_rewrites_only_its_spine ... ok
test level_two_ranges_use_true_leftmost_leaf_minimum ... ok
test paired_persistent_diffs_prune_unchanged_directory_and_inode_subtrees ... ok
test remove_and_rename_persist_only_reachable_directory_and_inode_nodes ... ok
test remove_merge_root_collapse_and_rename_match_oracle ... ok
test repeated_child_levels_are_rejected_before_loading_grandchildren ... ok
test ten_thousand_names_path_copy_and_retained_roots_match_ordered_oracle ... ok
test underfull_middle_directory_borrows_right_before_merging_left ... ok
test underfull_middle_inode_leaf_borrows_right_before_merging_left ... ok
test variable_width_directory_borrows_until_both_leaves_are_filled ... ok

test result: ok. 19 passed; 0 failed; 0 ignored; 0 measured; 0 filtered out; finished in 23.83s

=== layerfs_layerstack_store-b5aa77f28d74615d (71.49s, status=0) ===

running 89 tests
test ids::tests::ids_remain_typed_uuidv7_and_v2_domain_separated ... ok
test layerstack::ingestion_tests::directory_and_fallback_import_encode_only_regular_payloads_and_reopen ... ok
test layerstack::tests::append_only_zero_get_path_matches_every_canonical_object_class ... ok
test layerstack::tests::batched_directory_import_matches_legacy_canonical_root ... ok
test layerstack::tests::batched_directory_import_retains_only_final_structure ... ok
test layerstack::tests::benchmark_initialization_seed_is_exact_lower_hex ... ok
test layerstack::tests::compact_inode_cross_task_hard_link_falls_back_before_admission ... ok
test layerstack::tests::compact_inode_mutable_records_are_bounded_by_one_task ... ok
test layerstack::tests::compact_inode_path_matches_canonical_roots_at_every_directory_tier ... ok
test layerstack::tests::composite_initialization_builds_the_final_root_without_worker_payload_reads ... ok
test layerstack::tests::empty_composite_admission_uses_no_object_point_selects ... ok
test layerstack::tests::late_direct_initialization_failure_publishes_nothing ... ok
test layerstack::tests::mixed_root_files_and_directories_use_direct_canonical_path ... ok
test layerstack::tests::mixed_root_hard_link_falls_back_before_publication ... ok
test layerstack::tests::mixed_root_split_directory_preserves_inode_preorder ... ok
test layerstack::tests::multi_batch_publication_failure_removes_admitted_objects ... ok
test layerstack::tests::native_metadata_cache_is_exact_canonical_and_bounded ... ok
test layerstack::tests::nested_frontier_isolates_large_files_and_keeps_unexpanded_subtrees_at_limits ... ok
test layerstack::tests::nested_frontier_keeps_abundant_root_tasks_without_scanning_descendants ... ok
test layerstack::tests::nested_frontier_splices_empty_ancestors_before_out_of_order_task_results ... ok
test layerstack::tests::nested_frontier_with_only_empty_directories_needs_no_worker_tasks ... ok
test layerstack::tests::nested_mixed_root_streams_structure_without_restarting_import ... ok
test layerstack::tests::over_task_block_limit_falls_back_before_admission_and_reuses_store ... ok
test layerstack::tests::parallel_large_spill_matches_legacy_after_fresh_store_reopen ... ignored, large spill correctness gate
test layerstack::tests::parallel_root_import_and_cross_directory_hard_link_match_legacy ... ok
test layerstack::tests::single_large_directory_splits_bounded_tasks_with_exact_canonical_output ... ok
test objects::admission::native_tests::failed_admission_reclaims_private_packs_and_preserves_waiting_owners_and_bases ... ok
test objects::admission::native_tests::failed_cleanup_quarantines_writes_and_keeps_preexisting_reads ... ok
test objects::admission::native_tests::native_admission_actual_prior_depth_first_hint_and_readback ... ok
test objects::admission::native_tests::native_admission_late_races_compare_canonical_full_and_prefix ... ok
test objects::admission::native_tests::native_admission_peak_reservations_reject_unowned_buffers ... ok
test objects::diagnostic::tests::actual_file_source_and_metadata_rope_have_distinct_diagnostic_provenance ... ok
test objects::diagnostic::tests::duplicate_credit_and_sticky_gauges_are_not_additive_targets ... ok
test objects::diagnostic::tests::late_race_retains_whole_partial_pack_and_invalidates_unique_cohort ... ok
test objects::diagnostic::tests::resumed_file_context_and_first_owner_survive_spill_without_metadata_promotion ... ok
test objects::diagnostic::tests::spill_handoff_admission_and_pack_provenance_conserve_the_file_cohort ... ok
test objects::diagnostic::tests::tags_and_role_partition_do_not_treat_metadata_as_file_payload ... ok
test objects::ingestion_tests::file_provenance_is_scoped_and_restored_before_metadata_and_after_failure ... ok
test objects::pack::native_framing_tests::native_grammar_ranges_and_legacy_dispatch ... ok
test objects::pack::zstandard::native_tests::native_static_fit_equivalence_and_strict_frames ... ok
test objects::pack::zstandard::native_tests::native_static_workspace_exhaustion_is_resource_only ... ok
test objects::read::native_tests::native_reader_depth_budget_and_legacy_hint_separation ... ok
test objects::read::native_tests::native_reader_empty_chunk_same_pack_and_cross_role ... ok
test objects::read::native_tests::native_reader_legacy_full_root_and_delta_rejection ... ok
test objects::read::native_tests::native_reader_maximum_owned_capacity_bound ... ok
test objects::read::native_tests::native_reader_missing_same_pack_and_wrong_identity_reject ... ok
test objects::read::native_tests::native_reader_point_scope_and_exact_ranges ... ok
test objects::tests::append_only_blocks_are_written_once_read_forward_and_unlinked ... ok
test objects::tests::append_only_reversed_worker_completion_sorts_to_task_order ... ok
test objects::tests::append_only_writer_rejects_and_counts_outer_gets ... ok
test objects::tests::buffered_append_reader_scales_raw_reads_with_bytes_not_tiny_frames ... ok
test objects::tests::checked_owned_output_requires_complete_framing_and_identity ... ok
test objects::tests::compact_inode_pair_sidecar_is_bounded_forward_only_and_unlinked ... ok
test objects::tests::complete_file_output_matches_reachability_selection_across_spill_and_tree_boundaries ... ok
test objects::tests::consumer_batches_flushed_duplicate_checks_without_recounting ... ok
test objects::tests::direct_admission_honors_every_frozen_count_boundary ... ok
test objects::tests::direct_admission_is_independent_of_segment_order ... ok
test objects::tests::durable_batches_hash_unique_rows_once_and_move_on_last_use ... ok
test objects::tests::empty_append_only_segment_finishes_without_a_read_pass ... ok
test objects::tests::finalized_output_tasks_restore_coverage_and_join_all_failures ... ok
test objects::tests::finished_candidate_payload_spill_is_private_read_only_and_authenticated ... ok
test objects::tests::memory_segment_moves_owned_canonical_bytes ... ok
test objects::tests::owned_delivery_authenticates_fresh_spill_before_handoff ... ok
test objects::tests::parent_payload_copy_counter_has_a_positive_control ... ok
test objects::tests::partitioned_completed_files_share_direct_facts_and_keep_failures_private ... ok
test objects::tests::prevalidated_transfer_seals_a_nonempty_spill_tail ... ok
test objects::tests::resumable_transfer_keeps_a_spill_writable ... ok
test objects::tests::s1_inode_origin_survives_delivery_and_delta_origin_stays_full ... ok
test objects::tests::seen_index_spill_preserves_exact_membership_and_private_cleanup ... ok
test objects::tests::segment_admission_deduplicates_across_pending_segments ... ok
test objects::tests::segment_admission_deduplicates_after_a_batch_boundary ... ok
test objects::tests::shared_admission_keeps_every_object_transaction_below_the_frozen_bounds ... ok
test objects::tests::small_completed_files_match_streaming_and_validate_eof_before_output ... ok
test objects::tests::spill_index_overflow_preserves_lookup_dedup_and_cleanup_without_scans ... ok
test objects::tests::spilled_candidate_visits_selected_objects_in_graph_order ... ok
test objects::tests::spilled_segment_streams_bounded_pages_once_and_unlinks ... ok
test objects::tests::workspace_delivery_selects_before_admission_and_deduplicates_across_phases ... ok
test schema::compatibility::legacy_format_reads_authenticates_and_writes_without_promotion ... ok
test schema::compatibility::legacy_open_contract_rejects_native_store_before_writer_configuration ... ok
test schema::compatibility::native_format_reopens_writes_and_retains_mixed_dependency_reads ... ok
test schema::compatibility::unsupported_versions_and_native_header_downgrade_reject_without_mutation ... ok
test schema::tests::every_owned_connection_uses_the_frozen_runtime_pragmas ... ok
test schema::tests::sql_history_is_opt_in_and_reset_preserves_explicit_contract ... ok
test schema::tests::wal_store_is_rejected_without_mutation ... ok
test schema::verification_store_fault_boundary_is_one_shot ... ok
test statements::tests::exact_manifest_prepares_against_exact_v6_schema ... ok
test statements::tests::point_name_and_keyset_queries_use_indexed_search_plans ... ok
test telemetry::tests::edit_diagnostics_are_separate_from_the_legacy_commit_receipt ... ok
test workspace::tests::snapshot_cache_reads_only_requested_authenticated_objects_and_reuses_them ... ok

test result: ok. 88 passed; 0 failed; 1 ignored; 0 measured; 0 filtered out; finished in 71.48s

test-fast: one or more native test executables failed
