   Compiling libc v0.2.189
   Compiling shlex v2.0.1
   Compiling find-msvc-tools v0.1.11
   Compiling pkg-config v0.3.34
   Compiling vcpkg v0.2.15
   Compiling libsqlite3-sys v0.38.2
   Compiling foldhash v0.2.0
   Compiling hashbrown v0.17.1
   Compiling jobserver v0.1.35
   Compiling cc v1.4.4
   Compiling cfg-if v1.0.4
   Compiling constant_time_eq v0.4.2
   Compiling arrayref v0.3.9
   Compiling arrayvec v0.7.8
   Compiling hashlink v0.12.1
   Compiling bitflags v2.13.1
   Compiling smallvec v1.15.2
   Compiling fallible-streaming-iterator v0.1.9
   Compiling fallible-iterator v0.3.0
   Compiling rusqlite v0.40.2
   Compiling blake3 v1.8.5
   Compiling zstd-sys v2.0.16+zstd.1.5.7
   Compiling layerfs-content v0.1.3 (/Users/yifanxu/Ephemeral-AI-Lab/layerfs-issue91-runs/source-g8a/crates/layerfs-content)
   Compiling layerfs-layerstack-store v0.1.3 (/Users/yifanxu/Ephemeral-AI-Lab/layerfs-issue91-runs/source-g8a/crates/layerfs-layerstack-store)
    Finished `test` profile [unoptimized + debuginfo] target(s) in 21.58s
     Running unittests src/lib.rs (target/debug/deps/layerfs_layerstack_store-b628d1f204bf2d55)

running 1 test
test objects::tests::partitioned_completed_files_share_direct_facts_and_keep_failures_private ... ok

test result: ok. 1 passed; 0 failed; 0 ignored; 0 measured; 92 filtered out; finished in 0.42s

     Running tests/v4.rs (target/debug/deps/v4-64b40495094abb72)

running 0 tests

test result: ok. 0 passed; 0 failed; 0 ignored; 0 measured; 7 filtered out; finished in 0.00s

     Running tests/v5.rs (target/debug/deps/v5-ed182708284cbbfe)

running 0 tests

test result: ok. 0 passed; 0 failed; 0 ignored; 0 measured; 1 filtered out; finished in 0.00s

