   Compiling layerfs-layerstack-store v0.1.3 (/Users/yifanxu/Ephemeral-AI-Lab/layerfs-issue90-storage-adoption/crates/layerfs-layerstack-store)
   Compiling layerfs-content v0.1.3 (/Users/yifanxu/Ephemeral-AI-Lab/layerfs-issue90-storage-adoption/crates/layerfs-content)
error[E0277]: the trait bound `u64: FromSql` is not satisfied
   --> crates/layerfs-layerstack-store/src/objects/admission/native_tests.rs:196:75
    |
196 |             .query_row("SELECT COUNT(*) FROM object_packs", [], |row| row.get(0))
    |                                                                           ^^^ the trait `FromSql` is not implemented for `u64`
    |
    = help: the following other types implement trait `FromSql`:
              f32
              f64
              i16
              i32
              i64
              i8
              isize
              u16
            and 2 others
note: required by a bound in `rusqlite::Row::<'_>::get`
   --> /Users/yifanxu/.cargo/registry/src/index.crates.io-1949cf8c6b5b557f/rusqlite-0.40.2/src/row.rs:285:32
    |
285 |     pub fn get<I: RowIndex, T: FromSql>(&self, idx: I) -> Result<T> {
    |                                ^^^^^^^ required by this bound in `Row::<'_>::get`

error[E0277]: the trait bound `u64: FromSql` is not satisfied
   --> crates/layerfs-layerstack-store/src/objects/admission/native_tests.rs:249:75
    |
249 |             .query_row("SELECT COUNT(*) FROM object_packs", [], |row| row.get(0))
    |                                                                           ^^^ the trait `FromSql` is not implemented for `u64`
    |
    = help: the following other types implement trait `FromSql`:
              f32
              f64
              i16
              i32
              i64
              i8
              isize
              u16
            and 2 others
note: required by a bound in `rusqlite::Row::<'_>::get`
   --> /Users/yifanxu/.cargo/registry/src/index.crates.io-1949cf8c6b5b557f/rusqlite-0.40.2/src/row.rs:285:32
    |
285 |     pub fn get<I: RowIndex, T: FromSql>(&self, idx: I) -> Result<T> {
    |                                ^^^^^^^ required by this bound in `Row::<'_>::get`

warning: fields `hard_links` and `source` are never read
   --> crates/layerfs-layerstack-store/src/layerstack.rs:440:5
    |
438 | struct ImportedTree {
    |        ------------ fields in this struct
439 |     mutations: Vec<layerfs_content::filesystem::InodeMutation>,
440 |     hard_links: Vec<(u64, u64)>,
    |     ^^^^^^^^^^
...
443 |     source: SourceImportMetrics,
    |     ^^^^^^
    |
    = note: `#[warn(dead_code)]` on by default

warning: associated items `new_all_reachable` and `visit_prevalidated_order` are never used
    --> crates/layerfs-layerstack-store/src/objects.rs:1999:19
     |
1994 | impl DeferredObjectStore {
     | ------------------------ associated items in this implementation
...
1999 |     pub(crate) fn new_all_reachable() -> Result<Self> {
     |                   ^^^^^^^^^^^^^^^^^
...
2101 |     fn visit_prevalidated_order(
     |        ^^^^^^^^^^^^^^^^^^^^^^^^

warning: associated function `empty_all_reachable` is never used
    --> crates/layerfs-layerstack-store/src/objects.rs:2687:19
     |
2616 | impl<'a> ObjectBuffer<'a> {
     | ------------------------- associated function in this implementation
...
2687 |     pub(crate) fn empty_all_reachable() -> Result<Self> {
     |                   ^^^^^^^^^^^^^^^^^^^

warning: method `object_membership` is never used
    --> crates/layerfs-layerstack-store/src/objects.rs:3067:12
     |
3006 | impl crate::schema::StoreDb {
     | --------------------------- method in this implementation
...
3067 |     pub fn object_membership(&self, ids: &[ObjectId]) -> Result<BTreeMap<ObjectId, u64>> {
     |            ^^^^^^^^^^^^^^^^^

For more information about this error, try `rustc --explain E0277`.
error: could not compile `layerfs-layerstack-store` (lib test) due to 2 previous errors
warning: build failed, waiting for other jobs to finish...
warning: `layerfs-layerstack-store` (lib) generated 4 warnings
