   Compiling proc-macro2 v1.0.107
   Compiling libc v0.2.189
   Compiling unicode-ident v1.0.24
   Compiling quote v1.0.47
   Compiling find-msvc-tools v0.1.11
   Compiling shlex v2.0.1
    Checking cfg-if v1.0.4
   Compiling pkg-config v0.3.34
   Compiling cfg_aliases v0.2.2
   Compiling autocfg v1.5.1
   Compiling memoffset v0.9.1
    Checking bitflags v2.13.1
    Checking arrayref v0.3.9
    Checking arrayvec v0.7.8
   Compiling syn v2.0.119
    Checking constant_time_eq v0.4.2
   Compiling jobserver v0.1.35
   Compiling cc v1.4.4
   Compiling equivalent v1.0.2
   Compiling winnow v1.0.4
   Compiling hashbrown v0.17.1
   Compiling blake3 v1.8.5
   Compiling indexmap v2.14.1
   Compiling toml_parser v1.1.3+spec-1.1.0
    Checking smallvec v1.15.2
   Compiling toml_datetime v1.1.1+spec-1.1.0
   Compiling toml_edit v0.25.13+spec-1.1.0
   Compiling parking_lot_core v0.9.12
   Compiling rustversion v1.0.23
   Compiling proc-macro-crate v3.5.0
   Compiling syn v3.0.4
   Compiling nix v0.31.3
   Compiling vcpkg v0.2.15
    Checking layerfs-content v0.1.3 (/Users/yifanxu/Ephemeral-AI-Lab/layerfs-issue90-storage-adoption/crates/layerfs-content)
   Compiling ref-cast v1.0.27
    Checking scopeguard v1.2.0
   Compiling zerocopy v0.8.56
   Compiling ref-cast-impl v1.0.27
    Checking lock_api v0.4.14
   Compiling libsqlite3-sys v0.38.2
   Compiling num_enum_derive v0.7.6
   Compiling zerocopy-derive v0.8.56
   Compiling nix v0.29.0
   Compiling fuser v0.18.0
    Checking foldhash v0.2.0
    Checking num_enum v0.7.6
    Checking parking_lot v0.12.5
   Compiling tokio-macros v2.6.1
   Compiling zstd-sys v2.0.16+zstd.1.5.7
    Checking mio v1.2.3
    Checking socket2 v0.6.5
    Checking page_size v0.6.0
    Checking memchr v2.8.3
    Checking log v0.4.34
    Checking bytes v1.12.1
    Checking pin-project-lite v0.2.17
    Checking tokio v1.48.0
    Checking hashlink v0.12.1
    Checking layerfs-workspace-core v0.1.3 (/Users/yifanxu/Ephemeral-AI-Lab/layerfs-issue90-storage-adoption/crates/layerfs-workspace-core)
    Checking fallible-streaming-iterator v0.1.9
    Checking fallible-iterator v0.3.0
    Checking rusqlite v0.40.2
    Checking layerfs-daemon v0.1.3 (/Users/yifanxu/Ephemeral-AI-Lab/layerfs-issue90-storage-adoption/crates/layerfs-daemon)
    Checking layerfs-materialization v0.1.3 (/Users/yifanxu/Ephemeral-AI-Lab/layerfs-issue90-storage-adoption/crates/layerfs-materialization)
    Checking utf8parse v0.2.2
    Checking anstyle-parse v0.2.7
    Checking is_terminal_polyfill v1.70.2
    Checking colorchoice v1.0.5
    Checking anstyle-query v1.1.5
    Checking anstyle v1.0.14
   Compiling heck v0.5.0
    Checking anstream v0.6.21
    Checking clap_lex v0.7.7
    Checking strsim v0.11.1
   Compiling clap_derive v4.5.47
    Checking clap_builder v4.5.48
    Checking layerfs-fuse v0.1.3 (/Users/yifanxu/Ephemeral-AI-Lab/layerfs-issue90-storage-adoption/crates/layerfs-fuse)
    Checking clap v4.5.48
    Checking layerfs-layerstack-store v0.1.3 (/Users/yifanxu/Ephemeral-AI-Lab/layerfs-issue90-storage-adoption/crates/layerfs-layerstack-store)
error: derefed type is same as origin
   --> crates/layerfs-layerstack-store/src/objects/read.rs:296:12
    |
296 |           if budget
    |  ____________^
297 | |             .as_deref_mut()
    | |___________________________^ help: try: `budget`
    |
    = help: for further information visit https://rust-lang.github.io/rust-clippy/rust-1.96.0/index.html#needless_option_as_deref
    = note: `-D clippy::needless-option-as-deref` implied by `-D warnings`
    = help: to override `-D warnings` add `#[allow(clippy::needless_option_as_deref)]`

error: very complex type used. Consider factoring parts into `type` definitions
   --> crates/layerfs-layerstack-store/src/objects/spill.rs:551:18
    |
551 |         visitor: &mut dyn FnMut(ObjectId, &mut Vec<u8>, PhysicalHints) -> Result<()>,
    |                  ^^^^^^^^^^^^^^^^^^^^^^^^^^^^^^^^^^^^^^^^^^^^^^^^^^^^^^^^^^^^^^^^^^^
    |
    = help: for further information visit https://rust-lang.github.io/rust-clippy/rust-1.96.0/index.html#type_complexity
    = note: `-D clippy::type-complexity` implied by `-D warnings`
    = help: to override `-D warnings` add `#[allow(clippy::type_complexity)]`

error: field assignment outside of initializer for an instance created with Default::default()
    --> crates/layerfs-layerstack-store/src/objects.rs:2173:9
     |
2173 |         diagnostic_stats.diag_cursor_attached = u64::from(predecessor.is_some());
     |         ^^^^^^^^^^^^^^^^^^^^^^^^^^^^^^^^^^^^^^^^^^^^^^^^^^^^^^^^^^^^^^^^^^^^^^^^^
     |
note: consider initializing the variable with `telemetry::PhysicalStorageReceipt { diag_cursor_attached: u64::from(predecessor.is_some()), ..Default::default() }` and removing relevant reassignments
    --> crates/layerfs-layerstack-store/src/objects.rs:2172:9
     |
2172 |         let mut diagnostic_stats = crate::PhysicalStorageReceipt::default();
     |         ^^^^^^^^^^^^^^^^^^^^^^^^^^^^^^^^^^^^^^^^^^^^^^^^^^^^^^^^^^^^^^^^^^^^
     = help: for further information visit https://rust-lang.github.io/rust-clippy/rust-1.96.0/index.html#field_reassign_with_default
     = note: `-D clippy::field-reassign-with-default` implied by `-D warnings`
     = help: to override `-D warnings` add `#[allow(clippy::field_reassign_with_default)]`

error: could not compile `layerfs-layerstack-store` (lib) due to 3 previous errors
