   Compiling proc-macro2 v1.0.107
   Compiling libc v0.2.189
   Compiling unicode-ident v1.0.24
   Compiling quote v1.0.47
   Compiling jobserver v0.1.35
   Compiling find-msvc-tools v0.1.11
   Compiling shlex v2.0.1
   Compiling cc v1.4.4
    Checking cfg-if v1.0.4
   Compiling pkg-config v0.3.34
   Compiling syn v2.0.119
   Compiling cfg_aliases v0.2.2
   Compiling blake3 v1.8.5
   Compiling autocfg v1.5.1
   Compiling memoffset v0.9.1
    Checking arrayvec v0.7.8
    Checking constant_time_eq v0.4.2
    Checking arrayref v0.3.9
    Checking bitflags v2.13.1
   Compiling winnow v1.0.4
   Compiling hashbrown v0.17.1
   Compiling equivalent v1.0.2
   Compiling indexmap v2.14.1
   Compiling toml_parser v1.1.3+spec-1.1.0
   Compiling toml_datetime v1.1.1+spec-1.1.0
    Checking smallvec v1.15.2
   Compiling toml_edit v0.25.13+spec-1.1.0
   Compiling rustversion v1.0.23
   Compiling parking_lot_core v0.9.12
   Compiling proc-macro-crate v3.5.0
    Checking layerfs-content v0.1.3 (/Users/yifanxu/Ephemeral-AI-Lab/layerfs-issue95/crates/layerfs-content)
   Compiling nix v0.31.3
   Compiling syn v3.0.4
   Compiling zerocopy v0.8.56
   Compiling ref-cast v1.0.27
    Checking scopeguard v1.2.0
   Compiling vcpkg v0.2.15
   Compiling ref-cast-impl v1.0.27
    Checking lock_api v0.4.14
   Compiling libsqlite3-sys v0.38.2
   Compiling num_enum_derive v0.7.6
   Compiling zerocopy-derive v0.8.56
   Compiling nix v0.29.0
   Compiling fuser v0.18.0
    Checking foldhash v0.2.0
    Checking num_enum v0.7.6
    Checking parking_lot v0.12.5
   Compiling tokio-macros v2.6.1
   Compiling zstd-sys v2.0.16+zstd.1.5.7
    Checking mio v1.2.3
    Checking page_size v0.6.0
    Checking socket2 v0.6.5
    Checking bytes v1.12.1
    Checking log v0.4.34
    Checking pin-project-lite v0.2.17
    Checking memchr v2.8.3
    Checking tokio v1.48.0
    Checking hashlink v0.12.1
    Checking layerfs-workspace-core v0.1.3 (/Users/yifanxu/Ephemeral-AI-Lab/layerfs-issue95/crates/layerfs-workspace-core)
    Checking fallible-iterator v0.3.0
    Checking fallible-streaming-iterator v0.1.9
    Checking rusqlite v0.40.2
    Checking layerfs-fuse v0.1.3 (/Users/yifanxu/Ephemeral-AI-Lab/layerfs-issue95/crates/layerfs-fuse)
    Checking layerfs-daemon v0.1.3 (/Users/yifanxu/Ephemeral-AI-Lab/layerfs-issue95/crates/layerfs-daemon)
    Checking layerfs-materialization v0.1.3 (/Users/yifanxu/Ephemeral-AI-Lab/layerfs-issue95/crates/layerfs-materialization)
    Checking utf8parse v0.2.2
    Checking anstyle-parse v0.2.7
    Checking is_terminal_polyfill v1.70.2
    Checking anstyle v1.0.14
    Checking anstyle-query v1.1.5
    Checking colorchoice v1.0.5
    Checking anstream v0.6.21
    Checking strsim v0.11.1
   Compiling heck v0.5.0
    Checking clap_lex v0.7.7
    Checking clap_builder v4.5.48
   Compiling clap_derive v4.5.47
    Checking clap v4.5.48
    Checking layerfs-layerstack-store v0.1.3 (/Users/yifanxu/Ephemeral-AI-Lab/layerfs-issue95/crates/layerfs-layerstack-store)
    Checking layerfs-workspace v0.1.3 (/Users/yifanxu/Ephemeral-AI-Lab/layerfs-issue95/crates/layerfs-workspace)
    Checking layerfs-monitor v0.1.3 (/Users/yifanxu/Ephemeral-AI-Lab/layerfs-issue95/crates/layerfs-monitor)
    Checking layerfs-sdk v0.1.3 (/Users/yifanxu/Ephemeral-AI-Lab/layerfs-issue95/crates/layerfs-sdk)
    Checking layerfs-cli v0.1.3 (/Users/yifanxu/Ephemeral-AI-Lab/layerfs-issue95/crates/layerfs-cli)
    Checking fs-benchmark-pro v0.1.3 (/Users/yifanxu/Ephemeral-AI-Lab/layerfs-issue95/benchmark/fs-bench-pro)
    Checking layerfs-eval v0.1.3 (/Users/yifanxu/Ephemeral-AI-Lab/layerfs-issue95/tools/layerfs-eval)
    Finished `dev` profile [unoptimized + debuginfo] target(s) in 34.02s
