
running 1 test
test layerstack::tests::late_direct_initialization_failure_publishes_nothing ... ok

test result: ok. 1 passed; 0 failed; 0 ignored; 0 measured; 88 filtered out; finished in 0.02s


running 1 test
test layerstack::tests::multi_batch_publication_failure_removes_admitted_objects ... ok

test result: ok. 1 passed; 0 failed; 0 ignored; 0 measured; 88 filtered out; finished in 4.38s


running 1 test
test objects::admission::native_tests::failed_admission_reclaims_private_packs_and_preserves_waiting_owners_and_bases ... ok

test result: ok. 1 passed; 0 failed; 0 ignored; 0 measured; 88 filtered out; finished in 0.03s


running 1 test
test objects::admission::native_tests::failed_cleanup_quarantines_writes_and_keeps_preexisting_reads ... LayerFS admission cleanup failed: Integrity("Store writes quarantined after failed admission cleanup")
ok

test result: ok. 1 passed; 0 failed; 0 ignored; 0 measured; 88 filtered out; finished in 0.01s


running 1 test
test objects::tests::workspace_delivery_selects_before_admission_and_deduplicates_across_phases ... ok

test result: ok. 1 passed; 0 failed; 0 ignored; 0 measured; 88 filtered out; finished in 0.01s


running 1 test
test workspace::tests::snapshot_cache_reads_only_requested_authenticated_objects_and_reuses_them ... ok

test result: ok. 1 passed; 0 failed; 0 ignored; 0 measured; 88 filtered out; finished in 0.20s


running 4 tests
test schema::compatibility::legacy_format_reads_authenticates_and_writes_without_promotion ... ok
test schema::compatibility::legacy_open_contract_rejects_native_store_before_writer_configuration ... ok
test schema::compatibility::native_format_reopens_writes_and_retains_mixed_dependency_reads ... ok
test schema::compatibility::unsupported_versions_and_native_header_downgrade_reject_without_mutation ... ok

test result: ok. 4 passed; 0 failed; 0 ignored; 0 measured; 85 filtered out; finished in 0.05s


running 2 tests
test objects::ingestion_tests::directory_and_fallback_import_encode_only_regular_payloads_and_reopen ... ok
test objects::ingestion_tests::file_provenance_is_scoped_and_restored_before_metadata_and_after_failure ... ok

test result: ok. 2 passed; 0 failed; 0 ignored; 0 measured; 87 filtered out; finished in 0.03s


running 1 test
test objects::read::native_tests::native_reader_legacy_full_root_and_delta_rejection ... ok

test result: ok. 1 passed; 0 failed; 0 ignored; 0 measured; 88 filtered out; finished in 0.01s


running 1 test
test filesystem::apply::tests::public_file_changes_scope_payload_provenance_and_restore_after_errors ... ok

test result: ok. 1 passed; 0 failed; 0 ignored; 0 measured; 51 filtered out; finished in 0.01s


running 7 tests
test concurrent_commit_has_one_cas_winner ... ok
test directory_initialization_receipt_counts_scanned_files_and_bytes ... ok
test entity_names_enforce_the_exact_boundary ... ok
test exact_v7_schema_runtime_and_old_schema_rejection ... ok
test no_op_commit_writes_nothing_and_every_publication_statement_rolls_back ... ok
test one_store_initialize_fork_commit_add_and_dedup_are_atomic ... ok
test visible_missing_and_same_length_corrupt_objects_are_integrity_errors ... 
thread 'visible_missing_and_same_length_corrupt_objects_are_integrity_errors' panicked at crates/layerfs-layerstack-store/tests/v4.rs:430:5:
assertion failed: matches!(store.snapshot_reader(visible_root).read_object(visible_root),
    Err(StoreError::Core(layerfs_content::CoreError::IdentityMismatch)))
note: run with `RUST_BACKTRACE=1` environment variable to display a backtrace
FAILED

failures:

failures:
    visible_missing_and_same_length_corrupt_objects_are_integrity_errors

test result: FAILED. 6 passed; 1 failed; 0 ignored; 0 measured; 0 filtered out; finished in 0.06s


running 1 test
test v4_rejection_and_legacy_v6_staging_preserve_exact_publication_semantics ... ok

test result: ok. 1 passed; 0 failed; 0 ignored; 0 measured; 0 filtered out; finished in 0.03s

