Traceback (most recent call last):
  File "/Users/yifanxu/Ephemeral-AI-Lab/layerfs-issue100-ordered-optimization/content/experiment.py", line 4, in <module>
    HERE=pathlib.Path(__file__).resolve().parent;sys.path.insert(0,str(HERE));import codec,reader
                                                                              ^^^^^^^^^^^^^^^^^^^
  File "/Users/yifanxu/Ephemeral-AI-Lab/layerfs-issue100-ordered-optimization/content/reader.py", line 5, in <module>
    spec=importlib.util.spec_from_file_location('content_metadata_reader',HERE.parent/'metadata/v2-53/reader.py');meta=importlib.util.module_from_spec(spec);spec.loader.exec_module(meta)
                                                                                                                                                             ~~~~~~~~~~~~~~~~~~~~~~~^^^^^^
  File "/Users/yifanxu/Ephemeral-AI-Lab/layerfs-issue100-ordered-optimization/metadata/v2-53/reader.py", line 5, in <module>
    spec=importlib.util.spec_from_file_location('shared_value_v1_reader',V1/'reader.py');v1=importlib.util.module_from_spec(spec);spec.loader.exec_module(v1)
                                                                                                                                  ~~~~~~~~~~~~~~~~~~~~~~~^^^^
  File "/Users/yifanxu/Ephemeral-AI-Lab/layerfs-issue100-ordered-optimization/metadata/reader.py", line 4, in <module>
    sys.path.insert(0,str(BASE/'combined'));import store_api as old
                                            ^^^^^^^^^^^^^^^^^^^^^^^
  File "/Users/yifanxu/Ephemeral-AI-Lab/layerfs-issue100-stride3-structural/combined/store_api.py", line 11, in <module>
    import chain_api
  File "/Users/yifanxu/Ephemeral-AI-Lab/layerfs-issue100-stride3-structural/metadata/chain_api.py", line 3, in <module>
    import experiment as e
  File "/Users/yifanxu/Ephemeral-AI-Lab/layerfs-issue100-stride3-structural/metadata/experiment.py", line 5, in <module>
    sys.path.insert(0,str(SOURCE));import api as D;import codec
                                   ^^^^^^^^^^^^^^^
  File "/Users/yifanxu/Ephemeral-AI-Lab/layerfs-issue100-stride3-structural/metadata/d/api.py", line 3, in <module>
    import codec,scoped
  File "/Users/yifanxu/Ephemeral-AI-Lab/layerfs-issue100-stride3-structural/metadata/d/scoped.py", line 5, in <module>
    b3=base.blake3;oid=base.oid;canonical=base.canonical;value=base.value
                       ^^^^^^^^
AttributeError: module 'codec' has no attribute 'oid'
