
running 1 test
test layerstack::tests::late_direct_initialization_failure_publishes_nothing ... ok

test result: ok. 1 passed; 0 failed; 0 ignored; 0 measured; 80 filtered out; finished in 0.03s


running 1 test
test objects::tests::direct_admission_honors_every_frozen_count_boundary ... ok

test result: ok. 1 passed; 0 failed; 0 ignored; 0 measured; 80 filtered out; finished in 0.42s


running 1 test
test objects::tests::partitioned_completed_files_share_direct_facts_and_keep_failures_private ... ok

test result: ok. 1 passed; 0 failed; 0 ignored; 0 measured; 80 filtered out; finished in 0.42s


running 1 test
test objects::tests::shared_admission_keeps_every_object_transaction_below_the_frozen_bounds ... ok

test result: ok. 1 passed; 0 failed; 0 ignored; 0 measured; 80 filtered out; finished in 1.71s


running 1 test
test objects::tests::spilled_candidate_visits_selected_objects_in_graph_order ... ok

test result: ok. 1 passed; 0 failed; 0 ignored; 0 measured; 80 filtered out; finished in 0.00s


running 1 test
test objects::tests::workspace_delivery_selects_before_admission_and_deduplicates_across_phases ... ok

test result: ok. 1 passed; 0 failed; 0 ignored; 0 measured; 80 filtered out; finished in 0.01s


running 1 test
test statements::tests::exact_manifest_prepares_against_exact_v6_schema ... ok

test result: ok. 1 passed; 0 failed; 0 ignored; 0 measured; 80 filtered out; finished in 0.00s


running 1 test
test workspace::tests::snapshot_cache_reads_only_requested_authenticated_objects_and_reuses_them ... 
thread 'workspace::tests::snapshot_cache_reads_only_requested_authenticated_objects_and_reuses_them' panicked at crates/layerfs-layerstack-store/src/workspace.rs:989:47:
called `Result::unwrap()` on an `Err` value: Integrity("new object dependency missing")
note: run with `RUST_BACKTRACE=1` environment variable to display a backtrace
FAILED

failures:

failures:
    workspace::tests::snapshot_cache_reads_only_requested_authenticated_objects_and_reuses_them

test result: FAILED. 0 passed; 1 failed; 0 ignored; 0 measured; 80 filtered out; finished in 0.01s

