#0 building with "desktop-linux" instance using docker driver

#1 [internal] load build definition from Dockerfile.layerfs
#1 transferring dockerfile: 5.14kB done
#1 DONE 0.0s

#2 resolve image config for docker-image://docker.io/docker/dockerfile:1.7@sha256:a57df69d0ea827fb7266491f2813635de6f17269be881f696fbfdf2d83dda33e
#2 DONE 1.5s

#3 docker-image://docker.io/docker/dockerfile:1.7@sha256:a57df69d0ea827fb7266491f2813635de6f17269be881f696fbfdf2d83dda33e
#3 resolve docker.io/docker/dockerfile:1.7@sha256:a57df69d0ea827fb7266491f2813635de6f17269be881f696fbfdf2d83dda33e 0.0s done
#3 CACHED

#4 [internal] load metadata for docker.io/library/rust:1.85.1-bookworm@sha256:e51d0265072d2d9d5d320f6a44dde6b9ef13653b035098febd68cce8fa7c0bc4
#4 DONE 1.4s

#5 [internal] load .dockerignore
#5 transferring context: 129B done
#5 DONE 0.0s

#6 [build  1/11] FROM docker.io/library/rust:1.85.1-bookworm@sha256:e51d0265072d2d9d5d320f6a44dde6b9ef13653b035098febd68cce8fa7c0bc4
#6 resolve docker.io/library/rust:1.85.1-bookworm@sha256:e51d0265072d2d9d5d320f6a44dde6b9ef13653b035098febd68cce8fa7c0bc4 0.0s done
#6 DONE 0.0s

#7 [internal] load build context
#7 transferring context: 4.16MB 0.1s done
#7 DONE 0.1s

#8 [build  2/11] WORKDIR /src
#8 CACHED

#9 [build  3/11] COPY Cargo.toml Cargo.lock ./
#9 DONE 0.0s

#10 [build  4/11] COPY crates ./crates
#10 DONE 0.0s

#11 [build  5/11] COPY tools ./tools
#11 DONE 0.0s

#12 [build  6/11] COPY benchmark/fs-bench-pro/Cargo.toml ./benchmark/fs-bench-pro/Cargo.toml
#12 DONE 0.0s

#13 [build  7/11] COPY benchmark/fs-bench-pro/src ./benchmark/fs-bench-pro/src
#13 DONE 0.0s

#14 [build  8/11] COPY benchmark/fs-bench-pro/workload ./benchmark/fs-bench-pro/workload
#14 DONE 0.0s

#15 [build  9/11] COPY benchmark/fs-bench-pro/families ./benchmark/fs-bench-pro/families
#15 DONE 0.0s

#16 [build 10/11] RUN --mount=type=cache,target=/usr/local/cargo/registry     --mount=type=cache,target=/src/target     case "2" in       ''|*[!0-9]*) exit 1 ;;     esac  && test "2" -ge 1  && test "2" -le 8  && case "arm64" in       arm64) target=aarch64-unknown-linux-gnu ;;       amd64) target=x86_64-unknown-linux-gnu ;;       *) exit 1 ;;     esac  && rustup target add "$target"  && cargo clean --release --target "$target"       -p layerfs-content -p layerfs-materialization -p layerfs-layerstack-store       -p layerfs-workspace -p layerfs-monitor -p layerfs-sdk       -p layerfs-daemon -p layerfs-fuse -p fs-benchmark-pro  && rustc --edition=2021 -C opt-level=3 -C strip=symbols       --remap-path-prefix=/src/benchmark/fs-bench-pro=.       benchmark/fs-bench-pro/workload/main.rs -o /fs-benchmark-workload  && cargo build --locked --release --target "$target" --jobs "2"       -p layerfs-daemon  && cargo build --locked --release --target "$target" --jobs "2"       -p layerfs-fuse --no-default-features --features proxy  && cp "target/$target/release/layerfs-daemon" /layerfs-daemon  && cp "target/$target/release/layerfs-fuse" /layerfs-fuse
#16 0.246 info: component 'rust-std' for target 'aarch64-unknown-linux-gnu' is up to date
#16 0.413      Removed 48 files, 53.9MiB total
#16 9.255    Compiling layerfs-content v0.1.3 (/src/crates/layerfs-content)
#16 10.98    Compiling layerfs-workspace-core v0.1.3 (/src/crates/layerfs-workspace-core)
#16 13.20    Compiling layerfs-fuse v0.1.3 (/src/crates/layerfs-fuse)
#16 15.35    Compiling layerfs-daemon v0.1.3 (/src/crates/layerfs-daemon)
#16 34.66     Finished `release` profile [optimized] target(s) in 25.50s
#16 34.71    Compiling layerfs-fuse v0.1.3 (/src/crates/layerfs-fuse)
#16 56.08     Finished `release` profile [optimized] target(s) in 21.40s
#16 DONE 56.1s

#17 [build 11/11] RUN test "${#LAYERFS_SOURCE_COMMIT}" -eq 40  && test "${#LAYERFS_SOURCE_TREE}" -eq 40  && test "${#LAYERFS_SOURCE_SEAL}" -eq 64  && test "${#LAYERFS_PRODUCT_SEAL}" -eq 64  && test "${#WORKLOAD_SOURCE_SHA256}" -eq 64  && echo "$WORKLOAD_SOURCE_SHA256  /src/benchmark/fs-bench-pro/workload/main.rs" | sha256sum -c -  && case "$LAYERFS_SOURCE_DIRTY" in true|false) ;; *) exit 1 ;; esac  && case "$LAYERFS_SOURCE_COMMIT$LAYERFS_SOURCE_TREE$LAYERFS_SOURCE_SEAL" in *[!0-9a-f]*) exit 1 ;; esac
#17 0.159 /src/benchmark/fs-bench-pro/workload/main.rs: OK
#17 DONE 0.2s

#18 [runtime-check 1/1] RUN --mount=type=cache,target=/usr/local/cargo/registry     --mount=type=cache,target=/src/target     cargo test --locked --jobs 2 -p layerfs-daemon --bin layerfs-daemon  && cargo check --locked --jobs 2 -p layerfs-workspace --features host-fuse  && cargo test --locked --jobs 2 -p layerfs-fuse --features proxy,live       --test proxy owned_write_reply_releases_receive_loop_and_completes_once  && cargo test --locked --jobs 2 -p layerfs-fuse --features proxy,live       --lib
#18 0.256    Compiling layerfs-content v0.1.3 (/src/crates/layerfs-content)
#18 1.974    Compiling layerfs-workspace-core v0.1.3 (/src/crates/layerfs-workspace-core)
#18 2.996    Compiling layerfs-fuse v0.1.3 (/src/crates/layerfs-fuse)
#18 6.385    Compiling layerfs-daemon v0.1.3 (/src/crates/layerfs-daemon)
#18 13.56     Finished `test` profile [unoptimized + debuginfo] target(s) in 13.39s
#18 13.57      Running unittests src/main.rs (target/debug/deps/layerfs_daemon-04fa8a0010c01304)
#18 13.57 
#18 13.57 running 5 tests
#18 13.57 test linux::tests::broader_window_retains_native_peak_and_reports_large_gaps ... ok
#18 13.57 test linux::tests::merged_resource_samples_bind_boundaries_and_operands ... ok
#18 13.57 test linux::tests::starting_execution_is_reserved_cancelable_and_spawn_holds_no_registry_lock ... ok
#18 13.57 test linux::tests::workspace_closed_waits_for_watcher_and_releases_mount_reservation ... ok
#18 13.68 test linux::tests::forced_group_cleanup_reaps_descendants_without_stealing_status ... ok
#18 13.68 
#18 13.68 test result: ok. 5 passed; 0 failed; 0 ignored; 0 measured; 0 filtered out; finished in 0.11s
#18 13.68 
#18 13.72  Downloading crates ...
#18 14.99   Downloaded jobserver v0.1.35
#18 15.89   Downloaded zstd-sys v2.0.16+zstd.1.5.7
#18 15.95    Compiling libc v0.2.189
#18 15.95     Checking rusqlite v0.40.2
#18 16.92    Compiling jobserver v0.1.35
#18 17.05    Compiling cc v1.4.4
#18 17.94    Compiling blake3 v1.8.5
#18 17.94    Compiling zstd-sys v2.0.16+zstd.1.5.7
#18 18.74     Checking layerfs-content v0.1.3 (/src/crates/layerfs-content)
#18 20.10     Checking layerfs-workspace-core v0.1.3 (/src/crates/layerfs-workspace-core)
#18 20.34     Checking layerfs-fuse v0.1.3 (/src/crates/layerfs-fuse)
#18 22.09     Checking layerfs-daemon v0.1.3 (/src/crates/layerfs-daemon)
#18 22.29     Checking layerfs-materialization v0.1.3 (/src/crates/layerfs-materialization)
#18 25.56     Checking layerfs-layerstack-store v0.1.3 (/src/crates/layerfs-layerstack-store)
#18 27.54     Checking layerfs-workspace v0.1.3 (/src/crates/layerfs-workspace)
#18 28.89     Finished `dev` profile [unoptimized + debuginfo] target(s) in 15.20s
#18 28.94    Compiling layerfs-fuse v0.1.3 (/src/crates/layerfs-fuse)
#18 39.43     Finished `test` profile [unoptimized + debuginfo] target(s) in 10.53s
#18 39.44      Running tests/proxy.rs (target/debug/deps/proxy-522ff745ef6c9691)
#18 39.44 
#18 39.44 running 1 test
#18 39.45 test owned_write_reply_releases_receive_loop_and_completes_once ... ok
#18 39.45 
#18 39.45 test result: ok. 1 passed; 0 failed; 0 ignored; 0 measured; 6 filtered out; finished in 0.00s
#18 39.45 
#18 39.50    Compiling layerfs-fuse v0.1.3 (/src/crates/layerfs-fuse)
#18 48.44     Finished `test` profile [unoptimized + debuginfo] target(s) in 8.98s
#18 48.45      Running unittests src/lib.rs (target/debug/deps/layerfs_fuse-2892109182362179)
#18 48.45 
#18 48.45 running 31 tests
#18 48.45 test immutable_read_cache::tests::pages_keep_cursor_identity_and_share_eviction_with_names_and_content ... ok
#18 48.45 test immutable_read_cache::tests::names_share_the_budget_and_keep_namespace_and_directory_identity ... ok
#18 48.45 test immutable_read_cache::tests::ranges_scopes_replacement_and_eviction_are_bounded ... ok
#18 48.46 test live_owner::immutable_acquisition_tests::checkpoint_journal_rejects_duplicate_ids_inodes_order_and_scratch_overflow ... ok
#18 48.46 test live_owner::immutable_acquisition_tests::checkpoint_staging_retry_releases_old_scratch_and_checks_generation ... ok
#18 48.46 test live_owner::immutable_acquisition_tests::kernel_reference_keeps_old_base_contents_after_unlink_and_root_change ... ok
#18 48.46 test live_owner::immutable_acquisition_tests::checkpoint_full_validation_and_read_failure_leave_all_nodes_uninstalled ... ok
#18 48.46 test live_owner::immutable_acquisition_tests::delayed_lookup_cannot_install_after_root_or_parent_revision_changes ... ok
#18 48.46 test live_owner::immutable_acquisition_tests::checkpoint_partial_install_stays_frozen_until_exact_retry_finishes ... ok
#18 48.46 test live_owner::immutable_acquisition_tests::kernel_page_rollback_overflow_and_detach_balance_pins ... ok
#18 48.46 test live_owner::immutable_acquisition_tests::kernel_references_preserve_unlinked_contents_until_last_forget ... ok
#18 48.46 test live_owner::immutable_acquisition_tests::stale_folio_preserves_sdk_ranges_and_cannot_regrow_truncated_tail ... ok
#18 48.46 test live_transport::tests::vectored_frames_preserve_prefixes_across_short_writes ... ok
#18 48.47 test protocol::tests::framing_uses_one_write_and_handles_partial_and_interrupted_output ... ok
#18 48.47 test protocol::tests::write_and_size_round_trip ... ok
#18 48.47 test live_owner::immutable_acquisition_tests::malformed_grouped_replies_do_not_install_live_nodes ... ok
#18 48.47 test live_owner::immutable_acquisition_tests::writable_open_write_and_truncate_wait_for_prefill_even_after_forget ... ok
#18 48.47 test proxy_client::tests::metadata_cache_fill_is_inside_owner_pause_barrier ... ok
#18 48.47 test proxy_client::tests::multi_stream_barrier_drains_every_stream_after_the_first_error ... ok
#18 48.47 test proxy_client::tests::read_ordering_flushes_only_the_same_inode ... ok
#18 48.47 test live_owner::immutable_acquisition_tests::canceled_prefill_waiter_keeps_blocking_job_guards_and_revalidates_root ... ok
#18 48.47 test proxy_client::tests::readonly_pin_waits_for_ack_and_rejects_replaced_inode ... ok
#18 48.47 test proxy_host::tests::capabilities_use_os_entropy ... ok
#18 48.47 test proxy_client::tests::rename_refreshes_overwritten_alias_attributes_and_preserves_same_inode_names ... ok
#18 48.47 test write_metrics::tests::kernel_observation_round_trip_and_reset ... ok
#18 48.48 test live_runtime::tests::parked_socket_operations_release_workers_and_reservations ... ok
#18 48.51 test proxy_client::tests::acknowledged_unlink_is_absent_with_and_without_parent_cache ... ok
#18 48.54 test live_runtime::tests::operation_cut_drains_callbacks_and_allows_laundering_before_freeze ... ok
#18 48.55 test proxy_client::tests::deferred_write_error_invalidates_optimistic_observations ... ok
#18 48.58 test protocol::tests::directory_fragments_preserve_complete_entries_and_reject_invalid_streams ... ok
#18 49.01 test live_owner::immutable_acquisition_tests::checkpoint_install_streams_beyond_old_node_cap_and_replays_lost_end_reply ... ok
#18 49.01 
#18 49.01 test result: ok. 31 passed; 0 failed; 0 ignored; 0 measured; 0 filtered out; finished in 0.56s
#18 49.01 
#18 DONE 49.2s

#19 exporting to image
#19 exporting layers
#19 exporting layers 0.4s done
#19 exporting manifest sha256:9f5e3fedb79f803535309f4d91280a4d99cd10e9c23a62e16b8ec0ca3158d27a done
#19 exporting config sha256:c9ce4b70af9dcc61629c7ea674739728b65324f48edfe47fd212caeefa6f7e3d done
#19 exporting attestation manifest sha256:8e3e3c2b5239c28e4ae8c14b5554d25a29bf686c4055b7b0c53bec7d35a22030 0.0s done
#19 exporting manifest list sha256:5ea494c9fd87675ce39ec3f063613eec0742467005d1d56984bce7f0e969aca3 done
#19 naming to docker.io/library/layerfs-issue90:55c0f273b8ffb561-check done
#19 unpacking to docker.io/library/layerfs-issue90:55c0f273b8ffb561-check 0.1s done
#19 DONE 0.6s

View build details: docker-desktop://dashboard/build/desktop-linux/desktop-linux/rywbneey8p7ckehsbjq9ac0kw
PASS layerfs-issue90:55c0f273b8ffb561-check
