   Compiling layerfs-fuse v0.1.3 (<release-checkout>/crates/layerfs-fuse)
   Compiling layerfs-workspace v0.1.3 (<release-checkout>/crates/layerfs-workspace)
   Compiling layerfs-monitor v0.1.3 (<release-checkout>/crates/layerfs-monitor)
   Compiling layerfs-sdk v0.1.3 (<release-checkout>/crates/layerfs-sdk)
    Finished `test` profile [unoptimized + debuginfo] target(s) in 5.93s
     Running tests/live_docker.rs (target/debug/deps/live_docker-4141e03aaee69595)

running 3 tests
test managed_container_lifecycle_and_disconnect_cleanup_are_exact ... live-metadata stage=sdk-resize-alias-rename-recreate-open-unlink-PASS
live-prefill stage=cold-ro-sdk-resize-rw-mmap-discard-PASS
ok
test ordinary_writes_queue_during_mapped_commit ... focused live cut container=layerfs-live-cut-38912
live-cut stage=peer-ended-with-primary-mappings-live
live-cut stage=first-commit
live-cut stage=sdk-edit path=held-a
live-cut stage=sdk-edit path=held-b
live-cut stage=second-commit
after failed boundary diagnostic Commit: Ok(Created { previous_head: Some(CommitId(120427a5df13dca47ebd03044a8f40cc30ccfa7b1343f83749989cedb06e7f0b77)), commit_id: CommitId(12140fbdbaebdf8ef6859e363b475e4ef24fc8b4f72b7f67ca652b24a3266969a1) })
after failed boundary committed path=held-a byte777=[0] read=Ok(LogicalCounters { namespace: NamespaceCounters { nodes_read: 2, nodes_created: 0 }, inode_table: InodeTableCounters { nodes_read: 2, nodes_created: 0 }, rope: RopeCounters { payload_bytes_read: 1, payload_ids_read: 1, payload_batches_read: 1, max_payload_batch: 1, payload_bytes_written: 0, cdc_bytes_scanned: 0, chunks_created: 0, nodes_read: 2, nodes_created: 0, deferred_peak_bytes: 0, deferred_prunes: 0, tree_level_before: None, logical_len_before: None, logical_len_after: None }, structural_deferred_peak_bytes: 0, structural_deferred_prunes: 0 })
after failed boundary committed path=held-b byte777=[83] read=Ok(LogicalCounters { namespace: NamespaceCounters { nodes_read: 2, nodes_created: 0 }, inode_table: InodeTableCounters { nodes_read: 2, nodes_created: 0 }, rope: RopeCounters { payload_bytes_read: 1, payload_ids_read: 1, payload_batches_read: 1, max_payload_batch: 1, payload_bytes_written: 0, cdc_bytes_scanned: 0, chunks_created: 0, nodes_read: 2, nodes_created: 0, deferred_peak_bytes: 0, deferred_prunes: 0, tree_level_before: None, logical_len_before: None, logical_len_after: None }, structural_deferred_peak_bytes: 0, structural_deferred_prunes: 0 })
layerfs-workspace: owner-drop cleanup w:1f0b7be129ce7fb2c73a51c49280290a: WorkspaceBusy
daemon stdout:
daemon stderr: layerfs-daemon: execution failed reason=2 status=Ok(ExitStatus(unix_wait_status(15)))


thread 'ordinary_writes_queue_during_mapped_commit' panicked at crates/layerfs-sdk/tests/live_docker.rs:585:30:
live cut result=Err("live client marker after: ready\nafter SDK boundary path=held-a mapped[0,4095,777]=65,66,0 pread_count=4096 pread[0,4095,777]=65,66,0 expected=65,66,83\nlayerfs-cut-check: <stdin>:35: main: Assertion `p[0] == 'A' && p[4095] == 'B' && p[777] == 'S'' failed.\n"); cleanup=Ok(())
note: run with `RUST_BACKTRACE=1` environment variable to display a backtrace
FAILED
test running_commands_and_dirty_mappings_continue_across_commit ... focused live cut container=layerfs-live-cut-38912
live-cut stage=peer-ended-with-primary-mappings-live
live-cut stage=first-commit
live-cut stage=sdk-edit path=held-a
live-cut stage=sdk-edit path=held-b
live-cut stage=second-commit
ok

failures:

failures:
    ordinary_writes_queue_during_mapped_commit

test result: FAILED. 2 passed; 1 failed; 0 ignored; 0 measured; 0 filtered out; finished in 9.35s

error: test failed, to rerun pass `-p layerfs-sdk --test live_docker`
