   Compiling layerfs-fuse v0.1.3 (<release-checkout>/crates/layerfs-fuse)
   Compiling layerfs-workspace v0.1.3 (<release-checkout>/crates/layerfs-workspace)
   Compiling layerfs-monitor v0.1.3 (<release-checkout>/crates/layerfs-monitor)
   Compiling layerfs-sdk v0.1.3 (<release-checkout>/crates/layerfs-sdk)
    Finished `test` profile [unoptimized + debuginfo] target(s) in 5.20s
     Running tests/live_docker.rs (target/debug/deps/live_docker-4141e03aaee69595)

running 3 tests
test managed_container_lifecycle_and_disconnect_cleanup_are_exact ... live-metadata stage=sdk-resize-alias-rename-recreate-open-unlink-PASS
live-prefill stage=cold-ro-sdk-resize-rw-mmap-discard-PASS
ok
test ordinary_writes_queue_during_mapped_commit ... focused live cut container=layerfs-live-cut-45100
live-cut stage=peer-ended-with-primary-mappings-live
live-cut stage=first-commit
live-cut stage=sdk-edit path=held-a
live-cut stage=sdk-edit path=held-b
live-cut stage=second-commit
ok
test running_commands_and_dirty_mappings_continue_across_commit ... focused live cut container=layerfs-live-cut-45100
live-cut stage=peer-ended-with-primary-mappings-live
live-cut stage=first-commit
live-cut stage=sdk-edit path=held-a
live-cut stage=sdk-edit path=held-b
live-cut stage=second-commit
ok

test result: ok. 3 passed; 0 failed; 0 ignored; 0 measured; 0 filtered out; finished in 8.83s
