   Compiling libc v0.2.189
   Compiling shlex v2.0.1
   Compiling find-msvc-tools v0.1.11
   Compiling pkg-config v0.3.34
   Compiling vcpkg v0.2.15
   Compiling libsqlite3-sys v0.38.2
    Checking foldhash v0.2.0
    Checking hashbrown v0.17.1
   Compiling jobserver v0.1.35
   Compiling cc v1.4.4
    Checking arrayvec v0.7.8
    Checking arrayref v0.3.9
    Checking constant_time_eq v0.4.2
    Checking cfg-if v1.0.4
    Checking hashlink v0.12.1
    Checking smallvec v1.15.2
    Checking fallible-iterator v0.3.0
    Checking bitflags v2.13.1
    Checking fallible-streaming-iterator v0.1.9
    Checking rusqlite v0.40.2
   Compiling blake3 v1.8.5
   Compiling zstd-sys v2.0.16+zstd.1.5.7
    Checking layerfs-content v0.1.3 (/Users/yifanxu/Ephemeral-AI-Lab/layerfs-issue91/crates/layerfs-content)
    Checking layerfs-layerstack-store v0.1.3 (/Users/yifanxu/Ephemeral-AI-Lab/layerfs-issue91/crates/layerfs-layerstack-store)
error: field assignment outside of initializer for an instance created with Default::default()
   --> crates/layerfs-layerstack-store/src/objects/read/native_tests.rs:174:5
    |
174 |     budget.batch_encoded = 8 * 1024 * 1024;
    |     ^^^^^^^^^^^^^^^^^^^^^^^^^^^^^^^^^^^^^^^
    |
note: consider initializing the variable with `objects::read::HintReadBudget { batch_encoded: 8 * 1024 * 1024, ..Default::default() }` and removing relevant reassignments
   --> crates/layerfs-layerstack-store/src/objects/read/native_tests.rs:173:5
    |
173 |     let mut budget = HintReadBudget::default();
    |     ^^^^^^^^^^^^^^^^^^^^^^^^^^^^^^^^^^^^^^^^^^^
    = help: for further information visit https://rust-lang.github.io/rust-clippy/rust-1.96.0/index.html#field_reassign_with_default
    = note: `-D clippy::field-reassign-with-default` implied by `-D warnings`
    = help: to override `-D warnings` add `#[allow(clippy::field_reassign_with_default)]`

error: this expression creates a reference which is immediately dereferenced by the compiler
    --> crates/layerfs-layerstack-store/src/objects.rs:4309:63
     |
4309 |         let (_, metrics) = PreparedAdmission::prepare_missing(&db, finished.final_batch)
     |                                                               ^^^ help: change this to: `db`
     |
     = help: for further information visit https://rust-lang.github.io/rust-clippy/rust-1.96.0/index.html#needless_borrow
     = note: `-D clippy::needless-borrow` implied by `-D warnings`
     = help: to override `-D warnings` add `#[allow(clippy::needless_borrow)]`

error: unnecessary use of `to_vec`
   --> crates/layerfs-layerstack-store/src/schema/compatibility.rs:148:45
    |
148 |         assert!(pack_versions(&db).contains(&2u32.to_le_bytes().to_vec()));
    |                                             ^^^^^^^^^^^^^^^^^^^^^^^^^^^^ help: replace it with: `2u32.to_le_bytes().as_slice()`
    |
    = help: for further information visit https://rust-lang.github.io/rust-clippy/rust-1.96.0/index.html#unnecessary_to_owned
    = note: `-D clippy::unnecessary-to-owned` implied by `-D warnings`
    = help: to override `-D warnings` add `#[allow(clippy::unnecessary_to_owned)]`

error: could not compile `layerfs-layerstack-store` (lib test) due to 3 previous errors
