Traceback (most recent call last):
  File "/tmp/layerfs-issue68-profile.py", line 54, in <module>
    command(['docker','build','--build-arg','BASE='+a.base,'-t',a.tag,str(a.output)], timeout=600)
    ~~~~~~~^^^^^^^^^^^^^^^^^^^^^^^^^^^^^^^^^^^^^^^^^^^^^^^^^^^^^^^^^^^^^^^^^^^^^^^^^^^^^^^^^^^^^^^
  File "/tmp/layerfs-issue68-profile.py", line 31, in command
    raise RuntimeError(f'{argv}: {result.stderr.decode(errors="replace")}')
RuntimeError: ['docker', 'build', '--build-arg', 'BASE=sha256:7779794b3bca5a4d38a8a2c0713ccafd257aa9425811e1da7a1c716cc3086196', '-t', 'layerfs-perf:issue68', '/Users/yifanxu/Ephemeral-AI-Lab/layerfs-issue68-optimization/benchmark-results/host-store/campaigns/issue68-implementation-20260907/cpu-profile-build']: #0 building with "desktop-linux" instance using docker driver

#1 [internal] load build definition from Dockerfile
#1 transferring dockerfile: 890B done
#1 WARN: InvalidDefaultArgInFrom: Default value for ARG ${BASE} results in empty or invalid base image name (line 2)
#1 DONE 0.0s

#2 [internal] load metadata for docker.io/library/sha256:7779794b3bca5a4d38a8a2c0713ccafd257aa9425811e1da7a1c716cc3086196
#2 ERROR: docker.io/library/sha256:7779794b3bca5a4d38a8a2c0713ccafd257aa9425811e1da7a1c716cc3086196: not found
------
 > [internal] load metadata for docker.io/library/sha256:7779794b3bca5a4d38a8a2c0713ccafd257aa9425811e1da7a1c716cc3086196:
------

 [33m1 warning found (use docker --debug to expand):
[0m - InvalidDefaultArgInFrom: Default value for ARG ${BASE} results in empty or invalid base image name (line 2)
Dockerfile:2
--------------------
   1 |     ARG BASE
   2 | >>> FROM ${BASE}
   3 |     LABEL dev.layerfs.diagnostic="perf-cpu-profile-not-acceptance"
   4 |     RUN dpkg-query -W -f='${Package} ${Version}\n' > /tmp/packages-before \
--------------------
ERROR: failed to build: failed to solve: sha256:7779794b3bca5a4d38a8a2c0713ccafd257aa9425811e1da7a1c716cc3086196: failed to resolve source metadata for docker.io/library/sha256:7779794b3bca5a4d38a8a2c0713ccafd257aa9425811e1da7a1c716cc3086196: docker.io/library/sha256:7779794b3bca5a4d38a8a2c0713ccafd257aa9425811e1da7a1c716cc3086196: not found

View build details: docker-desktop://dashboard/build/desktop-linux/desktop-linux/kh496maf7qgs3jy64j5otpdkt

