Traceback (most recent call last):
  File "/tmp/layerfs-issue68-profile.py", line 56, in <module>
    command(['docker','build','--build-arg','BASE='+local_base,'-t',a.tag,str(a.output)], timeout=600)
    ~~~~~~~^^^^^^^^^^^^^^^^^^^^^^^^^^^^^^^^^^^^^^^^^^^^^^^^^^^^^^^^^^^^^^^^^^^^^^^^^^^^^^^^^^^^^^^^^^^
  File "/tmp/layerfs-issue68-profile.py", line 31, in command
    raise RuntimeError(f'{argv}: {result.stderr.decode(errors="replace")}')
RuntimeError: ['docker', 'build', '--build-arg', 'BASE=layerfs-profile-base:7779794b3bca5a4d38a8a2c0713ccafd257aa9425811e1da7a1c716cc3086196', '-t', 'layerfs-perf:issue68', '/Users/yifanxu/Ephemeral-AI-Lab/layerfs-issue68-optimization/benchmark-results/host-store/campaigns/issue68-implementation-20260907/cpu-profile-build-local-tag']: #0 building with "desktop-linux" instance using docker driver

#1 [internal] load build definition from Dockerfile
#1 transferring dockerfile: 890B done
#1 WARN: InvalidDefaultArgInFrom: Default value for ARG ${BASE} results in empty or invalid base image name (line 2)
#1 DONE 0.0s

#2 [internal] load metadata for docker.io/library/layerfs-profile-base:7779794b3bca5a4d38a8a2c0713ccafd257aa9425811e1da7a1c716cc3086196
#2 DONE 0.0s

#3 [internal] load .dockerignore
#3 transferring context: 2B done
#3 DONE 0.0s

#4 [1/2] FROM docker.io/library/layerfs-profile-base:7779794b3bca5a4d38a8a2c0713ccafd257aa9425811e1da7a1c716cc3086196@sha256:7779794b3bca5a4d38a8a2c0713ccafd257aa9425811e1da7a1c716cc3086196
#4 resolve docker.io/library/layerfs-profile-base:7779794b3bca5a4d38a8a2c0713ccafd257aa9425811e1da7a1c716cc3086196@sha256:7779794b3bca5a4d38a8a2c0713ccafd257aa9425811e1da7a1c716cc3086196 0.0s done
#4 DONE 0.1s

#5 [2/2] RUN dpkg-query -W -f='${Package} ${Version}\n' > /tmp/packages-before  && sha256sum /usr/local/bin/layerfs-daemon /usr/local/bin/layerfs-fuse /usr/local/bin/fs-benchmark-workload /usr/bin/git > /tmp/product-before  && apt-get update  && apt-get install -y --no-install-recommends --no-upgrade linux-perf  && dpkg-query -W -f='${Package} ${Version}\n' > /tmp/packages-after  && python3 -c "b=dict(x.split() for x in open('/tmp/packages-before')); a=dict(x.split() for x in open('/tmp/packages-after')); assert all(a.get(k)==v for k,v in b.items()), 'installed package upgraded'"  && sha256sum -c /tmp/product-before  && mkdir /profiling  && cp /tmp/packages-before /tmp/packages-after /tmp/product-before /profiling/  && rm -rf /var/lib/apt/lists/*
#5 2.202 Get:1 http://deb.debian.org/debian bookworm InRelease [151 kB]
#5 3.428 Get:2 http://deb.debian.org/debian bookworm-updates InRelease [55.4 kB]
#5 5.051 Get:3 http://deb.debian.org/debian-security bookworm-security InRelease [34.8 kB]
#5 35.09 Ign:4 http://deb.debian.org/debian bookworm/main arm64 Packages
#5 36.49 Get:5 http://deb.debian.org/debian bookworm-updates/main arm64 Packages [6936 B]
#5 38.51 Get:6 http://deb.debian.org/debian-security bookworm-security/main arm64 Packages [334 kB]
#5 68.55 Ign:4 http://deb.debian.org/debian bookworm/main arm64 Packages
#5 130.6 Ign:4 http://deb.debian.org/debian bookworm/main arm64 Packages
#5 194.7 Ign:4 http://deb.debian.org/debian bookworm/main arm64 Packages
#5 222.2 Err:4 http://deb.debian.org/debian bookworm/main arm64 Packages
#5 222.2   Connection failed [IP: 192.168.65.1 3128]
#5 282.3 Ign:4 http://deb.debian.org/debian bookworm/main arm64 Packages
#5 CANCELED

 [33m1 warning found (use docker --debug to expand):
[0m - InvalidDefaultArgInFrom: Default value for ARG ${BASE} results in empty or invalid base image name (line 2)
ERROR: failed to build: failed to solve: Canceled: context canceled

