['cargo', '+1.96.0', 'fmt', '--all', '--check']
['cargo', '+1.96.0', 'clippy', '--workspace', '--locked', '--', '-D', 'warnings']
    Checking layerfs-content v0.1.2 (/Users/yifanxu/Ephemeral-AI-Lab/layerfs-issue68-optimization/crates/layerfs-content)
   Compiling ref-cast v1.0.27
   Compiling vcpkg v0.2.15
   Compiling zerocopy v0.8.56
    Checking scopeguard v1.2.0
    Checking lock_api v0.4.14
   Compiling libsqlite3-sys v0.38.2
   Compiling ref-cast-impl v1.0.27
   Compiling nix v0.31.3
    Checking parking_lot_core v0.9.12
   Compiling rustversion v1.0.23
   Compiling num_enum_derive v0.7.6
   Compiling fuser v0.18.0
   Compiling nix v0.29.0
   Compiling zerocopy-derive v0.8.56
    Checking foldhash v0.2.0
    Checking hashbrown v0.17.1
    Checking num_enum v0.7.6
    Checking parking_lot v0.12.5
   Compiling tokio-macros v2.6.1
    Checking page_size v0.6.0
    Checking socket2 v0.6.5
    Checking mio v1.2.3
    Checking bytes v1.12.1
    Checking memchr v2.8.3
    Checking pin-project-lite v0.2.17
    Checking log v0.4.34
    Checking tokio v1.48.0
    Checking hashlink v0.12.1
    Checking layerfs-workspace-core v0.1.2 (/Users/yifanxu/Ephemeral-AI-Lab/layerfs-issue68-optimization/crates/layerfs-workspace-core)
    Checking fallible-iterator v0.3.0
    Checking fallible-streaming-iterator v0.1.9
    Checking layerfs-fuse v0.1.2 (/Users/yifanxu/Ephemeral-AI-Lab/layerfs-issue68-optimization/crates/layerfs-fuse)
    Checking rusqlite v0.40.2
    Checking layerfs-daemon v0.1.2 (/Users/yifanxu/Ephemeral-AI-Lab/layerfs-issue68-optimization/crates/layerfs-daemon)
    Checking layerfs-layerstack-store v0.1.2 (/Users/yifanxu/Ephemeral-AI-Lab/layerfs-issue68-optimization/crates/layerfs-layerstack-store)
error: very complex type used. Consider factoring parts into `type` definitions
   --> crates/layerfs-fuse/src/port.rs:148:10
    |
148 |     ) -> PortFuture<'a, (Vec<(u64, Attr, Vec<u8>)>, KernelReferences)> {
    |          ^^^^^^^^^^^^^^^^^^^^^^^^^^^^^^^^^^^^^^^^^^^^^^^^^^^^^^^^^^^^^
    |
    = help: for further information visit https://rust-lang.github.io/rust-clippy/rust-1.96.0/index.html#type_complexity
    = note: `-D clippy::type-complexity` implied by `-D warnings`
    = help: to override `-D warnings` add `#[allow(clippy::type_complexity)]`

error: could not compile `layerfs-fuse` (lib) due to 1 previous error
warning: build failed, waiting for other jobs to finish...
