['cargo', '+1.96.0', 'fmt', '--all']
['cargo', '+1.96.0', 'clippy', '--workspace', '--locked', '--', '-D', 'warnings']
    Checking layerfs-fuse v0.1.2 (/Users/yifanxu/Ephemeral-AI-Lab/layerfs-issue68-optimization/crates/layerfs-fuse)
    Checking layerfs-materialization v0.1.2 (/Users/yifanxu/Ephemeral-AI-Lab/layerfs-issue68-optimization/crates/layerfs-materialization)
    Checking utf8parse v0.2.2
    Checking anstyle-parse v0.2.7
    Checking is_terminal_polyfill v1.70.2
    Checking colorchoice v1.0.5
    Checking anstyle v1.0.14
    Checking anstyle-query v1.1.5
    Checking anstream v0.6.21
    Checking clap_lex v0.7.7
   Compiling heck v0.5.0
    Checking strsim v0.11.1
    Checking clap_builder v4.5.48
    Checking layerfs-workspace v0.1.2 (/Users/yifanxu/Ephemeral-AI-Lab/layerfs-issue68-optimization/crates/layerfs-workspace)
   Compiling clap_derive v4.5.47
    Checking layerfs-monitor v0.1.2 (/Users/yifanxu/Ephemeral-AI-Lab/layerfs-issue68-optimization/crates/layerfs-monitor)
    Checking layerfs-sdk v0.1.2 (/Users/yifanxu/Ephemeral-AI-Lab/layerfs-issue68-optimization/crates/layerfs-sdk)
    Checking fs-benchmark-pro v0.1.2 (/Users/yifanxu/Ephemeral-AI-Lab/layerfs-issue68-optimization/benchmark/fs-bench-pro)
    Checking clap v4.5.48
    Checking layerfs-cli v0.1.2 (/Users/yifanxu/Ephemeral-AI-Lab/layerfs-issue68-optimization/crates/layerfs-cli)
    Checking layerfs-eval v0.1.2 (/Users/yifanxu/Ephemeral-AI-Lab/layerfs-issue68-optimization/tools/layerfs-eval)
    Checking layerfs-daemon v0.1.2 (/Users/yifanxu/Ephemeral-AI-Lab/layerfs-issue68-optimization/crates/layerfs-daemon)
    Finished `dev` profile [unoptimized + debuginfo] target(s) in 6.64s
