LAYERFS_LIVE_DOCKER=1 LAYERFS_LIVE_DOCKER_IMAGE=layerfs-bench-infra:8ba31f5e21a3614d
   Compiling layerfs-fuse v0.1.2 (/Users/yifanxu/Ephemeral-AI-Lab/layerfs-issue68-optimization/crates/layerfs-fuse)
   Compiling layerfs-workspace v0.1.2 (/Users/yifanxu/Ephemeral-AI-Lab/layerfs-issue68-optimization/crates/layerfs-workspace)
   Compiling layerfs-monitor v0.1.2 (/Users/yifanxu/Ephemeral-AI-Lab/layerfs-issue68-optimization/crates/layerfs-monitor)
   Compiling layerfs-sdk v0.1.2 (/Users/yifanxu/Ephemeral-AI-Lab/layerfs-issue68-optimization/crates/layerfs-sdk)
    Finished `test` profile [unoptimized + debuginfo] target(s) in 4.16s
     Running tests/live_docker.rs (target/debug/deps/live_docker-798df9119c2ed4d6)

running 3 tests
test managed_container_lifecycle_and_disconnect_cleanup_are_exact ... live-metadata stage=sdk-resize-alias-rename-recreate-open-unlink-PASS
live-prefill stage=cold-ro-sdk-resize-rw-mmap-discard-PASS
ok
test ordinary_writes_queue_during_mapped_commit ... focused live cut container=layerfs-live-cut-23562
live-cut stage=peer-ended-with-primary-mappings-live
live-cut stage=first-commit
live-cut stage=sdk-edit path=held-a
live-cut stage=sdk-edit path=held-b
live-cut stage=second-commit
ok
test running_commands_and_dirty_mappings_continue_across_commit ... focused live cut container=layerfs-live-cut-23562
live-cut stage=peer-ended-with-primary-mappings-live
live-cut stage=first-commit
live-cut stage=sdk-edit path=held-a
live-cut stage=sdk-edit path=held-b
live-cut stage=second-commit
ok

test result: ok. 3 passed; 0 failed; 0 ignored; 0 measured; 0 filtered out; finished in 9.63s

