   Compiling libc v0.2.189
   Compiling find-msvc-tools v0.1.11
   Compiling shlex v2.0.1
   Compiling pkg-config v0.3.34
   Compiling vcpkg v0.2.15
   Compiling libsqlite3-sys v0.38.2
   Compiling foldhash v0.2.0
   Compiling hashbrown v0.17.1
   Compiling jobserver v0.1.35
   Compiling cfg-if v1.0.4
   Compiling cc v1.4.4
   Compiling constant_time_eq v0.4.2
   Compiling arrayvec v0.7.8
   Compiling arrayref v0.3.9
   Compiling hashlink v0.12.1
   Compiling fallible-iterator v0.3.0
   Compiling smallvec v1.15.2
   Compiling bitflags v2.13.1
   Compiling fallible-streaming-iterator v0.1.9
   Compiling rusqlite v0.40.2
   Compiling blake3 v1.8.5
   Compiling zstd-sys v2.0.16+zstd.1.5.7
   Compiling layerfs-content v0.1.3 (/Users/yifanxu/Ephemeral-AI-Lab/layerfs-issue95/crates/layerfs-content)
   Compiling layerfs-layerstack-store v0.1.3 (/Users/yifanxu/Ephemeral-AI-Lab/layerfs-issue95/crates/layerfs-layerstack-store)
    Finished `test` profile [unoptimized + debuginfo] target(s) in 19.39s
     Running unittests src/lib.rs (target/debug/deps/layerfs_layerstack_store-9cf4004a5ed42e94)

running 1 test
test objects::tests::fresh_filter_negatives_false_positives_and_collisions_keep_exact_admission ... ok

test result: ok. 1 passed; 0 failed; 0 ignored; 0 measured; 96 filtered out; finished in 0.02s

