   Compiling layerfs-layerstack-store v0.1.3 (/Users/yifanxu/Ephemeral-AI-Lab/layerfs-issue90-storage-adoption/crates/layerfs-layerstack-store)
    Finished `test` profile [unoptimized + debuginfo] target(s) in 0.38s
     Running tests/v4.rs (target/debug/deps/v4-9e11be0ad1b1a2bd)

running 1 test
test visible_missing_and_same_length_corrupt_objects_are_integrity_errors ... ok

test result: ok. 1 passed; 0 failed; 0 ignored; 0 measured; 6 filtered out; finished in 0.02s

   Compiling layerfs-layerstack-store v0.1.3 (/Users/yifanxu/Ephemeral-AI-Lab/layerfs-issue90-storage-adoption/crates/layerfs-layerstack-store)
    Finished `test` profile [unoptimized + debuginfo] target(s) in 1.94s
     Running unittests src/lib.rs (target/debug/deps/layerfs_layerstack_store-b5aa77f28d74615d)

running 1 test

thread 'objects::ingestion_tests::directory_and_fallback_import_encode_only_regular_payloads_and_reopen' panicked at crates/layerfs-layerstack-store/src/objects/ingestion_tests.rs:92:9:
assertion `left == right` failed
  left: 1
 right: 2
note: run with `RUST_BACKTRACE=1` environment variable to display a backtrace
test objects::ingestion_tests::directory_and_fallback_import_encode_only_regular_payloads_and_reopen ... FAILED

failures:

failures:
    objects::ingestion_tests::directory_and_fallback_import_encode_only_regular_payloads_and_reopen

test result: FAILED. 0 passed; 1 failed; 0 ignored; 0 measured; 88 filtered out; finished in 0.03s

error: test failed, to rerun pass `-p layerfs-layerstack-store --lib`
