   Compiling libc v0.2.189
   Compiling shlex v2.0.1
   Compiling find-msvc-tools v0.1.11
   Compiling pkg-config v0.3.34
   Compiling vcpkg v0.2.15
   Compiling foldhash v0.2.0
   Compiling hashbrown v0.17.1
   Compiling cfg-if v1.0.4
   Compiling arrayvec v0.7.8
   Compiling constant_time_eq v0.4.2
   Compiling libsqlite3-sys v0.38.2
   Compiling arrayref v0.3.9
   Compiling hashlink v0.12.1
   Compiling smallvec v1.15.2
   Compiling fallible-streaming-iterator v0.1.9
   Compiling fallible-iterator v0.3.0
   Compiling bitflags v2.13.1
   Compiling jobserver v0.1.35
   Compiling cc v1.4.4
   Compiling rusqlite v0.40.2
   Compiling blake3 v1.8.5
   Compiling zstd-sys v2.0.16+zstd.1.5.7
   Compiling layerfs-content v0.1.3 (/Users/yifanxu/Ephemeral-AI-Lab/layerfs-issue90-storage-adoption/crates/layerfs-content)
   Compiling layerfs-layerstack-store v0.1.3 (/Users/yifanxu/Ephemeral-AI-Lab/layerfs-issue90-storage-adoption/crates/layerfs-layerstack-store)
warning: method `visit_membership_batches` is never used
    --> crates/layerfs-layerstack-store/src/objects.rs:2192:8
     |
1841 | impl DeferredObjectStore {
     | ------------------------ method in this implementation
...
2192 |     fn visit_membership_batches(
     |        ^^^^^^^^^^^^^^^^^^^^^^^^
     |
     = note: `#[warn(dead_code)]` on by default

warning: function `note_workspace_admission_validation` is never used
   --> crates/layerfs-layerstack-store/src/telemetry.rs:733:15
    |
733 | pub(crate) fn note_workspace_admission_validation(authentication_ns: u64, sort_ns: u64) {
    |               ^^^^^^^^^^^^^^^^^^^^^^^^^^^^^^^^^^^

warning: `layerfs-layerstack-store` (lib test) generated 2 warnings
    Finished `test` profile [unoptimized + debuginfo] target(s) in 14.34s
  Executable unittests src/lib.rs (target/debug/deps/layerfs_layerstack_store-b5aa77f28d74615d)
