    Checking libc v0.2.189
    Checking memoffset v0.9.1
    Checking scopeguard v1.2.0
    Checking lock_api v0.4.14
    Checking zerocopy v0.8.56
    Checking parking_lot_core v0.9.12
    Checking parking_lot v0.12.5
    Checking page_size v0.6.0
    Checking mio v1.2.3
    Checking nix v0.31.3
    Checking socket2 v0.6.5
    Checking num_enum v0.7.6
    Checking ref-cast v1.0.27
    Checking layerfs-layerstack-store v0.1.3 (/Users/yifanxu/Ephemeral-AI-Lab/layerfs-issue91/crates/layerfs-layerstack-store)
    Checking memchr v2.8.3
    Checking log v0.4.34
    Checking bytes v1.12.1
    Checking pin-project-lite v0.2.17
    Checking tokio v1.48.0
    Checking fuser v0.18.0
    Checking nix v0.29.0
    Checking layerfs-workspace-core v0.1.3 (/Users/yifanxu/Ephemeral-AI-Lab/layerfs-issue91/crates/layerfs-workspace-core)
    Checking layerfs-fuse v0.1.3 (/Users/yifanxu/Ephemeral-AI-Lab/layerfs-issue91/crates/layerfs-fuse)
    Checking layerfs-daemon v0.1.3 (/Users/yifanxu/Ephemeral-AI-Lab/layerfs-issue91/crates/layerfs-daemon)
    Checking layerfs-materialization v0.1.3 (/Users/yifanxu/Ephemeral-AI-Lab/layerfs-issue91/crates/layerfs-materialization)
    Checking layerfs-workspace v0.1.3 (/Users/yifanxu/Ephemeral-AI-Lab/layerfs-issue91/crates/layerfs-workspace)
error: items after a test module
    --> crates/layerfs-workspace/src/file_io.rs:676:1
     |
 676 | mod tests {
     | ^^^^^^^^^
...
1194 | impl HostSpool {
     | ^^^^^^^^^^^^^^
...
1275 | impl HostSpool {
     | ^^^^^^^^^^^^^^
     |
     = help: for further information visit https://rust-lang.github.io/rust-clippy/rust-1.96.0/index.html#items_after_test_module
     = note: `-D clippy::items-after-test-module` implied by `-D warnings`
     = help: to override `-D warnings` add `#[allow(clippy::items_after_test_module)]`
     = help: move the items to before the test module was defined

error: could not compile `layerfs-workspace` (lib test) due to 1 previous error
