{"phase": "inventory", "performance_cases": 198, "proof_cases": 29, "mismatches": []}
PROOF payload_create_read payload-create-1m-compact-v2 PASS wall=1.986716665996937
PROOF payload_create_read payload-create-10m-compact-v2 PASS wall=2.1264092500059633
PROOF payload_create_read payload-create-100m PASS wall=3.817061250010738
PROOF payload_create_read payload-create-500m PASS wall=10.498147917009192
PROOF payload_create_read payload-random-read-1-compact-v2 PASS wall=2.136741125010303
PROOF payload_create_read payload-random-read-10-compact-v2 PASS wall=2.463444624998374
PROOF payload_create_read payload-random-read-100 PASS wall=16.207464332997915
PROOF payload_create_read payload-random-read-500 PASS wall=9.647727458999725
PROOF dedup_workspace_reuse dedup-workspace-exact-1-compact-v2 PASS wall=2.5791712920035934
PROOF dedup_workspace_reuse dedup-workspace-exact-10-compact-v2 PASS wall=2.2897777920006774
PROOF dedup_workspace_reuse dedup-workspace-exact-100 PASS wall=8.296970750001492
PROOF dedup_workspace_reuse dedup-workspace-exact-500 PASS wall=16.277061625005445
PROOF dedup_workspace_reuse dedup-workspace-local-1-compact-v2 PASS wall=1.8551002500025788
PROOF dedup_workspace_reuse dedup-workspace-local-10-compact-v2 PASS wall=2.145301999989897
PROOF dedup_workspace_reuse dedup-workspace-local-100 PASS wall=6.729142124997452
PROOF dedup_workspace_reuse dedup-workspace-local-500 PASS wall=16.651978459005477
PROOF dedup_workspace_reuse dedup-workspace-unique-1-compact-v2 PASS wall=1.7901591249974445
PROOF dedup_workspace_reuse dedup-workspace-unique-10-compact-v2 PASS wall=2.1746676250040764
PROOF dedup_workspace_reuse dedup-workspace-unique-100 PASS wall=6.795193874990218
PROOF dedup_workspace_reuse dedup-workspace-unique-500 PASS wall=17.500794374995166
PROOF dedup_workspace_reuse dedup-workspace-unique-1-base128-v3 PASS wall=4.433490958006587
PROOF dedup_workspace_reuse dedup-workspace-unique-10-base128-v3 PASS wall=4.811151999994763
PROOF dedup_cross_file dedup-cross-file-anchor-1 PASS wall=1.8111272090027342
PROOF dedup_cross_file dedup-cross-file-unique-10 PASS wall=2.30214979100856
PROOF dedup_cross_file dedup-cross-file-unique-100 PASS wall=4.7076947079913225
PROOF dedup_cross_file dedup-cross-file-unique-500 PASS wall=16.70821020800213
PROOF dedup_cross_file dedup-cross-file-identical-10 PASS wall=1.9318015830067452
PROOF dedup_cross_file dedup-cross-file-identical-100 PASS wall=3.698856707997038
PROOF dedup_cross_file dedup-cross-file-identical-500 PASS wall=10.94529324999894
PROOF dedup_cross_file dedup-cross-file-mixed-10 PASS wall=2.058634125001845
PROOF dedup_cross_file dedup-cross-file-mixed-100 PASS wall=4.321575458001462
PROOF dedup_cross_file dedup-cross-file-mixed-500 PASS wall=15.197439333001967
PROOF dedup_cdc_locality dedup-cdc-overwrite-1 PASS wall=1.708071083005052
PROOF dedup_cdc_locality dedup-cdc-overwrite-10 PASS wall=2.3149799590028124
PROOF dedup_cdc_locality dedup-cdc-overwrite-100 PASS wall=5.055449209001381
PROOF dedup_cdc_locality dedup-cdc-overwrite-500 PASS wall=18.855104500005837
PROOF dedup_cdc_locality dedup-cdc-insert-1 PASS wall=2.001191083007143
PROOF dedup_cdc_locality dedup-cdc-insert-10 PASS wall=2.348575249998248
PROOF dedup_cdc_locality dedup-cdc-insert-100 PASS wall=5.484609332997934
PROOF dedup_cdc_locality dedup-cdc-insert-500 PASS wall=19.547264667009586
PROOF dedup_cdc_locality dedup-cdc-delete-1 PASS wall=1.9622667499934323
PROOF dedup_cdc_locality dedup-cdc-delete-10 PASS wall=2.1598537499958184
PROOF dedup_cdc_locality dedup-cdc-delete-100 PASS wall=5.261143624986289
PROOF dedup_cdc_locality dedup-cdc-delete-500 PASS wall=20.421061333006946
PROOF dedup_cdc_locality dedup-cdc-common-body-1 PASS wall=1.793878084004973
PROOF dedup_cdc_locality dedup-cdc-common-body-10 PASS wall=2.051803333000862
PROOF dedup_cdc_locality dedup-cdc-common-body-100 PASS wall=5.847465083003044
PROOF dedup_cdc_locality dedup-cdc-common-body-500 PASS wall=20.517868292008643
PROOF dedup_cdc_locality dedup-cdc-scattered-1 PASS wall=1.9308889160020044
PROOF dedup_cdc_locality dedup-cdc-scattered-10 PASS wall=2.2043184579961235
PROOF dedup_cdc_locality dedup-cdc-scattered-100 PASS wall=6.199886667003739
PROOF dedup_cdc_locality dedup-cdc-scattered-500 PASS wall=22.46498354099458
PROOF dedup_cdc_locality dedup-cdc-boundaries-proof PASS wall=1.8302025000011781
PROOF edit_length_preserving overwrite-head-4k-on-1mib-ops-1 PASS wall=2.072048290996463
PROOF edit_length_preserving overwrite-head-4k-on-10mib-ops-1 PASS wall=2.0587119169940706
PROOF edit_length_preserving overwrite-head-4k-on-100mib-ops-1 PASS wall=3.743910000004689
PROOF edit_length_preserving overwrite-head-4k-on-500mib-ops-1 PASS wall=10.162468709007953
PROOF edit_length_preserving overwrite-middle-4k-on-1mib-ops-1 PASS wall=1.6355626250006026
PROOF edit_length_preserving overwrite-middle-4k-on-10mib-ops-1 PASS wall=1.8523510420054663
PROOF edit_length_preserving overwrite-middle-4k-on-100mib-ops-1 PASS wall=2.0409615829994436
PROOF edit_length_preserving overwrite-middle-4k-on-500mib-ops-1 PASS wall=3.878044665994821
PROOF edit_length_preserving overwrite-tail-4k-on-1mib-ops-1 PASS wall=1.793180292006582
PROOF edit_length_preserving overwrite-tail-4k-on-10mib-ops-1 PASS wall=1.780371707995073
PROOF edit_length_preserving overwrite-tail-4k-on-100mib-ops-1 PASS wall=2.201017834013328
PROOF edit_length_preserving overwrite-tail-4k-on-500mib-ops-1 PASS wall=3.86936991699622
PROOF edit_length_changing insert-middle-4k-on-1mib-ops-1 PASS wall=1.6838387500029057
PROOF edit_length_changing insert-middle-4k-on-10mib-ops-1 PASS wall=1.7821112090023234
PROOF edit_length_changing insert-middle-4k-on-100mib-ops-1 PASS wall=2.2463923749892274
PROOF edit_length_changing insert-middle-4k-on-500mib-result-capped-v2-ops-1 PASS wall=9.91171620899695
PROOF edit_length_changing delete-middle-4k-on-1mib-ops-1 PASS wall=1.693552541997633
PROOF edit_length_changing delete-middle-4k-on-10mib-ops-1 PASS wall=1.8206021660007536
PROOF edit_length_changing delete-middle-4k-on-100mib-ops-1 PASS wall=1.984618665999733
PROOF edit_length_changing delete-middle-4k-on-500mib-ops-1 PASS wall=3.839149791005184
PROOF edit_length_changing append-tail-4k-on-1mib-ops-1 PASS wall=1.8392720840056427
PROOF edit_length_changing append-tail-4k-on-10mib-ops-1 PASS wall=1.7367060420074267
PROOF edit_length_changing append-tail-4k-on-100mib-ops-1 PASS wall=2.0427526669955114
PROOF edit_length_changing append-tail-4k-on-500mib-result-capped-v2-ops-1 PASS wall=3.8144019169994863
PROOF edit_length_changing prepend-head-4k-on-1mib-ops-1 PASS wall=1.8452297920011915
PROOF edit_length_changing prepend-head-4k-on-10mib-ops-1 PASS wall=1.7949195000110194
PROOF edit_length_changing prepend-head-4k-on-100mib-ops-1 PASS wall=2.1496548330032965
PROOF edit_length_changing prepend-head-4k-on-500mib-result-capped-v2-ops-1 PASS wall=3.814298166995286
PROOF edit_length_changing replace-grow-middle-2k-to-4k-on-1mib-ops-1 PASS wall=1.6464127500075847
PROOF edit_length_changing replace-grow-middle-2k-to-4k-on-10mib-ops-1 PASS wall=1.7237476669979515
PROOF edit_length_changing replace-grow-middle-2k-to-4k-on-100mib-ops-1 PASS wall=2.0285482080071233
PROOF edit_length_changing replace-grow-middle-2k-to-4k-on-500mib-result-capped-v2-ops-1 PASS wall=9.656052791004186
PROOF edit_length_changing replace-shrink-middle-4k-to-2k-on-1mib-ops-1 PASS wall=1.6535099579923553
PROOF edit_length_changing replace-shrink-middle-4k-to-2k-on-10mib-ops-1 PASS wall=1.7462300000042887
PROOF edit_length_changing replace-shrink-middle-4k-to-2k-on-100mib-ops-1 PASS wall=2.18298283299373
PROOF edit_length_changing replace-shrink-middle-4k-to-2k-on-500mib-ops-1 PASS wall=3.918178624997381
PROOF edit_length_changing truncate-tail-4k-on-1mib-ops-1 PASS wall=1.5210435830085771
PROOF edit_length_changing truncate-tail-4k-on-10mib-ops-1 PASS wall=1.793272082999465
PROOF edit_length_changing truncate-tail-4k-on-100mib-ops-1 PASS wall=2.2669738330005202
PROOF edit_length_changing truncate-tail-4k-on-500mib-ops-1 PASS wall=4.005043124998338
PROOF edit_length_changing zero-extend-tail-4k-on-1mib-ops-1 PASS wall=1.7581864999956451
PROOF edit_length_changing zero-extend-tail-4k-on-10mib-ops-1 PASS wall=1.578600082997582
PROOF edit_length_changing zero-extend-tail-4k-on-100mib-ops-1 PASS wall=1.9067857079935493
PROOF edit_length_changing zero-extend-tail-4k-on-500mib-result-capped-v2-ops-1 PASS wall=4.04247062500508
PROOF edit_canonical_chunk_count overwrite-fixed-64k-chunk-count-preserve-on-1mib-ops-1 PASS wall=1.7505444170092233
PROOF edit_canonical_chunk_count overwrite-fixed-64k-chunk-count-preserve-on-10mib-ops-1 PASS wall=1.7923216250055702
PROOF edit_canonical_chunk_count overwrite-fixed-64k-chunk-count-preserve-on-100mib-ops-1 PASS wall=2.2026384589989902
PROOF edit_canonical_chunk_count overwrite-fixed-64k-chunk-count-preserve-on-500mib-ops-1 PASS wall=4.020572291003191
PROOF edit_canonical_chunk_count overwrite-fixed-64k-chunk-count-increase-on-1mib-ops-1 PASS wall=1.7512877909903182
PROOF edit_canonical_chunk_count overwrite-fixed-64k-chunk-count-increase-on-10mib-ops-1 PASS wall=1.8554065829957835
PROOF edit_canonical_chunk_count overwrite-fixed-64k-chunk-count-increase-on-100mib-ops-1 PASS wall=2.2649230410024757
PROOF edit_canonical_chunk_count overwrite-fixed-64k-chunk-count-increase-on-500mib-ops-1 PASS wall=3.948185375003959
PROOF edit_canonical_chunk_count overwrite-fixed-64k-chunk-count-decrease-on-1mib-ops-1 PASS wall=1.6369071249937406
PROOF edit_canonical_chunk_count overwrite-fixed-64k-chunk-count-decrease-on-10mib-ops-1 PASS wall=1.5664090420032153
PROOF edit_canonical_chunk_count overwrite-fixed-64k-chunk-count-decrease-on-100mib-ops-1 PASS wall=1.9691704160068184
PROOF edit_canonical_chunk_count overwrite-fixed-64k-chunk-count-decrease-on-500mib-ops-1 PASS wall=3.7719009169959463
PROOF init_namespace namespace-100-compact-v3 PASS wall=1.7882511660136515
PROOF init_namespace namespace-1000-compact-v3 PASS wall=2.158600042006583
PROOF init_namespace namespace-10000 PASS wall=6.805261458008317
PROOF init_namespace namespace-100000 PASS wall=7.2253554170019925
PROOF store_footprint store-footprint-unique-100000 PASS wall=6.946012415995938
PROOF store_footprint store-footprint-metadata-cardinality-100000 PASS wall=10.256685917003779
PROOF store_footprint store-footprint-large-object-500m PASS wall=6.440432667004643
PROOF store_footprint store-footprint-unique-100-low-v1 PASS wall=2.1488809589936864
PROOF store_footprint store-footprint-metadata-cardinality-100-low-v1 PASS wall=2.4146684170118533
PROOF store_footprint store-footprint-large-object-10m-low-v1 PASS wall=2.407940832999884
PROOF tiny_file_churn tiny-create-1-compact-v2 PASS wall=3.118078166997293
PROOF tiny_file_churn tiny-create-10-compact-v2 PASS wall=10.566891042006318
PROOF tiny_file_churn tiny-create-100-mixed-v4 PASS wall=11.108049916001619
PROOF tiny_file_churn tiny-create-500-mixed-v4 PASS wall=17.803332750001573
PROOF tiny_file_churn tiny-stat-1-compact-v2 PASS wall=1.9105132089898689
PROOF tiny_file_churn tiny-stat-10-compact-v2 PASS wall=2.088156500001787
PROOF tiny_file_churn tiny-stat-100-mixed-v4 PASS wall=4.152969749993645
PROOF tiny_file_churn tiny-stat-500-mixed-v4 PASS wall=11.236493166012224
PROOF tiny_file_churn tiny-unlink-1-compact-v2 PASS wall=1.6961962080094963
PROOF tiny_file_churn tiny-unlink-10-compact-v2 PASS wall=1.645225667001796
PROOF tiny_file_churn tiny-unlink-100-mixed-v4 PASS wall=2.291560625002603
PROOF tiny_file_churn tiny-unlink-500-mixed-v4 PASS wall=4.16831775000901
PROOF tiny_file_churn tiny-bulk-create-1-compact-v2 PASS wall=1.7743015000014566
PROOF tiny_file_churn tiny-bulk-create-10-compact-v2 PASS wall=2.1224819580093026
PROOF tiny_file_churn tiny-bulk-create-100-mixed-v3 PASS wall=3.281006624994916
PROOF tiny_file_churn tiny-bulk-create-500-mixed-v3 PASS wall=9.081071749998955
PROOF tiny_file_churn tiny-bulk-delete-1-compact-v2 PASS wall=1.85224991600262
PROOF tiny_file_churn tiny-bulk-delete-10-compact-v2 PASS wall=2.166676082997583
PROOF tiny_file_churn tiny-bulk-delete-100-mixed-v3 PASS wall=4.588739250000799
PROOF tiny_file_churn tiny-bulk-delete-500-mixed-v3 PASS wall=14.372580583003582
PROOF namespace_mutation namespace-subtree-relocate-delete-1-compact-v2 PASS wall=2.027045499999076
PROOF namespace_mutation namespace-subtree-relocate-delete-10-compact-v2 PASS wall=2.171578124994994
PROOF namespace_mutation namespace-subtree-relocate-delete-100-mixed-v4 PASS wall=4.1448605000041425
PROOF namespace_mutation namespace-subtree-relocate-delete-500-mixed-v4 PASS wall=11.761754624996684
PROOF directory_construction_traversal directory-construct-1-compact-v2 PASS wall=2.1018461250059772
PROOF directory_construction_traversal directory-construct-10-compact-v2 PASS wall=2.4451642079948215
PROOF directory_construction_traversal directory-construct-100-mixed-v4 PASS wall=4.310334042005707
PROOF directory_construction_traversal directory-construct-500-mixed-v4 PASS wall=12.424328583001625
PROOF directory_construction_traversal directory-metadata-scan-1-compact-v2 PASS wall=2.1047360410011606
PROOF directory_construction_traversal directory-metadata-scan-10-compact-v2 PASS wall=2.6997864170116372
PROOF directory_construction_traversal directory-metadata-scan-100-mixed-v4 PASS wall=4.334503499994753
PROOF directory_construction_traversal directory-metadata-scan-500-mixed-v4 PASS wall=11.74348041700432
PROOF directory_construction_traversal directory-content-scan-1-compact-v2 PASS wall=2.3118044169968925
PROOF directory_construction_traversal directory-content-scan-10-compact-v2 PASS wall=2.7359719169908203
PROOF directory_construction_traversal directory-content-scan-100-mixed-v4 PASS wall=3.856938834011089
PROOF directory_construction_traversal directory-content-scan-500-mixed-v4 PASS wall=9.667408459004946
PROOF workspace_change_locality workspace-clean-commit-1-compact-v2 PASS wall=2.020941499999026
PROOF workspace_change_locality workspace-clean-commit-10-compact-v2 PASS wall=2.484094917002949
PROOF workspace_change_locality workspace-clean-commit-100-mixed-v4 PASS wall=4.294060082989745
PROOF workspace_change_locality workspace-clean-commit-500-mixed-v4 PASS wall=3.6395774579868885
PROOF workspace_change_locality workspace-fixed-move-1-compact-v2 PASS wall=1.8326661250030156
PROOF workspace_change_locality workspace-fixed-move-10-compact-v2 PASS wall=2.198693957994692
PROOF workspace_change_locality workspace-fixed-move-100-mixed-v4 PASS wall=2.378555833012797
PROOF workspace_change_locality workspace-fixed-move-500-mixed-v4 PASS wall=4.299071790999733
PROOF workspace_change_locality workspace-distributed-sdk-edit-1-compact-v2 PASS wall=2.127656124997884
PROOF workspace_change_locality workspace-distributed-sdk-edit-10-compact-v2 PASS wall=2.436731875000987
PROOF workspace_change_locality workspace-distributed-sdk-edit-100-mixed-v4 PASS wall=2.814902500002063
PROOF workspace_change_locality workspace-distributed-sdk-edit-500-mixed-v4 PASS wall=7.761799499989138
PROOF workspace_change_locality workspace-dense-rewrite-1-compact-v2 PASS wall=1.930480458002421
PROOF workspace_change_locality workspace-dense-rewrite-10-compact-v2 PASS wall=3.7993087499926332
PROOF workspace_change_locality workspace-dense-rewrite-100-mixed-v4 PASS wall=4.418451207995531
PROOF workspace_change_locality workspace-dense-rewrite-500-mixed-v4 PASS wall=11.821145416994113
PROOF dedup_branch_history dedup-history-distributed-1 PASS wall=2.3028351250104606
PROOF dedup_branch_history dedup-history-distributed-10 PASS wall=4.77335616700293
PROOF dedup_branch_history dedup-history-distributed-100 PASS wall=4.963627374992939
PROOF dedup_branch_history dedup-history-distributed-500 PASS wall=10.795588207998662
PROOF dedup_branch_history dedup-history-hotset-1 PASS wall=2.4048066250106785
PROOF dedup_branch_history dedup-history-hotset-10 PASS wall=5.0780317910102895
PROOF dedup_branch_history dedup-history-hotset-100 PASS wall=5.190392292002798
PROOF dedup_branch_history dedup-history-hotset-500 PASS wall=9.642119208001532
PROOF dedup_branch_history dedup-history-recurring-1 PASS wall=2.3955888339987723
PROOF dedup_branch_history dedup-history-recurring-10 PASS wall=5.071212166993064
PROOF dedup_branch_history dedup-history-recurring-100 PASS wall=4.448596082991571
PROOF dedup_branch_history dedup-history-recurring-500 PASS wall=8.687035374998231
PROOF dedup_branch_history dedup-history-metadata-1 PASS wall=2.425483291997807
PROOF dedup_branch_history dedup-history-metadata-10 PASS wall=5.125575625002966
PROOF dedup_branch_history dedup-history-metadata-100 PASS wall=4.916745250011445
PROOF dedup_branch_history dedup-history-metadata-500 PASS wall=8.591563749985653
PROOF dedup_branch_history dedup-history-unrelated-1 PASS wall=3.3180693330068607
PROOF dedup_branch_history dedup-history-unrelated-10 PASS wall=14.977644291997422
PROOF dedup_branch_history dedup-history-unrelated-100-mixed-v2 PASS wall=7.293071457999758
PROOF dedup_branch_history dedup-history-unrelated-500-mixed-v2 PASS wall=29.1413959999918
PROOF git_tool_workflow git-tool-1-compact-v2 PASS wall=5.213744874999975
PROOF git_tool_workflow git-tool-10-compact-v2 PASS wall=7.038679959005094
PROOF git_tool_workflow git-tool-100-mixed-v4 PASS wall=20.386089459003415
PROOF git_tool_workflow git-tool-500-mixed-v4 PASS wall=38.480839334006305
PROOF mixed_load_bearing agent-episodes-1-compact-v2 PASS wall=2.2991001250047702
PROOF mixed_load_bearing agent-episodes-10-compact-v2 PASS wall=2.9941781669913325
PROOF mixed_load_bearing agent-episodes-100 PASS wall=19.325176250000368
PROOF mixed_load_bearing agent-episodes-500 PASS wall=21.086884208008996
PROOF workspace_reliability workspace-invalid-sdk-edit-compact-v2-proof PASS wall=2.381767625003704
PROOF workspace_reliability workspace-invalid-namespace-compact-v2-proof PASS wall=2.121228957999847
PROOF workspace_reliability workspace-lease-lifecycle-compact-v2-proof PASS wall=1.9490530409966595
PROOF workspace_reliability workspace-open-writer-busy-compact-v2-proof PASS wall=2.505101208007545
PROOF workspace_reliability workspace-live-execution-busy-compact-v2-proof PASS wall=2.425572500011185
PROOF workspace_reliability workspace-candidate-failure-retry-compact-v2-proof PASS wall=2.17578949999006
PROOF workspace_reliability workspace-admission-batch-failure-retry-compact-v2-proof PASS wall=3.3676234589947853
PROOF workspace_reliability workspace-final-publication-failure-retry-compact-v2-proof PASS wall=3.470752374996664
PROOF workspace_reliability workspace-published-presentation-failure-smoke-v3-proof PASS wall=2.154657833001693
PROOF workspace_reliability workspace-dirty-end-discard-compact-v2-proof PASS wall=2.1802535409951815
PROOF workspace_reliability workspace-dirty-net-zero-compact-v2-proof PASS wall=2.124185167005635
PROOF workspace_reliability workspace-short-spool-write-compact-v2-proof PASS wall=1.9124761660059448
PROOF workspace_reliability workspace-deferred-nospace-compact-v2-proof PASS wall=2.0039791660092305
PROOF workspace_reliability workspace-workload-cancel-compact-v2-proof PASS wall=2.6089137500093784
PROOF workspace_reliability workspace-dirty-runtime-disconnect-compact-v2-proof PASS wall=2.5329604590078816
PROOF workspace_reliability workspace-corrupt-descendant-compact-v2-proof PASS wall=1.9136459580040537
PROOF workspace_reliability workspace-missing-descendant-compact-v2-proof PASS wall=1.919006417010678
PROOF workspace_reliability workspace-parallel-read-write-compact-v2-proof PASS wall=2.1896072500094306
PROOF workspace_reliability workspace-shared-path-contention-compact-v2-proof PASS wall=2.1331599589902908
PROOF workspace_reliability workspace-hardlink-alias-compact-v2-proof PASS wall=2.339929208988906
PROOF workspace_reliability workspace-symlink-semantics-compact-v2-proof PASS wall=2.1398183329874882
PROOF workspace_reliability workspace-open-rename-unlink-compact-v2-proof PASS wall=2.1605865839956095
PROOF workspace_reliability workspace-metadata-chmod-compact-v2-proof PASS wall=2.2324254169943742
PROOF workspace_reliability workspace-metadata-mtime-compact-v2-proof PASS wall=2.118871875005425
PROOF workspace_reliability workspace-metadata-xattr-compact-v2-proof PASS wall=2.072201082992251
PROOF workspace_reliability workspace-exec-500-compact-v2-proof PASS wall=10.232270374996006
PROOF workspace_reliability workspace-repeat-publication-compact-v2-proof PASS wall=2.2429960839945124
{"campaign": {"declaration_sha256": "50a2256635e415168509c1bb5c98fb6660437633dc48b2fecd597d0c8098a0a9", "issue": 91, "release": "0.1.4"}, "issue": 91, "mismatches": [], "performance_cases": 198, "performance_outcomes": {}, "proof_definitions": 29, "verification_outcomes": {"NOT_RUN_OPTIONAL": 1, "PASS": 226}}
