{"command": ["cargo", "+1.85.1", "test", "-p", "layerfs-sdk", "--all-features", "--locked", "--test", "live_docker", "--", "--nocapture", "--test-threads=1"], "LAYERFS_LIVE_DOCKER": "1", "LAYERFS_LIVE_DOCKER_IMAGE": "layerfs-issue90:55c0f273b8ffb561"}
   Compiling layerfs-monitor v0.1.3 (/Users/yifanxu/Ephemeral-AI-Lab/layerfs-issue90-storage-adoption/crates/layerfs-monitor)
   Compiling layerfs-sdk v0.1.3 (/Users/yifanxu/Ephemeral-AI-Lab/layerfs-issue90-storage-adoption/crates/layerfs-sdk)
    Finished `test` profile [unoptimized + debuginfo] target(s) in 2.00s
     Running tests/live_docker.rs (target/debug/deps/live_docker-50eca5969bb40ae2)

running 3 tests
test managed_container_lifecycle_and_disconnect_cleanup_are_exact ... 
thread 'managed_container_lifecycle_and_disconnect_cleanup_are_exact' panicked at crates/layerfs-sdk/tests/live_docker.rs:36:33:
managed lifecycle proof failed: docker info
note: run with `RUST_BACKTRACE=1` environment variable to display a backtrace
FAILED
test ordinary_writes_queue_during_mapped_commit ... focused live cut container=layerfs-live-cut-11706
daemon stdout: 
daemon stderr: failed to connect to the docker API at unix:///Users/yifanxu/.docker/run/docker.sock; check if the path is correct and if the daemon is running: dial unix /Users/yifanxu/.docker/run/docker.sock: connect: no such file or directory


thread 'ordinary_writes_queue_during_mapped_commit' panicked at crates/layerfs-sdk/tests/live_docker.rs:585:30:
live cut result=Err(Docker("failed to connect to the docker API at unix:///Users/yifanxu/.docker/run/docker.sock; check if the path is correct and if the daemon is running: dial unix /Users/yifanxu/.docker/run/docker.sock: connect: no such file or directory")); cleanup=Ok(())
FAILED
test running_commands_and_dirty_mappings_continue_across_commit ... focused live cut container=layerfs-live-cut-11706
daemon stdout: 
daemon stderr: failed to connect to the docker API at unix:///Users/yifanxu/.docker/run/docker.sock; check if the path is correct and if the daemon is running: dial unix /Users/yifanxu/.docker/run/docker.sock: connect: no such file or directory


thread 'running_commands_and_dirty_mappings_continue_across_commit' panicked at crates/layerfs-sdk/tests/live_docker.rs:585:30:
live cut result=Err(Docker("failed to connect to the docker API at unix:///Users/yifanxu/.docker/run/docker.sock; check if the path is correct and if the daemon is running: dial unix /Users/yifanxu/.docker/run/docker.sock: connect: no such file or directory")); cleanup=Ok(())
FAILED

failures:

failures:
    managed_container_lifecycle_and_disconnect_cleanup_are_exact
    ordinary_writes_queue_during_mapped_commit
    running_commands_and_dirty_mappings_continue_across_commit

test result: FAILED. 0 passed; 3 failed; 0 ignored; 0 measured; 0 filtered out; finished in 1.06s

error: test failed, to rerun pass `-p layerfs-sdk --test live_docker`
