   Compiling layerfs-content v0.1.3 (/Users/yifanxu/Ephemeral-AI-Lab/layerfs-issue90-storage-adoption/crates/layerfs-content)
   Compiling layerfs-layerstack-store v0.1.3 (/Users/yifanxu/Ephemeral-AI-Lab/layerfs-issue90-storage-adoption/crates/layerfs-layerstack-store)
error[E0597]: `statement` does not live long enough
    --> crates/layerfs-layerstack-store/src/objects.rs:1865:17
     |
1862 |                   let mut statement = connection.prepare(
     |                       ------------- binding `statement` declared here
...
1865 |                   statement
     |                   -^^^^^^^^
     |                   |
     |  _________________borrowed value does not live long enough
     | |
1866 | |                     .query_map(rusqlite::params![after, self.baseline_pack], |row| {
1867 | |                         row.get::<_, Vec<u8>>(0)
1868 | |                     })?
     | |_______________________- a temporary with access to the borrow is created here ...
1869 |                       .collect::<rusqlite::Result<Vec<_>>>()?
1870 |               };
     |               -- ... and the borrow might be used here, when that temporary is dropped and runs the destructor for type `ControlFlow<std::result::Result<Infallible, rusqlite::Error>, MappedRows<'_, {closure@crates/layerfs-layerstack-store/src/objects.rs:1866:78: 1866:83}>>`
     |               |
     |               `statement` dropped here while still borrowed
     |
     = note: the temporary is part of an expression at the end of a block;
             consider forcing this temporary to be dropped sooner, before the block's local variables are dropped
help: for example, you could save the expression's value in a new local variable `x` and then make `x` be the expression at the end of the block
     |
1865 ~                 let x = statement
1866 |                     .query_map(rusqlite::params![after, self.baseline_pack], |row| {
1867 |                         row.get::<_, Vec<u8>>(0)
1868 |                     })?
1869 ~                     .collect::<rusqlite::Result<Vec<_>>>()?; x
     |

For more information about this error, try `rustc --explain E0597`.
error: could not compile `layerfs-layerstack-store` (lib test) due to 1 previous error
warning: build failed, waiting for other jobs to finish...
