#0 building with "desktop-linux" instance using docker driver

#1 [internal] load build definition from Dockerfile.layerfs
#1 transferring dockerfile: 5.14kB done
#1 DONE 0.0s

#2 resolve image config for docker-image://docker.io/docker/dockerfile:1.7@sha256:a57df69d0ea827fb7266491f2813635de6f17269be881f696fbfdf2d83dda33e
#2 DONE 0.0s

#3 docker-image://docker.io/docker/dockerfile:1.7@sha256:a57df69d0ea827fb7266491f2813635de6f17269be881f696fbfdf2d83dda33e
#3 resolve docker.io/docker/dockerfile:1.7@sha256:a57df69d0ea827fb7266491f2813635de6f17269be881f696fbfdf2d83dda33e done
#3 CACHED

#4 [internal] load metadata for docker.io/library/rust:1.85.1-bookworm@sha256:e51d0265072d2d9d5d320f6a44dde6b9ef13653b035098febd68cce8fa7c0bc4
#4 DONE 0.0s

#5 [internal] load .dockerignore
#5 transferring context: 129B done
#5 DONE 0.0s

#6 [stage-2 1/7] FROM docker.io/library/rust:1.85.1-bookworm@sha256:e51d0265072d2d9d5d320f6a44dde6b9ef13653b035098febd68cce8fa7c0bc4
#6 resolve docker.io/library/rust:1.85.1-bookworm@sha256:e51d0265072d2d9d5d320f6a44dde6b9ef13653b035098febd68cce8fa7c0bc4 done
#6 DONE 0.0s

#7 [internal] load build context
#7 transferring context: 25.98kB 0.0s done
#7 DONE 0.0s

#8 [build  6/11] COPY benchmark/fs-bench-pro/Cargo.toml ./benchmark/fs-bench-pro/Cargo.toml
#8 CACHED

#9 [build  8/11] COPY benchmark/fs-bench-pro/workload ./benchmark/fs-bench-pro/workload
#9 CACHED

#10 [build  5/11] COPY tools ./tools
#10 CACHED

#11 [build 10/11] RUN --mount=type=cache,target=/usr/local/cargo/registry     --mount=type=cache,target=/src/target     case "2" in       ''|*[!0-9]*) exit 1 ;;     esac  && test "2" -ge 1  && test "2" -le 8  && case "arm64" in       arm64) target=aarch64-unknown-linux-gnu ;;       amd64) target=x86_64-unknown-linux-gnu ;;       *) exit 1 ;;     esac  && rustup target add "$target"  && cargo clean --release --target "$target"       -p layerfs-content -p layerfs-materialization -p layerfs-layerstack-store       -p layerfs-workspace -p layerfs-monitor -p layerfs-sdk       -p layerfs-daemon -p layerfs-fuse -p fs-benchmark-pro  && rustc --edition=2021 -C opt-level=3 -C strip=symbols       --remap-path-prefix=/src/benchmark/fs-bench-pro=.       benchmark/fs-bench-pro/workload/main.rs -o /fs-benchmark-workload  && cargo build --locked --release --target "$target" --jobs "2"       -p layerfs-daemon  && cargo build --locked --release --target "$target" --jobs "2"       -p layerfs-fuse --no-default-features --features proxy  && cp "target/$target/release/layerfs-daemon" /layerfs-daemon  && cp "target/$target/release/layerfs-fuse" /layerfs-fuse
#11 CACHED

#12 [build  3/11] COPY Cargo.toml Cargo.lock ./
#12 CACHED

#13 [build  2/11] WORKDIR /src
#13 CACHED

#14 [build  4/11] COPY crates ./crates
#14 CACHED

#15 [build  7/11] COPY benchmark/fs-bench-pro/src ./benchmark/fs-bench-pro/src
#15 CACHED

#16 [build  9/11] COPY benchmark/fs-bench-pro/families ./benchmark/fs-bench-pro/families
#16 CACHED

#17 [build 11/11] RUN test "${#LAYERFS_SOURCE_COMMIT}" -eq 40  && test "${#LAYERFS_SOURCE_TREE}" -eq 40  && test "${#LAYERFS_SOURCE_SEAL}" -eq 64  && test "${#LAYERFS_PRODUCT_SEAL}" -eq 64  && test "${#WORKLOAD_SOURCE_SHA256}" -eq 64  && echo "$WORKLOAD_SOURCE_SHA256  /src/benchmark/fs-bench-pro/workload/main.rs" | sha256sum -c -  && case "$LAYERFS_SOURCE_DIRTY" in true|false) ;; *) exit 1 ;; esac  && case "$LAYERFS_SOURCE_COMMIT$LAYERFS_SOURCE_TREE$LAYERFS_SOURCE_SEAL" in *[!0-9a-f]*) exit 1 ;; esac
#17 CACHED

#18 [stage-2 2/7] RUN mkdir -p /run/layerfs /workspace /var/tmp/layerfs-owned /var/lib/fs-bench  && chmod 0700 /run/layerfs
#18 CACHED

#19 [stage-2 3/7] COPY --from=build /fs-benchmark-workload /usr/local/bin/fs-benchmark-workload
#19 CACHED

#20 [stage-2 4/7] COPY --from=build /layerfs-daemon /usr/local/bin/layerfs-daemon
#20 DONE 0.0s

#21 [stage-2 5/7] COPY --from=build /layerfs-fuse /usr/local/bin/layerfs-fuse
#21 DONE 0.0s

#22 [stage-2 6/7] COPY benchmark/fs-bench-pro/shared/daemon-entrypoint.sh /usr/local/bin/layerfs-daemon-entrypoint
#22 DONE 0.0s

#23 [stage-2 7/7] RUN chmod 0555 /usr/local/bin/fs-benchmark-workload                   /usr/local/bin/layerfs-daemon                   /usr/local/bin/layerfs-fuse /usr/local/bin/layerfs-daemon-entrypoint  && if [ "1" = 1 ]; then /usr/local/bin/fs-benchmark-workload self-check; else test "1" = 0; fi  && test -x /usr/local/bin/layerfs-daemon
#23 0.140 attempted_operations=1
#23 0.140 completed_operations=1
#23 0.140 final_file_bytes=8202
#23 0.140 initial_inode=368320
#23 0.140 final_inode=368324
#23 0.268 {"schema":"fs-benchmark-pro-workload-self-check-v3","status":"pass"}
#23 DONE 0.3s

#24 exporting to image
#24 exporting layers
#24 exporting layers 0.3s done
#24 exporting manifest sha256:1c0ec6e9459e52e85f47587b189179c046efabd4db27e2e2c06964c87143c213
#24 exporting manifest sha256:1c0ec6e9459e52e85f47587b189179c046efabd4db27e2e2c06964c87143c213 done
#24 exporting config sha256:bcec3933e75ca10a216279769570324fa7cd9748064d7e937f85971890192b1d done
#24 exporting attestation manifest sha256:fa7bf8d06669dd9d45f73b4503f1ab447aac11144451f779a662b36d1a77d535 done
#24 exporting manifest list sha256:bcdef310f25f5a430f4e6e8c8c312213d5561cd18d0d23955dcfbec5b8029299 done
#24 naming to docker.io/library/layerfs-issue90:55c0f273b8ffb561 done
#24 unpacking to docker.io/library/layerfs-issue90:55c0f273b8ffb561 0.1s done
#24 DONE 0.5s

View build details: docker-desktop://dashboard/build/desktop-linux/desktop-linux/ob2v57w84a1ua1oc6w518nc5w
PASS layerfs-issue90:55c0f273b8ffb561
