   Compiling layerfs-layerstack-store v0.1.3 (/Users/yifanxu/Ephemeral-AI-Lab/layerfs-issue90-storage-adoption/crates/layerfs-layerstack-store)
    Finished `test` profile [unoptimized + debuginfo] target(s) in 3.38s
  Executable unittests src/lib.rs (target/debug/deps/layerfs_layerstack_store-b5aa77f28d74615d)
SELECTED 57

running 1 test
test layerstack::tests::empty_composite_admission_uses_no_object_point_selects ... ok

test result: ok. 1 passed; 0 failed; 0 ignored; 0 measured; 88 filtered out; finished in 0.02s


running 1 test
test objects::diagnostic::tests::late_race_retains_whole_partial_pack_and_invalidates_unique_cohort ... ok

test result: ok. 1 passed; 0 failed; 0 ignored; 0 measured; 88 filtered out; finished in 0.01s


running 1 test
test objects::diagnostic::tests::resumed_file_context_and_first_owner_survive_spill_without_metadata_promotion ... D owner sizes: DeferredObjectStore=480, ObjectBuffer=496, AuthenticatedCanonicalObject=216, PhysicalHints=160
ok

test result: ok. 1 passed; 0 failed; 0 ignored; 0 measured; 88 filtered out; finished in 0.00s


running 1 test
test objects::diagnostic::tests::spill_handoff_admission_and_pack_provenance_conserve_the_file_cohort ... ok

test result: ok. 1 passed; 0 failed; 0 ignored; 0 measured; 88 filtered out; finished in 0.01s


running 1 test
test objects::diagnostic::tests::tags_and_role_partition_do_not_treat_metadata_as_file_payload ... ok

test result: ok. 1 passed; 0 failed; 0 ignored; 0 measured; 88 filtered out; finished in 0.00s


running 1 test
test objects::ingestion_tests::file_provenance_is_scoped_and_restored_before_metadata_and_after_failure ... ok

test result: ok. 1 passed; 0 failed; 0 ignored; 0 measured; 88 filtered out; finished in 0.00s


running 1 test
test objects::pack::native_framing_tests::native_grammar_ranges_and_legacy_dispatch ... ok

test result: ok. 1 passed; 0 failed; 0 ignored; 0 measured; 88 filtered out; finished in 0.00s


running 1 test
test objects::pack::zstandard::native_tests::native_static_fit_equivalence_and_strict_frames ... ok

test result: ok. 1 passed; 0 failed; 0 ignored; 0 measured; 88 filtered out; finished in 0.72s


running 1 test
test objects::pack::zstandard::native_tests::native_static_workspace_exhaustion_is_resource_only ... ok

test result: ok. 1 passed; 0 failed; 0 ignored; 0 measured; 88 filtered out; finished in 0.00s


running 1 test
test objects::read::native_tests::native_reader_depth_budget_and_legacy_hint_separation ... ok

test result: ok. 1 passed; 0 failed; 0 ignored; 0 measured; 88 filtered out; finished in 0.05s


running 1 test
test objects::read::native_tests::native_reader_empty_chunk_same_pack_and_cross_role ... ok

test result: ok. 1 passed; 0 failed; 0 ignored; 0 measured; 88 filtered out; finished in 0.01s


running 1 test
test objects::read::native_tests::native_reader_legacy_full_root_and_delta_rejection ... ok

test result: ok. 1 passed; 0 failed; 0 ignored; 0 measured; 88 filtered out; finished in 0.02s


running 1 test
test objects::read::native_tests::native_reader_maximum_owned_capacity_bound ... ok

test result: ok. 1 passed; 0 failed; 0 ignored; 0 measured; 88 filtered out; finished in 0.00s


running 1 test
test objects::read::native_tests::native_reader_missing_same_pack_and_wrong_identity_reject ... ok

test result: ok. 1 passed; 0 failed; 0 ignored; 0 measured; 88 filtered out; finished in 0.01s


running 1 test
test objects::read::native_tests::native_reader_point_scope_and_exact_ranges ... ok

test result: ok. 1 passed; 0 failed; 0 ignored; 0 measured; 88 filtered out; finished in 0.01s


running 1 test
test objects::tests::append_only_blocks_are_written_once_read_forward_and_unlinked ... ok

test result: ok. 1 passed; 0 failed; 0 ignored; 0 measured; 88 filtered out; finished in 0.00s


running 1 test
test objects::tests::append_only_reversed_worker_completion_sorts_to_task_order ... ok

test result: ok. 1 passed; 0 failed; 0 ignored; 0 measured; 88 filtered out; finished in 0.00s


running 1 test
test objects::tests::append_only_writer_rejects_and_counts_outer_gets ... ok

test result: ok. 1 passed; 0 failed; 0 ignored; 0 measured; 88 filtered out; finished in 0.00s


running 1 test
test objects::tests::buffered_append_reader_scales_raw_reads_with_bytes_not_tiny_frames ... ok

test result: ok. 1 passed; 0 failed; 0 ignored; 0 measured; 88 filtered out; finished in 0.01s


running 1 test
test objects::tests::checked_owned_output_requires_complete_framing_and_identity ... ok

test result: ok. 1 passed; 0 failed; 0 ignored; 0 measured; 88 filtered out; finished in 0.00s


running 1 test
test objects::tests::compact_inode_pair_sidecar_is_bounded_forward_only_and_unlinked ... ok

test result: ok. 1 passed; 0 failed; 0 ignored; 0 measured; 88 filtered out; finished in 0.00s


running 1 test
test objects::tests::complete_file_output_matches_reachability_selection_across_spill_and_tree_boundaries ... ok

test result: ok. 1 passed; 0 failed; 0 ignored; 0 measured; 88 filtered out; finished in 0.88s


running 1 test
test objects::tests::consumer_batches_flushed_duplicate_checks_without_recounting ... ok

test result: ok. 1 passed; 0 failed; 0 ignored; 0 measured; 88 filtered out; finished in 0.02s


running 1 test
test objects::tests::direct_admission_honors_every_frozen_count_boundary ... ok

test result: ok. 1 passed; 0 failed; 0 ignored; 0 measured; 88 filtered out; finished in 0.41s


running 1 test
test objects::tests::direct_admission_is_independent_of_segment_order ... ok

test result: ok. 1 passed; 0 failed; 0 ignored; 0 measured; 88 filtered out; finished in 0.01s


running 1 test
test objects::tests::durable_batches_hash_unique_rows_once_and_move_on_last_use ... 
thread 'objects::tests::durable_batches_hash_unique_rows_once_and_move_on_last_use' panicked at crates/layerfs-layerstack-store/src/objects.rs:5272:22:
called `Result::unwrap()` on an `Err` value: InvalidParameterCount(2, 5)
note: run with `RUST_BACKTRACE=1` environment variable to display a backtrace
FAILED

failures:

failures:
    objects::tests::durable_batches_hash_unique_rows_once_and_move_on_last_use

test result: FAILED. 0 passed; 1 failed; 0 ignored; 0 measured; 88 filtered out; finished in 0.01s


running 1 test
test objects::tests::empty_append_only_segment_finishes_without_a_read_pass ... ok

test result: ok. 1 passed; 0 failed; 0 ignored; 0 measured; 88 filtered out; finished in 0.00s


running 1 test
test objects::tests::finalized_output_tasks_restore_coverage_and_join_all_failures ... 
thread '<unnamed>' panicked at crates/layerfs-layerstack-store/src/objects.rs:4088:25:
test producer panic
note: run with `RUST_BACKTRACE=1` environment variable to display a backtrace

thread 'objects::tests::finalized_output_tasks_restore_coverage_and_join_all_failures' panicked at crates/layerfs-layerstack-store/src/objects.rs:4118:25:
test consumer panic

thread '<unnamed>' panicked at crates/layerfs-layerstack-store/src/objects.rs:4111:25:
test finish panic

thread '<unnamed>' panicked at crates/layerfs-layerstack-store/src/objects.rs:4111:25:
test finish panic
ok

test result: ok. 1 passed; 0 failed; 0 ignored; 0 measured; 88 filtered out; finished in 0.00s


running 1 test
test objects::tests::finished_candidate_payload_spill_is_private_read_only_and_authenticated ... ok

test result: ok. 1 passed; 0 failed; 0 ignored; 0 measured; 88 filtered out; finished in 0.33s


running 1 test
test objects::tests::memory_segment_moves_owned_canonical_bytes ... ok

test result: ok. 1 passed; 0 failed; 0 ignored; 0 measured; 88 filtered out; finished in 0.00s


running 1 test
test objects::tests::owned_delivery_authenticates_fresh_spill_before_handoff ... ok

test result: ok. 1 passed; 0 failed; 0 ignored; 0 measured; 88 filtered out; finished in 0.00s


running 1 test
test objects::tests::parent_payload_copy_counter_has_a_positive_control ... ok

test result: ok. 1 passed; 0 failed; 0 ignored; 0 measured; 88 filtered out; finished in 0.00s


running 1 test
test objects::tests::partitioned_completed_files_share_direct_facts_and_keep_failures_private ... ok

test result: ok. 1 passed; 0 failed; 0 ignored; 0 measured; 88 filtered out; finished in 0.42s


running 1 test
test objects::tests::prevalidated_transfer_seals_a_nonempty_spill_tail ... ok

test result: ok. 1 passed; 0 failed; 0 ignored; 0 measured; 88 filtered out; finished in 0.55s


running 1 test
test objects::tests::resumable_transfer_keeps_a_spill_writable ... ok

test result: ok. 1 passed; 0 failed; 0 ignored; 0 measured; 88 filtered out; finished in 0.33s


running 1 test
test objects::tests::s1_inode_origin_survives_delivery_and_delta_origin_stays_full ... ok

test result: ok. 1 passed; 0 failed; 0 ignored; 0 measured; 88 filtered out; finished in 0.02s


running 1 test
test objects::tests::seen_index_spill_preserves_exact_membership_and_private_cleanup ... ok

test result: ok. 1 passed; 0 failed; 0 ignored; 0 measured; 88 filtered out; finished in 0.00s


running 1 test
test objects::tests::segment_admission_deduplicates_across_pending_segments ... ok

test result: ok. 1 passed; 0 failed; 0 ignored; 0 measured; 88 filtered out; finished in 0.00s


running 1 test
test objects::tests::segment_admission_deduplicates_after_a_batch_boundary ... ok

test result: ok. 1 passed; 0 failed; 0 ignored; 0 measured; 88 filtered out; finished in 0.24s


running 1 test
test objects::tests::shared_admission_keeps_every_object_transaction_below_the_frozen_bounds ... ok

test result: ok. 1 passed; 0 failed; 0 ignored; 0 measured; 88 filtered out; finished in 1.70s


running 1 test
test objects::tests::small_completed_files_match_streaming_and_validate_eof_before_output ... ok

test result: ok. 1 passed; 0 failed; 0 ignored; 0 measured; 88 filtered out; finished in 0.00s


running 1 test
test objects::tests::spill_index_overflow_preserves_lookup_dedup_and_cleanup_without_scans ... ok

test result: ok. 1 passed; 0 failed; 0 ignored; 0 measured; 88 filtered out; finished in 0.00s


running 1 test
test objects::tests::spilled_candidate_visits_selected_objects_in_graph_order ... ok

test result: ok. 1 passed; 0 failed; 0 ignored; 0 measured; 88 filtered out; finished in 0.00s


running 1 test
test objects::tests::spilled_segment_streams_bounded_pages_once_and_unlinks ... ok

test result: ok. 1 passed; 0 failed; 0 ignored; 0 measured; 88 filtered out; finished in 0.00s


running 1 test
test objects::tests::workspace_delivery_selects_before_admission_and_deduplicates_across_phases ... ok

test result: ok. 1 passed; 0 failed; 0 ignored; 0 measured; 88 filtered out; finished in 0.01s


running 1 test
test schema::compatibility::legacy_format_reads_authenticates_and_writes_without_promotion ... ok

test result: ok. 1 passed; 0 failed; 0 ignored; 0 measured; 88 filtered out; finished in 0.02s


running 1 test
test schema::compatibility::legacy_open_contract_rejects_native_store_before_writer_configuration ... ok

test result: ok. 1 passed; 0 failed; 0 ignored; 0 measured; 88 filtered out; finished in 0.01s


running 1 test
test schema::compatibility::native_format_reopens_writes_and_retains_mixed_dependency_reads ... ok

test result: ok. 1 passed; 0 failed; 0 ignored; 0 measured; 88 filtered out; finished in 0.02s


running 1 test
test schema::compatibility::unsupported_versions_and_native_header_downgrade_reject_without_mutation ... ok

test result: ok. 1 passed; 0 failed; 0 ignored; 0 measured; 88 filtered out; finished in 0.02s


running 1 test
test schema::tests::every_owned_connection_uses_the_frozen_runtime_pragmas ... ok

test result: ok. 1 passed; 0 failed; 0 ignored; 0 measured; 88 filtered out; finished in 5.13s


running 1 test
test schema::tests::sql_history_is_opt_in_and_reset_preserves_explicit_contract ... ok

test result: ok. 1 passed; 0 failed; 0 ignored; 0 measured; 88 filtered out; finished in 0.01s


running 1 test
test schema::tests::wal_store_is_rejected_without_mutation ... ok

test result: ok. 1 passed; 0 failed; 0 ignored; 0 measured; 88 filtered out; finished in 0.01s


running 1 test
test schema::verification_store_fault_boundary_is_one_shot ... ok

test result: ok. 1 passed; 0 failed; 0 ignored; 0 measured; 88 filtered out; finished in 0.00s


running 1 test
test statements::tests::exact_manifest_prepares_against_exact_v6_schema ... ok

test result: ok. 1 passed; 0 failed; 0 ignored; 0 measured; 88 filtered out; finished in 0.00s


running 1 test
test statements::tests::point_name_and_keyset_queries_use_indexed_search_plans ... ok

test result: ok. 1 passed; 0 failed; 0 ignored; 0 measured; 88 filtered out; finished in 0.00s


running 1 test
test telemetry::tests::edit_diagnostics_are_separate_from_the_legacy_commit_receipt ... ok

test result: ok. 1 passed; 0 failed; 0 ignored; 0 measured; 88 filtered out; finished in 0.00s


running 1 test
test workspace::tests::snapshot_cache_reads_only_requested_authenticated_objects_and_reuses_them ... ok

test result: ok. 1 passed; 0 failed; 0 ignored; 0 measured; 88 filtered out; finished in 0.21s

