    Checking layerfs-layerstack-store v0.1.3 (/Users/yifanxu/Ephemeral-AI-Lab/layerfs-issue91/crates/layerfs-layerstack-store)
    Checking layerfs-workspace v0.1.3 (/Users/yifanxu/Ephemeral-AI-Lab/layerfs-issue91/crates/layerfs-workspace)
    Checking layerfs-monitor v0.1.3 (/Users/yifanxu/Ephemeral-AI-Lab/layerfs-issue91/crates/layerfs-monitor)
    Checking layerfs-sdk v0.1.3 (/Users/yifanxu/Ephemeral-AI-Lab/layerfs-issue91/crates/layerfs-sdk)
    Checking fs-benchmark-pro v0.1.3 (/Users/yifanxu/Ephemeral-AI-Lab/layerfs-issue91/benchmark/fs-bench-pro)
error: redundant closure
    --> benchmark/fs-bench-pro/src/workspace_verify.rs:1794:21
     |
1794 |             .filter(|case| workload_source::ordinary_workloads::mixed_v4(case))
     |                     ^^^^^^^^^^^^^^^^^^^^^^^^^^^^^^^^^^^^^^^^^^^^^^^^^^^^^^^^^^ help: replace the closure with the function itself: `workload_source::ordinary_workloads::mixed_v4`
     |
     = help: for further information visit https://rust-lang.github.io/rust-clippy/rust-1.96.0/index.html#redundant_closure
     = note: `-D clippy::redundant-closure` implied by `-D warnings`
     = help: to override `-D warnings` add `#[allow(clippy::redundant_closure)]`

error: redundant closure
    --> benchmark/fs-bench-pro/src/workspace_verify.rs:1808:21
     |
1808 |             .filter(|case| workload_source::dedup_workloads::history_unrelated_mixed_v2(case))
     |                     ^^^^^^^^^^^^^^^^^^^^^^^^^^^^^^^^^^^^^^^^^^^^^^^^^^^^^^^^^^^^^^^^^^^^^^^^^ help: replace the closure with the function itself: `workload_source::dedup_workloads::history_unrelated_mixed_v2`
     |
     = help: for further information visit https://rust-lang.github.io/rust-clippy/rust-1.96.0/index.html#redundant_closure

error: items after a test module
    --> benchmark/fs-bench-pro/src/../workload/ordinary_workloads.rs:2293:1
     |
2293 | mod tests {
     | ^^^^^^^^^
...
2410 | pub(crate) fn fast_delta(case: &Case, seed: u8, step: usize) -> Result<common::FastDelta> {
     | ^^^^^^^^^^^^^^^^^^^^^^^^^^^^^^^^^^^^^^^^^^^^^^^^^^^^^^^^^^^^^^^^^^^^^^^^^^^^^^^^^^^^^^^^^
...
2414 | pub(crate) fn fast_changed_paths(case: &Case, seed: u8, step: usize) -> Result<BTreeSet<String>> {
     | ^^^^^^^^^^^^^^^^^^^^^^^^^^^^^^^^^^^^^^^^^^^^^^^^^^^^^^^^^^^^^^^^^^^^^^^^^^^^^^^^^^^^^^^^^^^^^^^^
...
2418 | pub(crate) fn fast_delta_for_entries(case: &Case, seed: u8, step: usize, entries: &[Entry]) -> Result<common::FastDelta> {
     | ^^^^^^^^^^^^^^^^^^^^^^^^^^^^^^^^^^^^^^^^^^^^^^^^^^^^^^^^^^^^^^^^^^^^^^^^^^^^^^^^^^^^^^^^^^^^^^^^^^^^^^^^^^^^^^^^^^^^^^^^
     |
     = help: for further information visit https://rust-lang.github.io/rust-clippy/rust-1.96.0/index.html#items_after_test_module
     = note: `-D clippy::items-after-test-module` implied by `-D warnings`
     = help: to override `-D warnings` add `#[allow(clippy::items_after_test_module)]`
     = help: move the items to before the test module was defined

error: could not compile `fs-benchmark-pro` (bin "fs-benchmark-pro" test) due to 3 previous errors
warning: build failed, waiting for other jobs to finish...
