   Compiling layerfs-layerstack-store v0.1.3 (/Users/yifanxu/Ephemeral-AI-Lab/layerfs-issue90-storage-adoption/crates/layerfs-layerstack-store)
warning: unused imports: `BuiltRoot`, `DeferredObjectStore`, and `ObjectBuffer`
 --> /Users/yifanxu/Ephemeral-AI-Lab/layerfs-issue88-combined-control/crates/layerfs-layerstack-store/src/layerstack.rs:3:17
  |
3 |     empty_root, BuiltRoot, CheckedOutputAdmission, DeferredObjectStore,
  |                 ^^^^^^^^^                          ^^^^^^^^^^^^^^^^^^^
4 |     InitializationDirectAdmissionWriter, InitializationSqlPhase, InitializationTaskObjectBuffer,
5 |     ObjectBuffer, OutputWriterMetrics, PreparedAdmission,
  |     ^^^^^^^^^^^^
  |
  = note: `#[warn(unused_imports)]` on by default

warning: fields `hard_links` and `source` are never read
   --> /Users/yifanxu/Ephemeral-AI-Lab/layerfs-issue88-combined-control/crates/layerfs-layerstack-store/src/layerstack.rs:433:5
    |
431 | struct ImportedTree {
    |        ------------ fields in this struct
432 |     mutations: Vec<layerfs_content::filesystem::InodeMutation>,
433 |     hard_links: Vec<(u64, u64)>,
    |     ^^^^^^^^^^
...
436 |     source: SourceImportMetrics,
    |     ^^^^^^
    |
    = note: `#[warn(dead_code)]` on by default

warning: associated items `new_all_reachable`, `visit_prevalidated_order`, and `visit_membership_batches` are never used
    --> /Users/yifanxu/Ephemeral-AI-Lab/layerfs-issue88-combined-control/crates/layerfs-layerstack-store/src/objects.rs:1898:19
     |
1893 | impl DeferredObjectStore {
     | ------------------------ associated items in this implementation
...
1898 |     pub(crate) fn new_all_reachable() -> Result<Self> {
     |                   ^^^^^^^^^^^^^^^^^
...
2000 |     fn visit_prevalidated_order(
     |        ^^^^^^^^^^^^^^^^^^^^^^^^
...
2244 |     fn visit_membership_batches(
     |        ^^^^^^^^^^^^^^^^^^^^^^^^

warning: associated function `empty_all_reachable` is never used
    --> /Users/yifanxu/Ephemeral-AI-Lab/layerfs-issue88-combined-control/crates/layerfs-layerstack-store/src/objects.rs:2572:19
     |
2501 | impl<'a> ObjectBuffer<'a> {
     | ------------------------- associated function in this implementation
...
2572 |     pub(crate) fn empty_all_reachable() -> Result<Self> {
     |                   ^^^^^^^^^^^^^^^^^^^

warning: method `object_membership` is never used
    --> /Users/yifanxu/Ephemeral-AI-Lab/layerfs-issue88-combined-control/crates/layerfs-layerstack-store/src/objects.rs:2948:12
     |
2887 | impl crate::schema::StoreDb {
     | --------------------------- method in this implementation
...
2948 |     pub fn object_membership(&self, ids: &[ObjectId]) -> Result<BTreeMap<ObjectId, u64>> {
     |            ^^^^^^^^^^^^^^^^^

warning: function `note_workspace_admission_validation` is never used
   --> /Users/yifanxu/Ephemeral-AI-Lab/layerfs-issue88-combined-control/crates/layerfs-layerstack-store/src/telemetry.rs:733:15
    |
733 | pub(crate) fn note_workspace_admission_validation(authentication_ns: u64, sort_ns: u64) {
    |               ^^^^^^^^^^^^^^^^^^^^^^^^^^^^^^^^^^^

warning: `layerfs-layerstack-store` (lib) generated 6 warnings (run `cargo fix --lib -p layerfs-layerstack-store` to apply 1 suggestion)
   Compiling issue90-compatibility-probe v0.0.0 (/Users/yifanxu/Ephemeral-AI-Lab/layerfs-issue90-runs/compatibility-probe)
    Finished `dev` profile [unoptimized + debuginfo] target(s) in 2.38s
     Running `target/debug/issue90-compatibility-probe /Users/yifanxu/Ephemeral-AI-Lab/layerfs-issue90-runs/old-binary-stores-final-01`
PASS actual older schema6 code rejects native7 open before mutation; candidate reopens intact
PASS actual older/newer alternating legacy6 reads and writes; no migration
PASS Stores closed; no journal/WAL/SHM residue
