sdk-text-32k verification step=0 PASS
sdk-text-32k verification step=1 PASS
sdk-text-32k verification step=2 PASS
sdk-text-32k verification step=3 PASS
sdk-text-32k verification step=4 PASS
sdk-text-32k verification step=5 PASS
sdk-binary-8m verification step=0 PASS
sdk-binary-8m verification step=1 PASS
sdk-binary-8m verification step=2 PASS
sdk-binary-8m verification step=3 PASS
sdk-binary-8m verification step=4 PASS
sdk-binary-8m verification step=5 PASS
fuse-text-32k verification step=0 PASS
fuse-text-32k verification step=1 PASS
fuse-text-32k verification step=2 PASS
fuse-text-32k verification step=3 PASS
fuse-text-32k verification step=4 PASS
fuse-text-32k verification step=5 PASS
fuse-binary-8m verification step=0 PASS
fuse-binary-8m verification step=1 PASS
fuse-binary-8m verification step=2 PASS
fuse-binary-8m verification step=3 PASS
fuse-binary-8m verification step=4 PASS
fuse-binary-8m verification step=5 PASS
{"output": "/Users/yifanxu/Ephemeral-AI-Lab/layerfs-issue95-runs/terminal-frequent-edits", "mode": "verification", "status": "PASS"}
