   Compiling foldhash v0.2.0
   Compiling constant_time_eq v0.4.2
   Compiling hashbrown v0.17.1
   Compiling arrayref v0.3.9
   Compiling cfg-if v1.0.4
   Compiling arrayvec v0.7.8
   Compiling blake3 v1.8.5
   Compiling hashlink v0.12.1
   Compiling libsqlite3-sys v0.38.2
   Compiling bitflags v2.13.1
   Compiling smallvec v1.15.2
   Compiling fallible-streaming-iterator v0.1.9
   Compiling fallible-iterator v0.3.0
   Compiling zstd-sys v2.0.16+zstd.1.5.7
   Compiling layerfs-content v0.1.3 (/Users/yifanxu/Ephemeral-AI-Lab/layerfs-issue91/crates/layerfs-content)
   Compiling rusqlite v0.40.2
   Compiling layerfs-layerstack-store v0.1.3 (/Users/yifanxu/Ephemeral-AI-Lab/layerfs-issue91/crates/layerfs-layerstack-store)
    Finished `test` profile [unoptimized + debuginfo] target(s) in 14.48s
     Running unittests src/lib.rs (target/debug/deps/layerfs_layerstack_store-b628d1f204bf2d55)

running 1 test

thread 'objects::tests::partitioned_completed_files_share_direct_facts_and_keep_failures_private' (1645525) panicked at crates/layerfs-layerstack-store/src/objects.rs:3845:10:
called `Result::unwrap()` on an `Err` value: Core(Io)
note: run with `RUST_BACKTRACE=1` environment variable to display a backtrace
test objects::tests::partitioned_completed_files_share_direct_facts_and_keep_failures_private ... FAILED

failures:

failures:
    objects::tests::partitioned_completed_files_share_direct_facts_and_keep_failures_private

test result: FAILED. 0 passed; 1 failed; 0 ignored; 0 measured; 92 filtered out; finished in 0.23s

error: test failed, to rerun pass `-p layerfs-layerstack-store --lib`
