{"phase": "inventory", "performance_cases": 198, "proof_cases": 29, "mismatches": []}
PERF payload_create_read payload-create-1m-compact-v2 PASS reuse timer=pure_call_sum_ns elapsed_ns=28837459
PERF payload_create_read payload-create-10m-compact-v2 PASS reuse timer=pure_call_sum_ns elapsed_ns=91556041
PERF payload_create_read payload-create-100m PASS reuse timer=pure_call_sum_ns elapsed_ns=682771167
PERF payload_create_read payload-create-500m PASS reuse timer=pure_call_sum_ns elapsed_ns=3068249542
PERF payload_create_read payload-random-read-1-compact-v2 PASS reuse timer=pure_call_sum_ns elapsed_ns=14584500
PERF payload_create_read payload-random-read-10-compact-v2 PASS reuse timer=pure_call_sum_ns elapsed_ns=17420292
PERF payload_create_read payload-random-read-100 PASS reuse timer=pure_call_sum_ns elapsed_ns=56396250
PERF payload_create_read payload-random-read-500 PASS reuse timer=pure_call_sum_ns elapsed_ns=219687084
PERF dedup_workspace_reuse dedup-workspace-exact-1-compact-v2 PASS reuse timer=pure_call_sum_ns elapsed_ns=31563458
PERF dedup_workspace_reuse dedup-workspace-exact-10-compact-v2 PASS reuse timer=pure_call_sum_ns elapsed_ns=109324875
PERF dedup_workspace_reuse dedup-workspace-exact-100 PASS reuse timer=pure_call_sum_ns elapsed_ns=840527750
PERF dedup_workspace_reuse dedup-workspace-exact-500 PASS reuse timer=pure_call_sum_ns elapsed_ns=4296598375
PERF dedup_workspace_reuse dedup-workspace-local-1-compact-v2 PASS reuse timer=pure_call_sum_ns elapsed_ns=30610293
PERF dedup_workspace_reuse dedup-workspace-local-10-compact-v2 PASS reuse timer=pure_call_sum_ns elapsed_ns=103153458
PERF dedup_workspace_reuse dedup-workspace-local-100 PASS reuse timer=pure_call_sum_ns elapsed_ns=808387126
PERF dedup_workspace_reuse dedup-workspace-local-500 PASS reuse timer=pure_call_sum_ns elapsed_ns=4307360416
PERF dedup_workspace_reuse dedup-workspace-unique-1-compact-v2 PASS reuse timer=pure_call_sum_ns elapsed_ns=27475043
PERF dedup_workspace_reuse dedup-workspace-unique-10-compact-v2 PASS reuse timer=pure_call_sum_ns elapsed_ns=95669332
PERF dedup_workspace_reuse dedup-workspace-unique-100 PASS reuse timer=pure_call_sum_ns elapsed_ns=768004167
PERF dedup_workspace_reuse dedup-workspace-unique-500 PASS reuse timer=pure_call_sum_ns elapsed_ns=4319934208
PERF dedup_workspace_reuse dedup-workspace-unique-1-base128-v3 PASS reuse timer=pure_call_sum_ns elapsed_ns=33382084
PERF dedup_workspace_reuse dedup-workspace-unique-10-base128-v3 PASS reuse timer=pure_call_sum_ns elapsed_ns=103006542
PERF dedup_cross_file dedup-cross-file-anchor-1 PASS reuse timer=pure_call_sum_ns elapsed_ns=3808291
PERF dedup_cross_file dedup-cross-file-unique-10 PASS reuse timer=pure_call_sum_ns elapsed_ns=22389542
PERF dedup_cross_file dedup-cross-file-unique-100 PASS reuse timer=pure_call_sum_ns elapsed_ns=93266750
PERF dedup_cross_file dedup-cross-file-unique-500 PASS reuse timer=pure_call_sum_ns elapsed_ns=444949333
PERF dedup_cross_file dedup-cross-file-identical-10 PASS reuse timer=pure_call_sum_ns elapsed_ns=18395375
PERF dedup_cross_file dedup-cross-file-identical-100 PASS reuse timer=pure_call_sum_ns elapsed_ns=28959584
PERF dedup_cross_file dedup-cross-file-identical-500 PASS reuse timer=pure_call_sum_ns elapsed_ns=110630125
PERF dedup_cross_file dedup-cross-file-mixed-10 PASS reuse timer=pure_call_sum_ns elapsed_ns=24046375
PERF dedup_cross_file dedup-cross-file-mixed-100 PASS reuse timer=pure_call_sum_ns elapsed_ns=113943625
PERF dedup_cross_file dedup-cross-file-mixed-500 PASS reuse timer=pure_call_sum_ns elapsed_ns=541992375
PERF dedup_cdc_locality dedup-cdc-overwrite-1 PASS reuse timer=pure_call_sum_ns elapsed_ns=4002292
PERF dedup_cdc_locality dedup-cdc-overwrite-10 PASS reuse timer=pure_call_sum_ns elapsed_ns=20448459
PERF dedup_cdc_locality dedup-cdc-overwrite-100 PASS reuse timer=pure_call_sum_ns elapsed_ns=30952625
PERF dedup_cdc_locality dedup-cdc-overwrite-500 PASS reuse timer=pure_call_sum_ns elapsed_ns=122035083
PERF dedup_cdc_locality dedup-cdc-insert-1 PASS reuse timer=pure_call_sum_ns elapsed_ns=3897167
PERF dedup_cdc_locality dedup-cdc-insert-10 PASS reuse timer=pure_call_sum_ns elapsed_ns=18057833
PERF dedup_cdc_locality dedup-cdc-insert-100 PASS reuse timer=pure_call_sum_ns elapsed_ns=34183250
PERF dedup_cdc_locality dedup-cdc-insert-500 PASS reuse timer=pure_call_sum_ns elapsed_ns=136775833
PERF dedup_cdc_locality dedup-cdc-delete-1 PASS reuse timer=pure_call_sum_ns elapsed_ns=4411750
PERF dedup_cdc_locality dedup-cdc-delete-10 PASS reuse timer=pure_call_sum_ns elapsed_ns=18224917
PERF dedup_cdc_locality dedup-cdc-delete-100 PASS reuse timer=pure_call_sum_ns elapsed_ns=33165583
PERF dedup_cdc_locality dedup-cdc-delete-500 PASS reuse timer=pure_call_sum_ns elapsed_ns=130863875
PERF dedup_cdc_locality dedup-cdc-common-body-1 PASS reuse timer=pure_call_sum_ns elapsed_ns=4125125
PERF dedup_cdc_locality dedup-cdc-common-body-10 PASS reuse timer=pure_call_sum_ns elapsed_ns=20395333
PERF dedup_cdc_locality dedup-cdc-common-body-100 PASS reuse timer=pure_call_sum_ns elapsed_ns=58208209
PERF dedup_cdc_locality dedup-cdc-common-body-500 PASS reuse timer=pure_call_sum_ns elapsed_ns=244350083
PERF dedup_cdc_locality dedup-cdc-scattered-1 PASS reuse timer=pure_call_sum_ns elapsed_ns=4647500
PERF dedup_cdc_locality dedup-cdc-scattered-10 PASS reuse timer=pure_call_sum_ns elapsed_ns=23469041
PERF dedup_cdc_locality dedup-cdc-scattered-100 PASS reuse timer=pure_call_sum_ns elapsed_ns=89368333
PERF dedup_cdc_locality dedup-cdc-scattered-500 PASS reuse timer=pure_call_sum_ns elapsed_ns=483006833
PERF edit_length_preserving overwrite-head-4k-on-1mib-ops-1 PASS reuse timer=edit_commit_ns elapsed_ns=5777000
PERF edit_length_preserving overwrite-head-4k-on-10mib-ops-1 PASS reuse timer=edit_commit_ns elapsed_ns=6154125
PERF edit_length_preserving overwrite-head-4k-on-100mib-ops-1 PASS reuse timer=edit_commit_ns elapsed_ns=6651583
PERF edit_length_preserving overwrite-head-4k-on-500mib-ops-1 PASS reuse timer=edit_commit_ns elapsed_ns=8411084
PERF edit_length_preserving overwrite-middle-4k-on-1mib-ops-1 PASS reuse timer=edit_commit_ns elapsed_ns=6138666
PERF edit_length_preserving overwrite-middle-4k-on-10mib-ops-1 PASS reuse timer=edit_commit_ns elapsed_ns=5924958
PERF edit_length_preserving overwrite-middle-4k-on-100mib-ops-1 PASS reuse timer=edit_commit_ns elapsed_ns=6188333
PERF edit_length_preserving overwrite-middle-4k-on-500mib-ops-1 PASS reuse timer=edit_commit_ns elapsed_ns=7174000
PERF edit_length_preserving overwrite-tail-4k-on-1mib-ops-1 PASS reuse timer=edit_commit_ns elapsed_ns=6112375
PERF edit_length_preserving overwrite-tail-4k-on-10mib-ops-1 PASS reuse timer=edit_commit_ns elapsed_ns=7265084
PERF edit_length_preserving overwrite-tail-4k-on-100mib-ops-1 PASS reuse timer=edit_commit_ns elapsed_ns=7631041
PERF edit_length_preserving overwrite-tail-4k-on-500mib-ops-1 PASS reuse timer=edit_commit_ns elapsed_ns=9377875
PERF edit_length_changing insert-middle-4k-on-1mib-ops-1 PASS reuse timer=edit_commit_ns elapsed_ns=5589750
PERF edit_length_changing insert-middle-4k-on-10mib-ops-1 PASS reuse timer=edit_commit_ns elapsed_ns=7396250
PERF edit_length_changing insert-middle-4k-on-100mib-ops-1 PASS reuse timer=edit_commit_ns elapsed_ns=12439416
PERF edit_length_changing insert-middle-4k-on-500mib-result-capped-v2-ops-1 PASS reuse timer=edit_commit_ns elapsed_ns=18010583
PERF edit_length_changing delete-middle-4k-on-1mib-ops-1 PASS reuse timer=edit_commit_ns elapsed_ns=5290000
PERF edit_length_changing delete-middle-4k-on-10mib-ops-1 PASS reuse timer=edit_commit_ns elapsed_ns=6569875
PERF edit_length_changing delete-middle-4k-on-100mib-ops-1 PASS reuse timer=edit_commit_ns elapsed_ns=6758000
PERF edit_length_changing delete-middle-4k-on-500mib-ops-1 PASS reuse timer=edit_commit_ns elapsed_ns=7488083
PERF edit_length_changing append-tail-4k-on-1mib-ops-1 PASS reuse timer=edit_commit_ns elapsed_ns=6261125
PERF edit_length_changing append-tail-4k-on-10mib-ops-1 PASS reuse timer=edit_commit_ns elapsed_ns=5905416
PERF edit_length_changing append-tail-4k-on-100mib-ops-1 PASS reuse timer=edit_commit_ns elapsed_ns=6254875
PERF edit_length_changing append-tail-4k-on-500mib-result-capped-v2-ops-1 PASS reuse timer=edit_commit_ns elapsed_ns=6686041
PERF edit_length_changing prepend-head-4k-on-1mib-ops-1 PASS reuse timer=edit_commit_ns elapsed_ns=5905500
PERF edit_length_changing prepend-head-4k-on-10mib-ops-1 PASS reuse timer=edit_commit_ns elapsed_ns=5671583
PERF edit_length_changing prepend-head-4k-on-100mib-ops-1 PASS reuse timer=edit_commit_ns elapsed_ns=6269458
PERF edit_length_changing prepend-head-4k-on-500mib-result-capped-v2-ops-1 PASS reuse timer=edit_commit_ns elapsed_ns=7098667
PERF edit_length_changing replace-grow-middle-2k-to-4k-on-1mib-ops-1 PASS reuse timer=edit_commit_ns elapsed_ns=5744083
PERF edit_length_changing replace-grow-middle-2k-to-4k-on-10mib-ops-1 PASS reuse timer=edit_commit_ns elapsed_ns=6462958
PERF edit_length_changing replace-grow-middle-2k-to-4k-on-100mib-ops-1 PASS reuse timer=edit_commit_ns elapsed_ns=6381708
PERF edit_length_changing replace-grow-middle-2k-to-4k-on-500mib-result-capped-v2-ops-1 PASS reuse timer=edit_commit_ns elapsed_ns=7921917
PERF edit_length_changing replace-shrink-middle-4k-to-2k-on-1mib-ops-1 PASS reuse timer=edit_commit_ns elapsed_ns=5880000
PERF edit_length_changing replace-shrink-middle-4k-to-2k-on-10mib-ops-1 PASS reuse timer=edit_commit_ns elapsed_ns=5769750
PERF edit_length_changing replace-shrink-middle-4k-to-2k-on-100mib-ops-1 PASS reuse timer=edit_commit_ns elapsed_ns=7007625
PERF edit_length_changing replace-shrink-middle-4k-to-2k-on-500mib-ops-1 PASS reuse timer=edit_commit_ns elapsed_ns=6996750
PERF edit_length_changing truncate-tail-4k-on-1mib-ops-1 PASS reuse timer=edit_commit_ns elapsed_ns=5293459
PERF edit_length_changing truncate-tail-4k-on-10mib-ops-1 PASS reuse timer=edit_commit_ns elapsed_ns=15641333
PERF edit_length_changing truncate-tail-4k-on-100mib-ops-1 PASS reuse timer=edit_commit_ns elapsed_ns=6527834
PERF edit_length_changing truncate-tail-4k-on-500mib-ops-1 PASS reuse timer=edit_commit_ns elapsed_ns=6895459
PERF edit_length_changing zero-extend-tail-4k-on-1mib-ops-1 PASS reuse timer=edit_commit_ns elapsed_ns=5633000
PERF edit_length_changing zero-extend-tail-4k-on-10mib-ops-1 PASS reuse timer=edit_commit_ns elapsed_ns=5637917
PERF edit_length_changing zero-extend-tail-4k-on-100mib-ops-1 PASS reuse timer=edit_commit_ns elapsed_ns=6403792
PERF edit_length_changing zero-extend-tail-4k-on-500mib-result-capped-v2-ops-1 PASS reuse timer=edit_commit_ns elapsed_ns=6663791
PERF edit_canonical_chunk_count overwrite-fixed-64k-chunk-count-preserve-on-1mib-ops-1 PASS reuse timer=edit_commit_ns elapsed_ns=6854625
PERF edit_canonical_chunk_count overwrite-fixed-64k-chunk-count-preserve-on-10mib-ops-1 PASS reuse timer=edit_commit_ns elapsed_ns=8506500
PERF edit_canonical_chunk_count overwrite-fixed-64k-chunk-count-preserve-on-100mib-ops-1 PASS reuse timer=edit_commit_ns elapsed_ns=7335375
PERF edit_canonical_chunk_count overwrite-fixed-64k-chunk-count-preserve-on-500mib-ops-1 PASS reuse timer=edit_commit_ns elapsed_ns=8269583
PERF edit_canonical_chunk_count overwrite-fixed-64k-chunk-count-increase-on-1mib-ops-1 PASS reuse timer=edit_commit_ns elapsed_ns=7852416
PERF edit_canonical_chunk_count overwrite-fixed-64k-chunk-count-increase-on-10mib-ops-1 PASS reuse timer=edit_commit_ns elapsed_ns=7515667
PERF edit_canonical_chunk_count overwrite-fixed-64k-chunk-count-increase-on-100mib-ops-1 PASS reuse timer=edit_commit_ns elapsed_ns=7869709
PERF edit_canonical_chunk_count overwrite-fixed-64k-chunk-count-increase-on-500mib-ops-1 PASS reuse timer=edit_commit_ns elapsed_ns=8466250
PERF edit_canonical_chunk_count overwrite-fixed-64k-chunk-count-decrease-on-1mib-ops-1 PASS reuse timer=edit_commit_ns elapsed_ns=7175375
PERF edit_canonical_chunk_count overwrite-fixed-64k-chunk-count-decrease-on-10mib-ops-1 PASS reuse timer=edit_commit_ns elapsed_ns=7013292
PERF edit_canonical_chunk_count overwrite-fixed-64k-chunk-count-decrease-on-100mib-ops-1 PASS reuse timer=edit_commit_ns elapsed_ns=7582042
PERF edit_canonical_chunk_count overwrite-fixed-64k-chunk-count-decrease-on-500mib-ops-1 PASS reuse timer=edit_commit_ns elapsed_ns=8095500
PERF init_namespace namespace-100-compact-v3 PASS reuse timer=layerstack_init_ns elapsed_ns=8901875
PERF init_namespace namespace-1000-compact-v3 PASS reuse timer=layerstack_init_ns elapsed_ns=38077083
PERF init_namespace namespace-10000 PASS reuse timer=layerstack_init_ns elapsed_ns=403467916
PERF init_namespace namespace-100000 PASS reuse timer=layerstack_init_ns elapsed_ns=2603162083
PERF store_footprint store-footprint-unique-100000 PASS reuse timer=product_call_sum_ns elapsed_ns=2982459252
PERF store_footprint store-footprint-metadata-cardinality-100000 PASS reuse timer=product_call_sum_ns elapsed_ns=4570429959
PERF store_footprint store-footprint-large-object-500m PASS reuse timer=product_call_sum_ns elapsed_ns=491905625
PERF store_footprint store-footprint-unique-100-low-v1 PASS reuse timer=product_call_sum_ns elapsed_ns=31947543
PERF store_footprint store-footprint-metadata-cardinality-100-low-v1 PASS reuse timer=product_call_sum_ns elapsed_ns=35869626
PERF store_footprint store-footprint-large-object-10m-low-v1 PASS reuse timer=product_call_sum_ns elapsed_ns=43893543
PERF tiny_file_churn tiny-create-1-compact-v2 PASS reuse timer=pure_call_sum_ns elapsed_ns=19053709
PERF tiny_file_churn tiny-create-10-compact-v2 PASS reuse timer=pure_call_sum_ns elapsed_ns=26711667
PERF tiny_file_churn tiny-create-100-mixed-v4 PASS reuse timer=pure_call_sum_ns elapsed_ns=53616291
PERF tiny_file_churn tiny-create-500-mixed-v4 PASS reuse timer=pure_call_sum_ns elapsed_ns=201739625
PERF tiny_file_churn tiny-stat-1-compact-v2 PASS reuse timer=pure_call_sum_ns elapsed_ns=15833917
PERF tiny_file_churn tiny-stat-10-compact-v2 PASS reuse timer=pure_call_sum_ns elapsed_ns=21194250
PERF tiny_file_churn tiny-stat-100-mixed-v4 PASS reuse timer=pure_call_sum_ns elapsed_ns=37810208
PERF tiny_file_churn tiny-stat-500-mixed-v4 PASS reuse timer=pure_call_sum_ns elapsed_ns=55349375
PERF tiny_file_churn tiny-unlink-1-compact-v2 PASS reuse timer=pure_call_sum_ns elapsed_ns=17634874
PERF tiny_file_churn tiny-unlink-10-compact-v2 PASS reuse timer=pure_call_sum_ns elapsed_ns=25205291
PERF tiny_file_churn tiny-unlink-100-mixed-v4 PASS reuse timer=pure_call_sum_ns elapsed_ns=50918082
PERF tiny_file_churn tiny-unlink-500-mixed-v4 PASS reuse timer=pure_call_sum_ns elapsed_ns=114278709
PERF tiny_file_churn tiny-bulk-create-1-compact-v2 PASS reuse timer=pure_call_sum_ns elapsed_ns=96728291
PERF tiny_file_churn tiny-bulk-create-10-compact-v2 PASS reuse timer=pure_call_sum_ns elapsed_ns=295897791
PERF tiny_file_churn tiny-bulk-create-100-mixed-v3 PASS reuse timer=pure_call_sum_ns elapsed_ns=989887791
PERF tiny_file_churn tiny-bulk-create-500-mixed-v3 PASS reuse timer=pure_call_sum_ns elapsed_ns=5054054042
PERF tiny_file_churn tiny-bulk-delete-1-compact-v2 PASS reuse timer=pure_call_sum_ns elapsed_ns=93346584
PERF tiny_file_churn tiny-bulk-delete-10-compact-v2 PASS reuse timer=pure_call_sum_ns elapsed_ns=168254959
PERF tiny_file_churn tiny-bulk-delete-100-mixed-v3 PASS reuse timer=pure_call_sum_ns elapsed_ns=259278875
PERF tiny_file_churn tiny-bulk-delete-500-mixed-v3 PASS reuse timer=pure_call_sum_ns elapsed_ns=933000457
PERF namespace_mutation namespace-subtree-relocate-delete-1-compact-v2 PASS reuse timer=pure_call_sum_ns elapsed_ns=21310793
PERF namespace_mutation namespace-subtree-relocate-delete-10-compact-v2 PASS reuse timer=pure_call_sum_ns elapsed_ns=59144541
PERF namespace_mutation namespace-subtree-relocate-delete-100-mixed-v4 PASS reuse timer=pure_call_sum_ns elapsed_ns=51018082
PERF namespace_mutation namespace-subtree-relocate-delete-500-mixed-v4 PASS reuse timer=pure_call_sum_ns elapsed_ns=182893833
PERF directory_construction_traversal directory-construct-1-compact-v2 PASS reuse timer=pure_call_sum_ns elapsed_ns=17022374
PERF directory_construction_traversal directory-construct-10-compact-v2 PASS reuse timer=pure_call_sum_ns elapsed_ns=39346916
PERF directory_construction_traversal directory-construct-100-mixed-v4 PASS reuse timer=pure_call_sum_ns elapsed_ns=216059959
PERF directory_construction_traversal directory-construct-500-mixed-v4 PASS reuse timer=pure_call_sum_ns elapsed_ns=1030580667
PERF directory_construction_traversal directory-metadata-scan-1-compact-v2 PASS reuse timer=pure_call_sum_ns elapsed_ns=70526833
PERF directory_construction_traversal directory-metadata-scan-10-compact-v2 PASS reuse timer=pure_call_sum_ns elapsed_ns=100738749
PERF directory_construction_traversal directory-metadata-scan-100-mixed-v4 PASS reuse timer=pure_call_sum_ns elapsed_ns=244238709
PERF directory_construction_traversal directory-metadata-scan-500-mixed-v4 PASS reuse timer=pure_call_sum_ns elapsed_ns=504932250
PERF directory_construction_traversal directory-content-scan-1-compact-v2 PASS reuse timer=pure_call_sum_ns elapsed_ns=84759585
PERF directory_construction_traversal directory-content-scan-10-compact-v2 PASS reuse timer=pure_call_sum_ns elapsed_ns=308870416
PERF directory_construction_traversal directory-content-scan-100-mixed-v4 PASS reuse timer=pure_call_sum_ns elapsed_ns=1105140625
PERF directory_construction_traversal directory-content-scan-500-mixed-v4 PASS reuse timer=pure_call_sum_ns elapsed_ns=3906595000
PERF workspace_change_locality workspace-clean-commit-1-compact-v2 PASS reuse timer=pure_call_sum_ns elapsed_ns=11315960
PERF workspace_change_locality workspace-clean-commit-10-compact-v2 PASS reuse timer=pure_call_sum_ns elapsed_ns=10872708
PERF workspace_change_locality workspace-clean-commit-100-mixed-v4 PASS reuse timer=pure_call_sum_ns elapsed_ns=11559208
PERF workspace_change_locality workspace-clean-commit-500-mixed-v4 PASS reuse timer=pure_call_sum_ns elapsed_ns=11866166
PERF workspace_change_locality workspace-fixed-move-1-compact-v2 PASS reuse timer=pure_call_sum_ns elapsed_ns=19708292
PERF workspace_change_locality workspace-fixed-move-10-compact-v2 PASS reuse timer=pure_call_sum_ns elapsed_ns=21320084
PERF workspace_change_locality workspace-fixed-move-100-mixed-v4 PASS reuse timer=pure_call_sum_ns elapsed_ns=28352083
PERF workspace_change_locality workspace-fixed-move-500-mixed-v4 PASS reuse timer=pure_call_sum_ns elapsed_ns=27589207
PERF workspace_change_locality workspace-distributed-sdk-edit-1-compact-v2 PASS reuse timer=pure_call_sum_ns elapsed_ns=16937333
PERF workspace_change_locality workspace-distributed-sdk-edit-10-compact-v2 PASS reuse timer=pure_call_sum_ns elapsed_ns=39179873
PERF workspace_change_locality workspace-distributed-sdk-edit-100-mixed-v4 PASS reuse timer=pure_call_sum_ns elapsed_ns=336399086
PERF workspace_change_locality workspace-distributed-sdk-edit-500-mixed-v4 PASS reuse timer=pure_call_sum_ns elapsed_ns=2849182039
PERF workspace_change_locality workspace-dense-rewrite-1-compact-v2 PASS reuse timer=pure_call_sum_ns elapsed_ns=84118125
PERF workspace_change_locality workspace-dense-rewrite-10-compact-v2 PASS reuse timer=pure_call_sum_ns elapsed_ns=316616500
PERF workspace_change_locality workspace-dense-rewrite-100-mixed-v4 PASS reuse timer=pure_call_sum_ns elapsed_ns=1497618208
PERF workspace_change_locality workspace-dense-rewrite-500-mixed-v4 PASS reuse timer=pure_call_sum_ns elapsed_ns=5688591958
PERF dedup_branch_history dedup-history-distributed-1 PASS reuse timer=pure_call_sum_ns elapsed_ns=22163084
PERF dedup_branch_history dedup-history-distributed-10 PASS ran timer=pure_call_sum_ns elapsed_ns=82265877
PERF dedup_branch_history dedup-history-distributed-100 PASS reuse timer=pure_call_sum_ns elapsed_ns=586404579
PERF dedup_branch_history dedup-history-distributed-500 PASS reuse timer=pure_call_sum_ns elapsed_ns=2925218405
PERF dedup_branch_history dedup-history-hotset-1 PASS reuse timer=pure_call_sum_ns elapsed_ns=23580083
PERF dedup_branch_history dedup-history-hotset-10 PASS reuse timer=pure_call_sum_ns elapsed_ns=118461251
PERF dedup_branch_history dedup-history-hotset-100 PASS reuse timer=pure_call_sum_ns elapsed_ns=799500410
PERF dedup_branch_history dedup-history-hotset-500 PASS reuse timer=pure_call_sum_ns elapsed_ns=3683754881
PERF dedup_branch_history dedup-history-recurring-1 PASS reuse timer=pure_call_sum_ns elapsed_ns=21456208
PERF dedup_branch_history dedup-history-recurring-10 PASS reuse timer=pure_call_sum_ns elapsed_ns=62918081
PERF dedup_branch_history dedup-history-recurring-100 PASS reuse timer=pure_call_sum_ns elapsed_ns=462840955
PERF dedup_branch_history dedup-history-recurring-500 PASS reuse timer=pure_call_sum_ns elapsed_ns=2145416191
PERF dedup_branch_history dedup-history-metadata-1 PASS reuse timer=pure_call_sum_ns elapsed_ns=20652541
PERF dedup_branch_history dedup-history-metadata-10 PASS reuse timer=pure_call_sum_ns elapsed_ns=76473917
PERF dedup_branch_history dedup-history-metadata-100 PASS reuse timer=pure_call_sum_ns elapsed_ns=649605248
PERF dedup_branch_history dedup-history-metadata-500 PASS reuse timer=pure_call_sum_ns elapsed_ns=3231966647
PERF dedup_branch_history dedup-history-unrelated-1 PASS reuse timer=pure_call_sum_ns elapsed_ns=880163541
PERF dedup_branch_history dedup-history-unrelated-10 PASS reuse timer=pure_call_sum_ns elapsed_ns=9543474916
PERF dedup_branch_history dedup-history-unrelated-100-mixed-v2 PASS reuse timer=pure_call_sum_ns elapsed_ns=3549609120
PERF dedup_branch_history dedup-history-unrelated-500-mixed-v2 PASS reuse timer=pure_call_sum_ns elapsed_ns=18163888871
PERF git_tool_workflow git-tool-1-compact-v2 PASS reuse timer=pure_call_sum_ns elapsed_ns=318657624
PERF git_tool_workflow git-tool-10-compact-v2 PASS reuse timer=pure_call_sum_ns elapsed_ns=611383084
PERF git_tool_workflow git-tool-100-mixed-v4 PASS reuse timer=pure_call_sum_ns elapsed_ns=1879182458
PERF git_tool_workflow git-tool-500-mixed-v4 PASS reuse timer=pure_call_sum_ns elapsed_ns=4689306499
PERF mixed_load_bearing agent-episodes-1-compact-v2 PASS reuse timer=pure_call_sum_ns elapsed_ns=26241042
PERF mixed_load_bearing agent-episodes-10-compact-v2 PASS reuse timer=pure_call_sum_ns elapsed_ns=89910918
PERF mixed_load_bearing agent-episodes-100 PASS reuse timer=pure_call_sum_ns elapsed_ns=908411042
PERF mixed_load_bearing agent-episodes-500 PASS ran timer=pure_call_sum_ns elapsed_ns=7535400625
PROOF payload_create_read payload-create-1m-compact-v2 PASS wall=1.6539817498996854
PROOF payload_create_read payload-create-10m-compact-v2 PASS wall=1.8620274169370532
PROOF payload_create_read payload-create-100m PASS wall=3.2236744998954237
PROOF payload_create_read payload-create-500m PASS wall=9.37614162499085
PROOF payload_create_read payload-random-read-1-compact-v2 PASS wall=1.8159785000607371
PROOF payload_create_read payload-random-read-10-compact-v2 PASS wall=2.0634160828776658
PROOF payload_create_read payload-random-read-100 PASS wall=14.759463042020798
PROOF payload_create_read payload-random-read-500 PASS wall=8.67045862507075
PROOF dedup_workspace_reuse dedup-workspace-exact-1-compact-v2 PASS wall=2.724054167047143
PROOF dedup_workspace_reuse dedup-workspace-exact-10-compact-v2 PASS wall=2.1237384169362485
PROOF dedup_workspace_reuse dedup-workspace-exact-100 PASS wall=7.579232375137508
PROOF dedup_workspace_reuse dedup-workspace-exact-500 PASS wall=14.479497166816145
PROOF dedup_workspace_reuse dedup-workspace-local-1-compact-v2 PASS wall=1.6782422503456473
PROOF dedup_workspace_reuse dedup-workspace-local-10-compact-v2 PASS wall=2.011282874736935
PROOF dedup_workspace_reuse dedup-workspace-local-100 PASS wall=5.887250042054802
PROOF dedup_workspace_reuse dedup-workspace-local-500 PASS wall=14.32428654236719
PROOF dedup_workspace_reuse dedup-workspace-unique-1-compact-v2 PASS wall=1.613851415924728
PROOF dedup_workspace_reuse dedup-workspace-unique-10-compact-v2 PASS wall=1.9447309169918299
PROOF dedup_workspace_reuse dedup-workspace-unique-100 PASS wall=5.869120125193149
PROOF dedup_workspace_reuse dedup-workspace-unique-500 PASS wall=14.501097959000617
PROOF dedup_workspace_reuse dedup-workspace-unique-1-base128-v3 PASS wall=3.9754031249321997
PROOF dedup_workspace_reuse dedup-workspace-unique-10-base128-v3 PASS wall=3.9360759588889778
PROOF dedup_cross_file dedup-cross-file-anchor-1 PASS wall=1.5741568747907877
PROOF dedup_cross_file dedup-cross-file-unique-10 PASS wall=1.842995208222419
PROOF dedup_cross_file dedup-cross-file-unique-100 PASS wall=3.9533258751034737
PROOF dedup_cross_file dedup-cross-file-unique-500 PASS wall=13.830102666746825
PROOF dedup_cross_file dedup-cross-file-identical-10 PASS wall=1.8481676252558827
PROOF dedup_cross_file dedup-cross-file-identical-100 PASS wall=3.2244128747843206
PROOF dedup_cross_file dedup-cross-file-identical-500 PASS wall=9.846022041980177
PROOF dedup_cross_file dedup-cross-file-mixed-10 PASS wall=1.80004091700539
PROOF dedup_cross_file dedup-cross-file-mixed-100 PASS wall=3.9346542921848595
PROOF dedup_cross_file dedup-cross-file-mixed-500 PASS wall=13.190160249825567
PROOF dedup_cdc_locality dedup-cdc-overwrite-1 PASS wall=1.9819096252322197
PROOF dedup_cdc_locality dedup-cdc-overwrite-10 PASS wall=2.1752002499997616
PROOF dedup_cdc_locality dedup-cdc-overwrite-100 PASS wall=4.911127625033259
PROOF dedup_cdc_locality dedup-cdc-overwrite-500 PASS wall=17.282971000298858
PROOF dedup_cdc_locality dedup-cdc-insert-1 PASS wall=1.7598338327370584
PROOF dedup_cdc_locality dedup-cdc-insert-10 PASS wall=1.9468696247786283
PROOF dedup_cdc_locality dedup-cdc-insert-100 PASS wall=4.800869207829237
PROOF dedup_cdc_locality dedup-cdc-insert-500 PASS wall=17.712656499817967
PROOF dedup_cdc_locality dedup-cdc-delete-1 PASS wall=1.688861166127026
PROOF dedup_cdc_locality dedup-cdc-delete-10 PASS wall=2.125135541893542
PROOF dedup_cdc_locality dedup-cdc-delete-100 PASS wall=5.0871890829876065
PROOF dedup_cdc_locality dedup-cdc-delete-500 PASS wall=18.953364375047386
PROOF dedup_cdc_locality dedup-cdc-common-body-1 PASS wall=1.6940456670708954
PROOF dedup_cdc_locality dedup-cdc-common-body-10 PASS wall=1.937447499949485
PROOF dedup_cdc_locality dedup-cdc-common-body-100 PASS wall=4.916059957817197
PROOF dedup_cdc_locality dedup-cdc-common-body-500 PASS wall=17.835566584020853
PROOF dedup_cdc_locality dedup-cdc-scattered-1 PASS wall=1.7866018330678344
PROOF dedup_cdc_locality dedup-cdc-scattered-10 PASS wall=2.0293574589304626
PROOF dedup_cdc_locality dedup-cdc-scattered-100 PASS wall=5.280157791916281
PROOF dedup_cdc_locality dedup-cdc-scattered-500 PASS wall=19.78213316621259
PROOF dedup_cdc_locality dedup-cdc-boundaries-proof PASS wall=1.5558000826276839
PROOF edit_length_preserving overwrite-head-4k-on-1mib-ops-1 PASS wall=1.6758324168622494
PROOF edit_length_preserving overwrite-head-4k-on-10mib-ops-1 PASS wall=1.806603708770126
PROOF edit_length_preserving overwrite-head-4k-on-100mib-ops-1 PASS wall=3.4806615421548486
PROOF edit_length_preserving overwrite-head-4k-on-500mib-ops-1 PASS wall=9.603615750093013
PROOF edit_length_preserving overwrite-middle-4k-on-1mib-ops-1 PASS wall=1.4778892081230879
PROOF edit_length_preserving overwrite-middle-4k-on-10mib-ops-1 PASS wall=1.5320452922023833
PROOF edit_length_preserving overwrite-middle-4k-on-100mib-ops-1 PASS wall=2.007769125048071
PROOF edit_length_preserving overwrite-middle-4k-on-500mib-ops-1 PASS wall=3.9829144589602947
PROOF edit_length_preserving overwrite-tail-4k-on-1mib-ops-1 PASS wall=1.4037380828522146
PROOF edit_length_preserving overwrite-tail-4k-on-10mib-ops-1 PASS wall=1.5606894590891898
PROOF edit_length_preserving overwrite-tail-4k-on-100mib-ops-1 PASS wall=2.0594924581237137
PROOF edit_length_preserving overwrite-tail-4k-on-500mib-ops-1 PASS wall=4.006983415689319
PROOF edit_length_changing insert-middle-4k-on-1mib-ops-1 PASS wall=1.4684656662866473
PROOF edit_length_changing insert-middle-4k-on-10mib-ops-1 PASS wall=1.5293943332508206
PROOF edit_length_changing insert-middle-4k-on-100mib-ops-1 FAIL wall=2.262553875334561
PROOF edit_length_changing insert-middle-4k-on-500mib-result-capped-v2-ops-1 FAIL wall=10.536507667042315
PROOF edit_length_changing delete-middle-4k-on-1mib-ops-1 PASS wall=1.6441784999333322
PROOF edit_length_changing delete-middle-4k-on-10mib-ops-1 PASS wall=1.5444501251913607
PROOF edit_length_changing delete-middle-4k-on-100mib-ops-1 FAIL wall=2.2126762089319527
PROOF edit_length_changing delete-middle-4k-on-500mib-ops-1 FAIL wall=4.642459166701883
PROOF edit_length_changing append-tail-4k-on-1mib-ops-1 PASS wall=1.5143176247365773
PROOF edit_length_changing append-tail-4k-on-10mib-ops-1 PASS wall=1.5279328334145248
PROOF edit_length_changing append-tail-4k-on-100mib-ops-1 PASS wall=1.9952185000292957
PROOF edit_length_changing append-tail-4k-on-500mib-result-capped-v2-ops-1 PASS wall=3.949056665878743
PROOF edit_length_changing prepend-head-4k-on-1mib-ops-1 PASS wall=1.3797004157677293
PROOF edit_length_changing prepend-head-4k-on-10mib-ops-1 PASS wall=1.5241508330218494
PROOF edit_length_changing prepend-head-4k-on-100mib-ops-1 FAIL wall=2.238464290741831
PROOF edit_length_changing prepend-head-4k-on-500mib-result-capped-v2-ops-1 FAIL wall=5.86963262502104
PROOF edit_length_changing replace-grow-middle-2k-to-4k-on-1mib-ops-1 PASS wall=1.4703529169782996
PROOF edit_length_changing replace-grow-middle-2k-to-4k-on-10mib-ops-1 PASS wall=1.6187628749758005
PROOF edit_length_changing replace-grow-middle-2k-to-4k-on-100mib-ops-1 FAIL wall=2.0973070422187448
PROOF edit_length_changing replace-grow-middle-2k-to-4k-on-500mib-result-capped-v2-ops-1 FAIL wall=10.340337166097015
PROOF edit_length_changing replace-shrink-middle-4k-to-2k-on-1mib-ops-1 PASS wall=1.5818959581665695
PROOF edit_length_changing replace-shrink-middle-4k-to-2k-on-10mib-ops-1 PASS wall=1.5427474160678685
PROOF edit_length_changing replace-shrink-middle-4k-to-2k-on-100mib-ops-1 FAIL wall=2.1169093339703977
PROOF edit_length_changing replace-shrink-middle-4k-to-2k-on-500mib-ops-1 FAIL wall=4.683509916998446
PROOF edit_length_changing truncate-tail-4k-on-1mib-ops-1 PASS wall=1.4905230421572924
PROOF edit_length_changing truncate-tail-4k-on-10mib-ops-1 PASS wall=1.5505864159204066
PROOF edit_length_changing truncate-tail-4k-on-100mib-ops-1 PASS wall=1.9708136250264943
PROOF edit_length_changing truncate-tail-4k-on-500mib-ops-1 PASS wall=4.047313749790192
PROOF edit_length_changing zero-extend-tail-4k-on-1mib-ops-1 PASS wall=1.6528921662829816
PROOF edit_length_changing zero-extend-tail-4k-on-10mib-ops-1 PASS wall=1.5276024588383734
PROOF edit_length_changing zero-extend-tail-4k-on-100mib-ops-1 PASS wall=1.9540046253241599
PROOF edit_length_changing zero-extend-tail-4k-on-500mib-result-capped-v2-ops-1 PASS wall=4.132391459308565
PROOF edit_canonical_chunk_count overwrite-fixed-64k-chunk-count-preserve-on-1mib-ops-1 PASS wall=1.5166972917504609
PROOF edit_canonical_chunk_count overwrite-fixed-64k-chunk-count-preserve-on-10mib-ops-1 PASS wall=1.6225334997288883
PROOF edit_canonical_chunk_count overwrite-fixed-64k-chunk-count-preserve-on-100mib-ops-1 PASS wall=2.115619999822229
PROOF edit_canonical_chunk_count overwrite-fixed-64k-chunk-count-preserve-on-500mib-ops-1 PASS wall=4.046540374867618
PROOF edit_canonical_chunk_count overwrite-fixed-64k-chunk-count-increase-on-1mib-ops-1 PASS wall=1.5318717919290066
PROOF edit_canonical_chunk_count overwrite-fixed-64k-chunk-count-increase-on-10mib-ops-1 PASS wall=1.500632124952972
PROOF edit_canonical_chunk_count overwrite-fixed-64k-chunk-count-increase-on-100mib-ops-1 PASS wall=2.032271916978061
PROOF edit_canonical_chunk_count overwrite-fixed-64k-chunk-count-increase-on-500mib-ops-1 PASS wall=4.124849542044103
PROOF edit_canonical_chunk_count overwrite-fixed-64k-chunk-count-decrease-on-1mib-ops-1 PASS wall=1.531759625300765
PROOF edit_canonical_chunk_count overwrite-fixed-64k-chunk-count-decrease-on-10mib-ops-1 PASS wall=1.623772291932255
PROOF edit_canonical_chunk_count overwrite-fixed-64k-chunk-count-decrease-on-100mib-ops-1 PASS wall=1.9917418747209013
PROOF edit_canonical_chunk_count overwrite-fixed-64k-chunk-count-decrease-on-500mib-ops-1 PASS wall=3.7765939156524837
PROOF init_namespace namespace-100-compact-v3 PASS wall=1.6314908331260085
PROOF init_namespace namespace-1000-compact-v3 PASS wall=1.965520250145346
PROOF init_namespace namespace-10000 PASS wall=6.707328666001558
PROOF init_namespace namespace-100000 PASS wall=35.46769508300349
PROOF store_footprint store-footprint-unique-100000 PASS wall=32.86010116711259
PROOF store_footprint store-footprint-metadata-cardinality-100000 PASS wall=38.551538666244596
PROOF store_footprint store-footprint-large-object-500m PASS wall=5.6987985000014305
PROOF store_footprint store-footprint-unique-100-low-v1 PASS wall=2.0881247082725167
PROOF store_footprint store-footprint-metadata-cardinality-100-low-v1 PASS wall=2.1498197079636157
PROOF store_footprint store-footprint-large-object-10m-low-v1 PASS wall=2.1416437081061304
PROOF tiny_file_churn tiny-create-1-compact-v2 PASS wall=2.9295104583725333
PROOF tiny_file_churn tiny-create-10-compact-v2 PASS wall=10.674214290920645
PROOF tiny_file_churn tiny-create-100-mixed-v4 PASS wall=13.17870608298108
PROOF tiny_file_churn tiny-create-500-mixed-v4 PASS wall=23.838351749815047
PROOF tiny_file_churn tiny-stat-1-compact-v2 PASS wall=1.6641851249150932
PROOF tiny_file_churn tiny-stat-10-compact-v2 PASS wall=1.8630032921209931
PROOF tiny_file_churn tiny-stat-100-mixed-v4 PASS wall=4.687502583023161
PROOF tiny_file_churn tiny-stat-500-mixed-v4 PASS wall=15.140078791882843
PROOF tiny_file_churn tiny-unlink-1-compact-v2 PASS wall=1.5801415829919279
PROOF tiny_file_churn tiny-unlink-10-compact-v2 PASS wall=1.5121114579960704
PROOF tiny_file_churn tiny-unlink-100-mixed-v4 PASS wall=2.215617834124714
PROOF tiny_file_churn tiny-unlink-500-mixed-v4 PASS wall=4.306972874794155
PROOF tiny_file_churn tiny-bulk-create-1-compact-v2 PASS wall=1.857313958927989
PROOF tiny_file_churn tiny-bulk-create-10-compact-v2 PASS wall=1.859029124956578
PROOF tiny_file_churn tiny-bulk-create-100-mixed-v3 PASS wall=3.2811177908442914
PROOF tiny_file_churn tiny-bulk-create-500-mixed-v3 PASS wall=9.008737375028431
PROOF tiny_file_churn tiny-bulk-delete-1-compact-v2 PASS wall=1.7963929162360728
PROOF tiny_file_churn tiny-bulk-delete-10-compact-v2 PASS wall=2.326850458048284
PROOF tiny_file_churn tiny-bulk-delete-100-mixed-v3 PASS wall=4.3907437501475215
PROOF tiny_file_churn tiny-bulk-delete-500-mixed-v3 PASS wall=19.176117249764502
PROOF namespace_mutation namespace-subtree-relocate-delete-1-compact-v2 PASS wall=1.934355332981795
PROOF namespace_mutation namespace-subtree-relocate-delete-10-compact-v2 PASS wall=1.9511259589344263
PROOF namespace_mutation namespace-subtree-relocate-delete-100-mixed-v4 PASS wall=4.428649625275284
PROOF namespace_mutation namespace-subtree-relocate-delete-500-mixed-v4 PASS wall=15.900314709171653
PROOF directory_construction_traversal directory-construct-1-compact-v2 PASS wall=1.8342067091725767
PROOF directory_construction_traversal directory-construct-10-compact-v2 PASS wall=2.4709582081995904
PROOF directory_construction_traversal directory-construct-100-mixed-v4 PASS wall=4.403138792142272
PROOF directory_construction_traversal directory-construct-500-mixed-v4 PASS wall=16.01527929212898
PROOF directory_construction_traversal directory-metadata-scan-1-compact-v2 PASS wall=1.9332237499766052
PROOF directory_construction_traversal directory-metadata-scan-10-compact-v2 PASS wall=2.5388052500784397
PROOF directory_construction_traversal directory-metadata-scan-100-mixed-v4 PASS wall=4.6578890001401305
PROOF directory_construction_traversal directory-metadata-scan-500-mixed-v4 PASS wall=15.367040832992643
PROOF directory_construction_traversal directory-content-scan-1-compact-v2 PASS wall=1.8085595830343664
PROOF directory_construction_traversal directory-content-scan-10-compact-v2 PASS wall=2.3349620001390576
PROOF directory_construction_traversal directory-content-scan-100-mixed-v4 PASS wall=3.204433625098318
PROOF directory_construction_traversal directory-content-scan-500-mixed-v4 PASS wall=8.218886875081807
PROOF workspace_change_locality workspace-clean-commit-1-compact-v2 PASS wall=1.6036402923054993
PROOF workspace_change_locality workspace-clean-commit-10-compact-v2 PASS wall=2.133901999797672
PROOF workspace_change_locality workspace-clean-commit-100-mixed-v4 PASS wall=1.983244125265628
PROOF workspace_change_locality workspace-clean-commit-500-mixed-v4 PASS wall=4.171032125130296
PROOF workspace_change_locality workspace-fixed-move-1-compact-v2 PASS wall=1.7485374580137432
PROOF workspace_change_locality workspace-fixed-move-10-compact-v2 PASS wall=1.989767957944423
PROOF workspace_change_locality workspace-fixed-move-100-mixed-v4 PASS wall=2.1229467089287937
PROOF workspace_change_locality workspace-fixed-move-500-mixed-v4 PASS wall=4.110525917261839
PROOF workspace_change_locality workspace-distributed-sdk-edit-1-compact-v2 PASS wall=1.6775912921875715
PROOF workspace_change_locality workspace-distributed-sdk-edit-10-compact-v2 PASS wall=2.05084816692397
PROOF workspace_change_locality workspace-distributed-sdk-edit-100-mixed-v4 PASS wall=2.5024316660128534
PROOF workspace_change_locality workspace-distributed-sdk-edit-500-mixed-v4 PASS wall=7.130985875148326
PROOF workspace_change_locality workspace-dense-rewrite-1-compact-v2 PASS wall=1.7524517909623682
PROOF workspace_change_locality workspace-dense-rewrite-10-compact-v2 PASS wall=2.570778665598482
PROOF workspace_change_locality workspace-dense-rewrite-100-mixed-v4 PASS wall=3.8838729159906507
PROOF workspace_change_locality workspace-dense-rewrite-500-mixed-v4 PASS wall=10.18545279186219
PROOF dedup_branch_history dedup-history-distributed-1 PASS wall=2.1922978330403566
PROOF dedup_branch_history dedup-history-distributed-10 PASS wall=4.5789663339965045
PROOF dedup_branch_history dedup-history-distributed-100 PASS wall=4.233630375005305
PROOF dedup_branch_history dedup-history-distributed-500 PASS wall=8.538804166950285
PROOF dedup_branch_history dedup-history-hotset-1 PASS wall=2.239450457971543
PROOF dedup_branch_history dedup-history-hotset-10 PASS wall=4.571824874728918
PROOF dedup_branch_history dedup-history-hotset-100 PASS wall=4.604663415811956
PROOF dedup_branch_history dedup-history-hotset-500 PASS wall=8.688416291959584
PROOF dedup_branch_history dedup-history-recurring-1 PASS wall=2.060230457689613
PROOF dedup_branch_history dedup-history-recurring-10 PASS wall=4.071059083100408
PROOF dedup_branch_history dedup-history-recurring-100 PASS wall=3.892683541867882
PROOF dedup_branch_history dedup-history-recurring-500 PASS wall=7.011576457880437
PROOF dedup_branch_history dedup-history-metadata-1 PASS wall=1.9984951252117753
PROOF dedup_branch_history dedup-history-metadata-10 PASS wall=4.163718957919627
PROOF dedup_branch_history dedup-history-metadata-100 PASS wall=3.8464217078872025
PROOF dedup_branch_history dedup-history-metadata-500 PASS wall=6.678333332762122
PROOF dedup_branch_history dedup-history-unrelated-1 PASS wall=2.9486843328922987
PROOF dedup_branch_history dedup-history-unrelated-10 PASS wall=12.83805275009945
PROOF dedup_branch_history dedup-history-unrelated-100-mixed-v2 PASS wall=5.244219375308603
PROOF dedup_branch_history dedup-history-unrelated-500-mixed-v2 PASS wall=20.745782082900405
PROOF git_tool_workflow git-tool-1-compact-v2 PASS wall=5.03639341564849
PROOF git_tool_workflow git-tool-10-compact-v2 PASS wall=6.69657937483862
PROOF git_tool_workflow git-tool-100-mixed-v4 PASS wall=20.080943084321916
PROOF git_tool_workflow git-tool-500-mixed-v4 PASS wall=36.49917087517679
PROOF mixed_load_bearing agent-episodes-1-compact-v2 PASS wall=2.0044421670027077
PROOF mixed_load_bearing agent-episodes-10-compact-v2 PASS wall=2.7333738333545625
PROOF mixed_load_bearing agent-episodes-100 PASS wall=18.099349500145763
PROOF mixed_load_bearing agent-episodes-500 PASS wall=19.736787791829556
PROOF workspace_reliability workspace-invalid-sdk-edit-compact-v2-proof PASS wall=2.3052737498655915
PROOF workspace_reliability workspace-invalid-namespace-compact-v2-proof PASS wall=2.0225165407173336
PROOF workspace_reliability workspace-lease-lifecycle-compact-v2-proof PASS wall=2.088033334352076
PROOF workspace_reliability workspace-open-writer-busy-compact-v2-proof PASS wall=2.4069364997558296
PROOF workspace_reliability workspace-live-execution-busy-compact-v2-proof PASS wall=2.4131747079081833
PROOF workspace_reliability workspace-candidate-failure-retry-compact-v2-proof PASS wall=1.9956189999356866
PROOF workspace_reliability workspace-admission-batch-failure-retry-compact-v2-proof PASS wall=3.186245792079717
PROOF workspace_reliability workspace-final-publication-failure-retry-compact-v2-proof PASS wall=3.505597583949566
PROOF workspace_reliability workspace-published-presentation-failure-smoke-v3-proof PASS wall=2.0126582919619977
PROOF workspace_reliability workspace-dirty-end-discard-compact-v2-proof PASS wall=2.1298947501927614
PROOF workspace_reliability workspace-dirty-net-zero-compact-v2-proof PASS wall=2.1398541247472167
PROOF workspace_reliability workspace-short-spool-write-compact-v2-proof PASS wall=2.1939758746884763
PROOF workspace_reliability workspace-deferred-nospace-compact-v2-proof PASS wall=2.1209224998019636
PROOF workspace_reliability workspace-workload-cancel-compact-v2-proof PASS wall=2.2967236251570284
PROOF workspace_reliability workspace-dirty-runtime-disconnect-compact-v2-proof PASS wall=2.2926473328843713
PROOF workspace_reliability workspace-corrupt-descendant-compact-v2-proof PASS wall=1.7986803753301501
PROOF workspace_reliability workspace-missing-descendant-compact-v2-proof PASS wall=1.9173369999043643
PROOF workspace_reliability workspace-parallel-read-write-compact-v2-proof PASS wall=2.124951582867652
PROOF workspace_reliability workspace-shared-path-contention-compact-v2-proof PASS wall=1.964518416672945
PROOF workspace_reliability workspace-hardlink-alias-compact-v2-proof PASS wall=1.90862483298406
PROOF workspace_reliability workspace-symlink-semantics-compact-v2-proof PASS wall=1.8959957496263087
PROOF workspace_reliability workspace-open-rename-unlink-compact-v2-proof PASS wall=1.863768707960844
PROOF workspace_reliability workspace-metadata-chmod-compact-v2-proof PASS wall=2.0118467081338167
PROOF workspace_reliability workspace-metadata-mtime-compact-v2-proof PASS wall=2.010027375072241
PROOF workspace_reliability workspace-metadata-xattr-compact-v2-proof PASS wall=1.8560614581219852
PROOF workspace_reliability workspace-exec-500-compact-v2-proof PASS wall=9.041402082890272
PROOF workspace_reliability workspace-repeat-publication-compact-v2-proof PASS wall=2.0348000419326127
PROOF workspace_reliability workspace-sustained-600s-compact-v2-proof INCOMPLETE wall=None
{"issue": [74, 75], "mismatches": [], "performance_cases": 198, "performance_outcomes": {"PASS": 198}, "proof_definitions": 29, "verification_outcomes": {"FAIL": 10, "INCOMPLETE": 1, "PASS": 216}}
