append-tail-4k-on-100mib-ops-1 PASS 3.996913750190288
append-tail-4k-on-10mib-ops-1 PASS 1.6821543746627867
append-tail-4k-on-1mib-ops-1 PASS 1.6403474160470068
append-tail-4k-on-500mib-result-capped-v2-ops-1 PASS 4.3029424590058625
delete-middle-4k-on-100mib-ops-1 PASS 2.1923956251703203
delete-middle-4k-on-10mib-ops-1 PASS 1.78876195801422
delete-middle-4k-on-1mib-ops-1 PASS 1.6392752500250936
delete-middle-4k-on-500mib-ops-1 PASS 4.111687624827027
insert-middle-4k-on-100mib-ops-1 PASS 2.1841747919097543
insert-middle-4k-on-10mib-ops-1 PASS 1.7209854167886078
insert-middle-4k-on-1mib-ops-1 PASS 1.6506410418078303
insert-middle-4k-on-500mib-result-capped-v2-ops-1 PASS 3.872016207780689
overwrite-fixed-64k-chunk-count-decrease-on-100mib-ops-1 PASS 2.0354702919721603
overwrite-fixed-64k-chunk-count-decrease-on-10mib-ops-1 PASS 1.6785530410706997
overwrite-fixed-64k-chunk-count-decrease-on-1mib-ops-1 PASS 1.5881308750249445
overwrite-fixed-64k-chunk-count-decrease-on-500mib-ops-1 PASS 3.8346948330290616
overwrite-fixed-64k-chunk-count-increase-on-100mib-ops-1 PASS 1.9965403745882213
overwrite-fixed-64k-chunk-count-increase-on-10mib-ops-1 PASS 1.4690240840427577
overwrite-fixed-64k-chunk-count-increase-on-1mib-ops-1 PASS 1.7067101253196597
overwrite-fixed-64k-chunk-count-increase-on-500mib-ops-1 PASS 4.096127917058766
overwrite-fixed-64k-chunk-count-preserve-on-100mib-ops-1 PASS 2.093342542182654
overwrite-fixed-64k-chunk-count-preserve-on-10mib-ops-1 PASS 1.5512231667526066
overwrite-fixed-64k-chunk-count-preserve-on-1mib-ops-1 PASS 1.4050975409336388
overwrite-fixed-64k-chunk-count-preserve-on-500mib-ops-1 PASS 4.3598984172567725
overwrite-head-4k-on-100mib-ops-1 PASS 2.1902561662718654
overwrite-head-4k-on-10mib-ops-1 PASS 1.680199374910444
overwrite-head-4k-on-1mib-ops-1 PASS 1.4951769169420004
overwrite-head-4k-on-500mib-ops-1 PASS 4.238654165994376
overwrite-middle-4k-on-100mib-ops-1 PASS 2.168165291659534
overwrite-middle-4k-on-10mib-ops-1 PASS 1.578351958654821
overwrite-middle-4k-on-1mib-ops-1 PASS 1.535062207840383
overwrite-middle-4k-on-500mib-ops-1 PASS 4.10351675003767
overwrite-tail-4k-on-100mib-ops-1 PASS 2.036649541929364
overwrite-tail-4k-on-10mib-ops-1 PASS 1.533842083066702
overwrite-tail-4k-on-1mib-ops-1 PASS 1.5903436252847314
overwrite-tail-4k-on-500mib-ops-1 PASS 4.209581875242293
prepend-head-4k-on-100mib-ops-1 PASS 2.157613833900541
prepend-head-4k-on-10mib-ops-1 PASS 1.55305983312428
prepend-head-4k-on-1mib-ops-1 PASS 1.5953289582394063
prepend-head-4k-on-500mib-result-capped-v2-ops-1 PASS 4.06599170807749
replace-grow-middle-2k-to-4k-on-100mib-ops-1 PASS 1.9542380827479064
replace-grow-middle-2k-to-4k-on-10mib-ops-1 PASS 1.6228076671250165
replace-grow-middle-2k-to-4k-on-1mib-ops-1 PASS 1.5150385410524905
replace-grow-middle-2k-to-4k-on-500mib-result-capped-v2-ops-1 PASS 4.2571374997496605
replace-shrink-middle-4k-to-2k-on-100mib-ops-1 PASS 2.1501615419983864
replace-shrink-middle-4k-to-2k-on-10mib-ops-1 PASS 1.5852388748899102
replace-shrink-middle-4k-to-2k-on-1mib-ops-1 PASS 1.532934042159468
replace-shrink-middle-4k-to-2k-on-500mib-ops-1 PASS 4.232938332948834
truncate-tail-4k-on-100mib-ops-1 PASS 2.0714745419099927
truncate-tail-4k-on-10mib-ops-1 PASS 1.5727360830642283
truncate-tail-4k-on-1mib-ops-1 PASS 1.637574166059494
truncate-tail-4k-on-500mib-ops-1 PASS 4.20727475034073
zero-extend-tail-4k-on-100mib-ops-1 PASS 2.04764166707173
zero-extend-tail-4k-on-10mib-ops-1 PASS 1.5494124577380717
zero-extend-tail-4k-on-1mib-ops-1 PASS 1.436217624694109
zero-extend-tail-4k-on-500mib-result-capped-v2-ops-1 PASS 4.4089916669763625
