{
  "family": "edit_length_changing",
  "case": "insert-middle-4k-on-100mib-ops-1",
  "seed": 1,
  "returncode": 1,
  "wall_seconds": 1.9526166669093072,
  "stdout_tail": "",
  "stderr_tail": "",
  "status": "INCOMPLETE",
  "receipt": "benchmark-results/host-store/campaigns/checkpoint-74-75/sdk-resource-diagnostic/verification/edit_length_changing/insert-middle-4k-on-100mib-ops-1/verification.json",
  "receipt_sha256": "17b3c36ec75a2ccc3f06b4c8a39e88cb58ae0b80436e345d90d0de6ae1c32f08",
  "error": "ValueError: selected input identity does not match recipe",
  "cleanup": {
    "required": true,
    "status": "INCOMPLETE"
  },
  "omissions": [
    "no exhaustive Phase 1 replay"
  ]
}
