{
  "family": "edit_length_changing",
  "case": "insert-middle-4k-on-100mib-ops-1",
  "seed": 1,
  "returncode": 1,
  "wall_seconds": 4.352796541992575,
  "stdout_tail": "",
  "stderr_tail": "",
  "status": "FAIL",
  "receipt": "benchmark-results/host-store/campaigns/checkpoint-74-75/sdk-resource-diagnostic-r2/verification/edit_length_changing/insert-middle-4k-on-100mib-ops-1/verification.json",
  "receipt_sha256": "377abbd833848180f86fcb31b3df6c793ff9e645f27b9e7cfc38fc5d6b9cf96d",
  "error": "fs-benchmark-pro failed: exit 1\nSDK edit resource diagnostics: candidate=CandidateStats { candidate_objects: 10, candidate_bytes: 22386, inserted_objects: 10, inserted_bytes: 22386, reused_objects: 0, reused_bytes: 0, batch_inserted_objects: 10, batch_inserted_bytes: 22386, final_inserted_objects: 0, final_inserted_bytes: 0, preexisting_reused_objects: 0, preexisting_reused_bytes: 0, admission_transactions: 2, max_transaction_objects: 7, max_transaction_bytes: 21995 } cgroup=CgroupResourceSample { memory_current_baseline: 2985984, memory_current_peak: 67854336, memory_current_final: 47976448, memory_incremental_peak: 64868352, memory_lifetime_peak_baseline: 5398528, memory_lifetime_peak_final: 100147200, swap_baseline: 0, swap_peak: 0, swap_final: 0, oom_baseline: 0, oom_final: 0, oom_delta: 0, oom_kill_baseline: 0, oom_kill_final: 0, oom_kill_delta: 0, dirty_writeback_baseline: 4096, dirty_writeback_peak: 4096, dirty_writeback_incremental_peak: 0, sample_interval_ns: 6708, sample_count: 16384, first_sample_ns: 1236793, last_sample_ns: 212159835, maximum_sample_gap_ns: 106669209, started_ns: 1236793, finished_ns: 212159835, sampler_thread_count: 2, interior_sample_ns: 105490626, stat_baseline: [774144, 4096, 0, 4096, 0, 1257472, 650744, 16384], stat_peak: [45608960, 27230208, 0, 4096, 0, 1331200, 762664, 1011712], stat_final: [45608960, 204800, 0, 4096, 0, 1318912, 762664, 0], t0_boundary_sampled: true, t3_boundary_sampled: true, interior_sampled: true, sample_overflow: true } kernel_write_requests=0 fuse_payload=0 spool_write_bytes=0\nfs-benchmark-pro: SDK edit verifier gate: semantic=true canonical=true route=true resource=false cgroup_boundaries=(true,true,true) gap=106669209 finish_requested=2622840717523375 lifetime_rss=55607296\nfs-benchmark-pro: selected SDK operation failed\n",
  "cleanup": {
    "status": "PASS",
    "wall_ns": 429836750
  },
  "omissions": [
    "no exhaustive Phase 1 replay"
  ]
}
