overwrite-head-4k-on-1mib-ops-1 PASS 4.893288208171725
overwrite-head-4k-on-10mib-ops-1 PASS 2.007636707741767
overwrite-head-4k-on-100mib-ops-1 PASS 2.074364125262946
overwrite-head-4k-on-500mib-ops-1 PASS 10.349498459137976
overwrite-middle-4k-on-1mib-ops-1 PASS 1.4846038329415023
overwrite-middle-4k-on-10mib-ops-1 PASS 1.4658998753875494
overwrite-middle-4k-on-100mib-ops-1 PASS 1.9178994167596102
overwrite-middle-4k-on-500mib-ops-1 PASS 3.9773077918216586
overwrite-tail-4k-on-1mib-ops-1 PASS 1.6904152501374483
overwrite-tail-4k-on-10mib-ops-1 PASS 1.5769604998640716
overwrite-tail-4k-on-100mib-ops-1 PASS 2.0943664158694446
overwrite-tail-4k-on-500mib-ops-1 PASS 4.1155280829407275
insert-middle-4k-on-1mib-ops-1 PASS 1.645815750118345
insert-middle-4k-on-10mib-ops-1 PASS 1.629339958075434
insert-middle-4k-on-100mib-ops-1 PASS 2.126746834255755
insert-middle-4k-on-500mib-result-capped-v2-ops-1 PASS 10.1168696670793
delete-middle-4k-on-1mib-ops-1 PASS 1.6300312080420554
delete-middle-4k-on-10mib-ops-1 PASS 1.6265036249533296
delete-middle-4k-on-100mib-ops-1 PASS 2.165766208432615
delete-middle-4k-on-500mib-ops-1 PASS 3.7909686248749495
append-tail-4k-on-1mib-ops-1 PASS 1.598674583248794
append-tail-4k-on-10mib-ops-1 PASS 1.5596828749403358
append-tail-4k-on-100mib-ops-1 PASS 2.0242148749530315
append-tail-4k-on-500mib-result-capped-v2-ops-1 PASS 3.907536083832383
prepend-head-4k-on-1mib-ops-1 PASS 1.6000570417381823
prepend-head-4k-on-10mib-ops-1 PASS 1.475805874913931
prepend-head-4k-on-100mib-ops-1 PASS 2.0379828750155866
prepend-head-4k-on-500mib-result-capped-v2-ops-1 PASS 3.723122708965093
replace-grow-middle-2k-to-4k-on-1mib-ops-1 PASS 1.4701372082345188
replace-grow-middle-2k-to-4k-on-10mib-ops-1 PASS 1.5025674169883132
replace-grow-middle-2k-to-4k-on-100mib-ops-1 PASS 2.0294438749551773
replace-grow-middle-2k-to-4k-on-500mib-result-capped-v2-ops-1 PASS 9.569232542067766
replace-shrink-middle-4k-to-2k-on-1mib-ops-1 PASS 1.4633545419201255
replace-shrink-middle-4k-to-2k-on-10mib-ops-1 PASS 1.7834462500177324
replace-shrink-middle-4k-to-2k-on-100mib-ops-1 PASS 2.0271498328074813
replace-shrink-middle-4k-to-2k-on-500mib-ops-1 PASS 4.094620666000992
truncate-tail-4k-on-1mib-ops-1 PASS 1.5802297913469374
truncate-tail-4k-on-10mib-ops-1 PASS 1.5486287497915328
truncate-tail-4k-on-100mib-ops-1 PASS 2.1211761250160635
truncate-tail-4k-on-500mib-ops-1 PASS 4.183337207883596
zero-extend-tail-4k-on-1mib-ops-1 PASS 1.429268625099212
zero-extend-tail-4k-on-10mib-ops-1 PASS 1.6796865002252162
zero-extend-tail-4k-on-100mib-ops-1 PASS 2.3117653341032565
zero-extend-tail-4k-on-500mib-result-capped-v2-ops-1 PASS 4.307895042002201
overwrite-fixed-64k-chunk-count-preserve-on-1mib-ops-1 PASS 1.693148166872561
overwrite-fixed-64k-chunk-count-preserve-on-10mib-ops-1 PASS 1.6394168329425156
overwrite-fixed-64k-chunk-count-preserve-on-100mib-ops-1 PASS 2.086416333913803
overwrite-fixed-64k-chunk-count-preserve-on-500mib-ops-1 PASS 4.169705667067319
overwrite-fixed-64k-chunk-count-increase-on-1mib-ops-1 PASS 1.4702880419790745
overwrite-fixed-64k-chunk-count-increase-on-10mib-ops-1 PASS 1.5128514170646667
overwrite-fixed-64k-chunk-count-increase-on-100mib-ops-1 PASS 2.0101697077043355
overwrite-fixed-64k-chunk-count-increase-on-500mib-ops-1 PASS 3.829485333058983
overwrite-fixed-64k-chunk-count-decrease-on-1mib-ops-1 PASS 1.5791225829161704
overwrite-fixed-64k-chunk-count-decrease-on-10mib-ops-1 PASS 1.7167114582844079
overwrite-fixed-64k-chunk-count-decrease-on-100mib-ops-1 PASS 2.053627416025847
overwrite-fixed-64k-chunk-count-decrease-on-500mib-ops-1 PASS 4.162201290950179
