    Checking layerfs-layerstack-store v0.1.3 (/Users/yifanxu/Ephemeral-AI-Lab/layerfs-issue90-storage-adoption/crates/layerfs-layerstack-store)
    Checking layerfs-workspace v0.1.3 (/Users/yifanxu/Ephemeral-AI-Lab/layerfs-issue90-storage-adoption/crates/layerfs-workspace)
    Checking layerfs-monitor v0.1.3 (/Users/yifanxu/Ephemeral-AI-Lab/layerfs-issue90-storage-adoption/crates/layerfs-monitor)
    Checking layerfs-sdk v0.1.3 (/Users/yifanxu/Ephemeral-AI-Lab/layerfs-issue90-storage-adoption/crates/layerfs-sdk)
    Checking layerfs-cli v0.1.3 (/Users/yifanxu/Ephemeral-AI-Lab/layerfs-issue90-storage-adoption/crates/layerfs-cli)
    Checking fs-benchmark-pro v0.1.3 (/Users/yifanxu/Ephemeral-AI-Lab/layerfs-issue90-storage-adoption/benchmark/fs-bench-pro)
    Checking layerfs-eval v0.1.3 (/Users/yifanxu/Ephemeral-AI-Lab/layerfs-issue90-storage-adoption/tools/layerfs-eval)
error: this expression creates a reference which is immediately dereferenced by the compiler
   --> benchmark/fs-bench-pro/src/storage_smoke.rs:689:24
    |
689 |     let output = timed(&store, "exec", || execute(client, id, argv))?;
    |                        ^^^^^^ help: change this to: `store`
    |
    = help: for further information visit https://rust-lang.github.io/rust-clippy/rust-1.96.0/index.html#needless_borrow
    = note: `-D clippy::needless-borrow` implied by `-D warnings`
    = help: to override `-D warnings` add `#[allow(clippy::needless_borrow)]`

error: this expression creates a reference which is immediately dereferenced by the compiler
   --> benchmark/fs-bench-pro/src/storage_smoke.rs:717:24
    |
717 |     let status = timed(&store, "commit", || {
    |                        ^^^^^^ help: change this to: `store`
    |
    = help: for further information visit https://rust-lang.github.io/rust-clippy/rust-1.96.0/index.html#needless_borrow

error: could not compile `fs-benchmark-pro` (bin "fs-benchmark-pro") due to 2 previous errors
