   Compiling layerfs-layerstack-store v0.1.3 (/Users/yifanxu/Ephemeral-AI-Lab/layerfs-issue91/crates/layerfs-layerstack-store)
error[E0277]: the trait bound `u64: FromSql` is not satisfied
    --> crates/layerfs-layerstack-store/src/objects.rs:4368:31
     |
4368 |                     .get::<_, u64>(0))
     |                      ---      ^^^ the trait `FromSql` is not implemented for `u64`
     |                      |
     |                      required by a bound introduced by this call
     |
     = help: the following other types implement trait `FromSql`:
               f32
               f64
               i16
               i32
               i64
               i8
               isize
               u16
             and 2 others
note: required by a bound in `rusqlite::Row::<'_>::get`
    --> /Users/yifanxu/.cargo/registry/src/index.crates.io-1949cf8c6b5b557f/rusqlite-0.40.2/src/row.rs:285:32
     |
285  |     pub fn get<I: RowIndex, T: FromSql>(&self, idx: I) -> Result<T> {
     |                                ^^^^^^^ required by this bound in `Row::<'_>::get`

error[E0277]: the trait bound `u64: FromSql` is not satisfied
    --> crates/layerfs-layerstack-store/src/objects.rs:5632:39
     |
5632 | ...                   .get::<_, u64>(0))
     |                        ---      ^^^ the trait `FromSql` is not implemented for `u64`
     |                        |
     |                        required by a bound introduced by this call
     |
     = help: the following other types implement trait `FromSql`:
               f32
               f64
               i16
               i32
               i64
               i8
               isize
               u16
             and 2 others
note: required by a bound in `rusqlite::Row::<'_>::get`
    --> /Users/yifanxu/.cargo/registry/src/index.crates.io-1949cf8c6b5b557f/rusqlite-0.40.2/src/row.rs:285:32
     |
285  |     pub fn get<I: RowIndex, T: FromSql>(&self, idx: I) -> Result<T> {
     |                                ^^^^^^^ required by this bound in `Row::<'_>::get`

error[E0277]: the trait bound `u64: FromSql` is not satisfied
    --> crates/layerfs-layerstack-store/src/objects.rs:5639:39
     |
5639 | ...                   .get::<_, u64>(0))
     |                        ---      ^^^ the trait `FromSql` is not implemented for `u64`
     |                        |
     |                        required by a bound introduced by this call
     |
     = help: the following other types implement trait `FromSql`:
               f32
               f64
               i16
               i32
               i64
               i8
               isize
               u16
             and 2 others
note: required by a bound in `rusqlite::Row::<'_>::get`
    --> /Users/yifanxu/.cargo/registry/src/index.crates.io-1949cf8c6b5b557f/rusqlite-0.40.2/src/row.rs:285:32
     |
285  |     pub fn get<I: RowIndex, T: FromSql>(&self, idx: I) -> Result<T> {
     |                                ^^^^^^^ required by this bound in `Row::<'_>::get`

error[E0277]: the trait bound `u64: FromSql` is not satisfied
    --> crates/layerfs-layerstack-store/src/objects.rs:5665:39
     |
5665 | ...                   .get::<_, u64>(0))
     |                        ---      ^^^ the trait `FromSql` is not implemented for `u64`
     |                        |
     |                        required by a bound introduced by this call
     |
     = help: the following other types implement trait `FromSql`:
               f32
               f64
               i16
               i32
               i64
               i8
               isize
               u16
             and 2 others
note: required by a bound in `rusqlite::Row::<'_>::get`
    --> /Users/yifanxu/.cargo/registry/src/index.crates.io-1949cf8c6b5b557f/rusqlite-0.40.2/src/row.rs:285:32
     |
285  |     pub fn get<I: RowIndex, T: FromSql>(&self, idx: I) -> Result<T> {
     |                                ^^^^^^^ required by this bound in `Row::<'_>::get`

error[E0277]: the trait bound `u64: FromSql` is not satisfied
    --> crates/layerfs-layerstack-store/src/objects.rs:5768:39
     |
5768 | ...                   .get::<_, u64>(0))
     |                        ---      ^^^ the trait `FromSql` is not implemented for `u64`
     |                        |
     |                        required by a bound introduced by this call
     |
     = help: the following other types implement trait `FromSql`:
               f32
               f64
               i16
               i32
               i64
               i8
               isize
               u16
             and 2 others
note: required by a bound in `rusqlite::Row::<'_>::get`
    --> /Users/yifanxu/.cargo/registry/src/index.crates.io-1949cf8c6b5b557f/rusqlite-0.40.2/src/row.rs:285:32
     |
285  |     pub fn get<I: RowIndex, T: FromSql>(&self, idx: I) -> Result<T> {
     |                                ^^^^^^^ required by this bound in `Row::<'_>::get`

error[E0277]: the trait bound `u64: FromSql` is not satisfied
    --> crates/layerfs-layerstack-store/src/objects.rs:5775:39
     |
5775 | ...                   .get::<_, u64>(0))
     |                        ---      ^^^ the trait `FromSql` is not implemented for `u64`
     |                        |
     |                        required by a bound introduced by this call
     |
     = help: the following other types implement trait `FromSql`:
               f32
               f64
               i16
               i32
               i64
               i8
               isize
               u16
             and 2 others
note: required by a bound in `rusqlite::Row::<'_>::get`
    --> /Users/yifanxu/.cargo/registry/src/index.crates.io-1949cf8c6b5b557f/rusqlite-0.40.2/src/row.rs:285:32
     |
285  |     pub fn get<I: RowIndex, T: FromSql>(&self, idx: I) -> Result<T> {
     |                                ^^^^^^^ required by this bound in `Row::<'_>::get`

error[E0277]: the trait bound `u64: FromSql` is not satisfied
    --> crates/layerfs-layerstack-store/src/objects.rs:5782:39
     |
5782 | ...                   .get::<_, u64>(0))
     |                        ---      ^^^ the trait `FromSql` is not implemented for `u64`
     |                        |
     |                        required by a bound introduced by this call
     |
     = help: the following other types implement trait `FromSql`:
               f32
               f64
               i16
               i32
               i64
               i8
               isize
               u16
             and 2 others
note: required by a bound in `rusqlite::Row::<'_>::get`
    --> /Users/yifanxu/.cargo/registry/src/index.crates.io-1949cf8c6b5b557f/rusqlite-0.40.2/src/row.rs:285:32
     |
285  |     pub fn get<I: RowIndex, T: FromSql>(&self, idx: I) -> Result<T> {
     |                                ^^^^^^^ required by this bound in `Row::<'_>::get`

error[E0277]: the trait bound `u64: FromSql` is not satisfied
    --> crates/layerfs-layerstack-store/src/objects.rs:5789:39
     |
5789 | ...                   .get::<_, u64>(0))
     |                        ---      ^^^ the trait `FromSql` is not implemented for `u64`
     |                        |
     |                        required by a bound introduced by this call
     |
     = help: the following other types implement trait `FromSql`:
               f32
               f64
               i16
               i32
               i64
               i8
               isize
               u16
             and 2 others
note: required by a bound in `rusqlite::Row::<'_>::get`
    --> /Users/yifanxu/.cargo/registry/src/index.crates.io-1949cf8c6b5b557f/rusqlite-0.40.2/src/row.rs:285:32
     |
285  |     pub fn get<I: RowIndex, T: FromSql>(&self, idx: I) -> Result<T> {
     |                                ^^^^^^^ required by this bound in `Row::<'_>::get`

warning: unused import: `crate::ids::TypedId`
    --> crates/layerfs-layerstack-store/src/objects.rs:5676:13
     |
5676 |         use crate::ids::TypedId;
     |             ^^^^^^^^^^^^^^^^^^^
     |
     = note: `#[warn(unused_imports)]` on by default

For more information about this error, try `rustc --explain E0277`.
warning: `layerfs-layerstack-store` (lib test) generated 1 warning
error: could not compile `layerfs-layerstack-store` (lib test) due to 8 previous errors; 1 warning emitted
warning: build failed, waiting for other jobs to finish...
