   Compiling layerfs-layerstack-store v0.1.3 (/Users/yifanxu/Ephemeral-AI-Lab/layerfs-issue90-storage-adoption/crates/layerfs-layerstack-store)
    Finished `test` profile [unoptimized + debuginfo] target(s) in 1.99s
     Running unittests src/lib.rs (target/debug/deps/layerfs_layerstack_store-b5aa77f28d74615d)

running 89 tests
test ids::tests::ids_remain_typed_uuidv7_and_v2_domain_separated ... ok
test layerstack::ingestion_tests::directory_and_fallback_import_encode_only_regular_payloads_and_reopen ... ok
test layerstack::tests::append_only_zero_get_path_matches_every_canonical_object_class ... ok
test layerstack::tests::batched_directory_import_matches_legacy_canonical_root ... ok
test layerstack::tests::batched_directory_import_retains_only_final_structure ... ok
test layerstack::tests::benchmark_initialization_seed_is_exact_lower_hex ... ok
test layerstack::tests::compact_inode_cross_task_hard_link_falls_back_before_admission ... ok
test layerstack::tests::compact_inode_mutable_records_are_bounded_by_one_task ... ok
test layerstack::tests::compact_inode_path_matches_canonical_roots_at_every_directory_tier ... ok
test layerstack::tests::composite_initialization_builds_the_final_root_without_worker_payload_reads ... ok
test layerstack::tests::empty_composite_admission_uses_no_object_point_selects ... FAILED
test layerstack::tests::late_direct_initialization_failure_publishes_nothing ... ok
test layerstack::tests::mixed_root_files_and_directories_use_direct_canonical_path ... ok
test layerstack::tests::mixed_root_hard_link_falls_back_before_publication ... ok
test layerstack::tests::mixed_root_split_directory_preserves_inode_preorder ... ok
test layerstack::tests::multi_batch_publication_failure_removes_admitted_objects ... ok
test layerstack::tests::native_metadata_cache_is_exact_canonical_and_bounded ... ok
test layerstack::tests::nested_frontier_isolates_large_files_and_keeps_unexpanded_subtrees_at_limits ... ok
test layerstack::tests::nested_frontier_keeps_abundant_root_tasks_without_scanning_descendants ... ok
test layerstack::tests::nested_frontier_splices_empty_ancestors_before_out_of_order_task_results ... ok
test layerstack::tests::nested_frontier_with_only_empty_directories_needs_no_worker_tasks ... ok
test layerstack::tests::nested_mixed_root_streams_structure_without_restarting_import ... ok
test layerstack::tests::over_task_block_limit_falls_back_before_admission_and_reuses_store ... ok
test layerstack::tests::parallel_large_spill_matches_legacy_after_fresh_store_reopen ... ignored, large spill correctness gate
test layerstack::tests::parallel_root_import_and_cross_directory_hard_link_match_legacy ... ok
test layerstack::tests::single_large_directory_splits_bounded_tasks_with_exact_canonical_output ... ok
test objects::admission::native_tests::failed_admission_reclaims_private_packs_and_preserves_waiting_owners_and_bases ... ok
test objects::admission::native_tests::failed_cleanup_quarantines_writes_and_keeps_preexisting_reads ... ok
test objects::admission::native_tests::native_admission_actual_prior_depth_first_hint_and_readback ... ok
test objects::admission::native_tests::native_admission_late_races_compare_canonical_full_and_prefix ... ok
test objects::admission::native_tests::native_admission_peak_reservations_reject_unowned_buffers ... ok
test objects::diagnostic::tests::actual_file_source_and_metadata_rope_have_distinct_diagnostic_provenance ... ok
test objects::diagnostic::tests::duplicate_credit_and_sticky_gauges_are_not_additive_targets ... ok
test objects::diagnostic::tests::late_race_retains_whole_partial_pack_and_invalidates_unique_cohort ... error: test failed, to rerun pass `-p layerfs-layerstack-store --lib`

Caused by:
  process didn't exit successfully: `/Users/yifanxu/Ephemeral-AI-Lab/layerfs-issue90-storage-adoption/target/debug/deps/layerfs_layerstack_store-b5aa77f28d74615d --test-threads=1` (signal: 15, SIGTERM: termination signal)
